Archive member included because of file (symbol)

contiki-sky.a(er-coap.o)      obj_sky/res-b1-sep-b2.o (coap_serialize_message)
contiki-sky.a(er-coap-engine.)
                              obj_sky/res-chunks.o (coap_rest_implementation)
contiki-sky.a(er-coap-transac)
                              contiki-sky.a(er-coap-engine.) (coap_register_as_transaction_handler)
contiki-sky.a(er-coap-observe)
                              contiki-sky.a(er-coap-transac) (coap_remove_observer_by_client)
contiki-sky.a(er-coap-separat)
                              obj_sky/res-separate.o (coap_separate_reject)
contiki-sky.a(er-coap-res-wel)
                              contiki-sky.a(er-coap-engine.) (res_well_known_core)
contiki-sky.a(er-cocoa.o)     contiki-sky.a(er-coap-transac) (countTransactionsForAddress)
contiki-sky.a(rest-engine.o)  er-example-server.co (rest_init_engine)
contiki-sky.a(contiki-sky-pla)
                              obj_sky/contiki-sky-main.o (init_platform)
contiki-sky.a(sht11-sensor.o)
                              obj_sky/res-sht11.o (sht11_sensor)
contiki-sky.a(light-sensor.o)
                              obj_sky/res-light.o (light_sensor)
contiki-sky.a(battery-sensor.)
                              obj_sky/res-battery.o (battery_sensor)
contiki-sky.a(button-sensor.o)
                              contiki-sky.a(contiki-sky-pla) (button_sensor)
contiki-sky.a(radio-sensor.o)
                              obj_sky/res-radio.o (radio_sensor)
contiki-sky.a(ds2411.o)       obj_sky/contiki-sky-main.o (ds2411_init)
contiki-sky.a(xmem.o)         obj_sky/contiki-sky-main.o (xmem_init)
contiki-sky.a(node-id.o)      obj_sky/contiki-sky-main.o (node_id_restore)
contiki-sky.a(sensors.o)      contiki-sky.a(button-sensor.o) (sensors_changed)
contiki-sky.a(cc2420.o)       contiki-sky.a(radio-sensor.o) (cc2420_last_rssi)
contiki-sky.a(cc2420-arch.o)  contiki-sky.a(cc2420.o) (cc2420_arch_init)
contiki-sky.a(sky-sensors.o)  contiki-sky.a(light-sensor.o) (sky_sensors_status)
contiki-sky.a(uart1.o)        obj_sky/contiki-sky-main.o (uart1_active)
contiki-sky.a(uart1-putchar.o)
                              obj_sky/res-b1-sep-b2.o (putchar)
contiki-sky.a(msp430.o)       contiki-sky.a(uart1.o) (msp430_add_lpm_req)
contiki-sky.a(clock.o)        contiki-sky.a(er-coap-transac) (clock_time)
contiki-sky.a(leds.o)         obj_sky/contiki-sky-main.o (leds_init)
contiki-sky.a(leds-arch.o)    contiki-sky.a(leds.o) (leds_arch_init)
contiki-sky.a(watchdog.o)     obj_sky/contiki-sky-main.o (watchdog_start)
contiki-sky.a(rtimer-arch.o)  obj_sky/contiki-sky-main.o (rtimer_arch_now)
contiki-sky.a(autostart.o)    obj_sky/contiki-sky-main.o (autostart_start)
contiki-sky.a(energest.o)     obj_sky/contiki-sky-main.o (energest_init)
contiki-sky.a(ctimer.o)       obj_sky/contiki-sky-main.o (ctimer_init)
contiki-sky.a(etimer.o)       contiki-sky.a(clock.o) (etimer_request_poll)
contiki-sky.a(process.o)      contiki-sky.a(er-coap-engine.) (process_current)
contiki-sky.a(rtimer.o)       obj_sky/contiki-sky-main.o (rtimer_init)
contiki-sky.a(timer.o)        obj_sky/contiki-sky-main.o (timer_set)
contiki-sky.a(list.o)         contiki-sky.a(rest-engine.o) (list_init)
contiki-sky.a(memb.o)         contiki-sky.a(er-coap-transac) (memb_alloc)
contiki-sky.a(random.o)       obj_sky/contiki-sky-main.o (random_init)
contiki-sky.a(uip-ds6.o)      obj_sky/contiki-sky-main.o (uip_ds6_get_link_local)
contiki-sky.a(uip-ds6-route.o)
                              contiki-sky.a(uip-ds6.o) (uip_ds6_route_init)
contiki-sky.a(uip6.o)         contiki-sky.a(er-coap-engine.) (uip_aligned_buf)
contiki-sky.a(uip-ds6-nbr.o)  contiki-sky.a(uip-ds6.o) (uip_ds6_neighbors_init)
contiki-sky.a(uip-nd6.o)      contiki-sky.a(uip6.o) (uip_nd6_init)
contiki-sky.a(sicslowpan.o)   obj_sky/contiki-sky-main.o (sicslowpan_driver)
contiki-sky.a(uip-debug.o)    contiki-sky.a(uip-ds6-route.o) (uip_debug_ipaddr_print)
contiki-sky.a(uip-udp-packet.)
                              contiki-sky.a(er-coap.o) (uip_udp_packet_send)
contiki-sky.a(tcpip.o)        contiki-sky.a(sicslowpan.o) (tcpip_set_outputfunc)
contiki-sky.a(rpl-dag.o)      contiki-sky.a(tcpip.o) (rpl_repair_root)
contiki-sky.a(rpl-timers.o)   contiki-sky.a(rpl-dag.o) (rpl_reset_dio_timer)
contiki-sky.a(rpl-ext-header.)
                              contiki-sky.a(uip6.o) (rpl_verify_header)
contiki-sky.a(rpl.o)          contiki-sky.a(rpl-timers.o) (rpl_get_mode)
contiki-sky.a(rpl-mrhof.o)    contiki-sky.a(rpl-dag.o) (rpl_mrhof)
contiki-sky.a(nullmac.o)      obj_sky/contiki-sky-main.o (nullmac_driver)
contiki-sky.a(framer-802154.o)
                              contiki-sky.a(sicslowpan.o) (framer_802154)
contiki-sky.a(frame802154.o)  contiki-sky.a(framer-802154.o) (frame802154_hdrlen)
contiki-sky.a(framer.o)       contiki-sky.a(framer-802154.o) (framer_canonical_create_and_secure)
contiki-sky.a(nullrdc.o)      obj_sky/contiki-sky-main.o (nullrdc_driver)
contiki-sky.a(queuebuf.o)     obj_sky/contiki-sky-main.o (queuebuf_init)
[...]
Memory Configuration

Name             Origin             Length             Attributes
sfr              0x0000000000000000 0x0000000000000010
peripheral_8bit  0x0000000000000010 0x00000000000000f0
peripheral_16bit 0x0000000000000100 0x0000000000000100
ram_mirror       0x0000000000000200 0x0000000000000800 xw
infomem          0x0000000000001000 0x0000000000000100
infob            0x0000000000001000 0x0000000000000080
infoa            0x0000000000001080 0x0000000000000080
ram              0x0000000000001100 0x0000000000002800 xw
rom              0x0000000000004000 0x000000000000bfe0 xr
vectors          0x000000000000ffe0 0x0000000000000020
bsl              0x0000000000000000 0x0000000000000000
infoc            0x0000000000000000 0x0000000000000000
infod            0x0000000000000000 0x0000000000000000
ram2             0x0000000000000000 0x0000000000000000 xw
usbram           0x0000000000000000 0x0000000000000000 xw
far_rom          0x0000000000000000 0x0000000000000000
*default*        0x0000000000000000 0xffffffffffffffff

Linker script and memory map

LOAD /usr/lib/gcc/msp430/4.6.3/mmpy-16/crt0ivtbl16.o
LOAD /usr/lib/gcc/msp430/4.6.3/../../../../msp430/lib/mmpy-16/libm.a
LOAD er-example-server.co
LOAD obj_sky/res-toggle.o
LOAD obj_sky/res-chunks.o
LOAD obj_sky/res-b1-sep-b2.o
LOAD obj_sky/res-push.o
LOAD obj_sky/res-hello.o
LOAD obj_sky/res-event.o
LOAD obj_sky/res-light.o
LOAD obj_sky/res-mirror.o
LOAD obj_sky/res-sub.o
LOAD obj_sky/res-battery.o
LOAD obj_sky/res-separate.o
LOAD obj_sky/res-radio.o
LOAD obj_sky/res-sht11.o
LOAD obj_sky/res-leds.o
LOAD obj_sky/contiki-sky-main.o
LOAD contiki-sky.a
LOAD /usr/lib/gcc/msp430/4.6.3/../../../../msp430/lib/mmpy-16/libm.a
LOAD /usr/lib/gcc/msp430/4.6.3/../../../../msp430/lib/mmpy-16/libm.a
LOAD /usr/lib/gcc/msp430/4.6.3/../../../../msp430/lib/mmpy-16/libm.a
LOAD /usr/lib/gcc/msp430/4.6.3/mmpy-16/libgcc.a
LOAD /usr/lib/gcc/msp430/4.6.3/../../../../msp430/lib/mmpy-16/libc.a
LOAD /usr/lib/gcc/msp430/4.6.3/mmpy-16/libgcc.a
LOAD /usr/lib/gcc/msp430/4.6.3/mmpy-16/libcrt0.a
                0x0000000000000080                PROVIDE (__info_segment_size, 0x80)
                0x0000000000001000                PROVIDE (__infob, 0x1000)
                0x0000000000001080                PROVIDE (__infoa, 0x1080)
                0x0000000000000000                __IE1 = 0x0
                0x0000000000000002                __IFG1 = 0x2
                0x0000000000000004                __ME1 = 0x4
                0x0000000000000001                __IE2 = 0x1
                0x0000000000000003                __IFG2 = 0x3
                0x0000000000000005                __ME2 = 0x5
                0x0000000000000120                __WDTCTL = 0x120
                0x0000000000000130                __MPY = 0x130
                0x0000000000000132                __MPYS = 0x132
                0x0000000000000134                __MAC = 0x134
                0x0000000000000136                __MACS = 0x136
                0x0000000000000138                __OP2 = 0x138
                0x000000000000013a                __RESLO = 0x13a
                0x000000000000013c                __RESHI = 0x13c
                0x000000000000013e                __SUMEXT = 0x13e
                0x0000000000000020                __P1IN = 0x20
                0x0000000000000021                __P1OUT = 0x21
                0x0000000000000022                __P1DIR = 0x22
                0x0000000000000023                __P1IFG = 0x23
                0x0000000000000024                __P1IES = 0x24
                0x0000000000000025                __P1IE = 0x25
                0x0000000000000026                __P1SEL = 0x26
                0x0000000000000028                __P2IN = 0x28
                0x0000000000000029                __P2OUT = 0x29
                0x000000000000002a                __P2DIR = 0x2a
                0x000000000000002b                __P2IFG = 0x2b
                0x000000000000002c                __P2IES = 0x2c
                0x000000000000002d                __P2IE = 0x2d
                0x000000000000002e                __P2SEL = 0x2e
                0x0000000000000018                __P3IN = 0x18
                0x0000000000000019                __P3OUT = 0x19
                0x000000000000001a                __P3DIR = 0x1a
                0x000000000000001b                __P3SEL = 0x1b
                0x000000000000001c                __P4IN = 0x1c
                0x000000000000001d                __P4OUT = 0x1d
                0x000000000000001e                __P4DIR = 0x1e
                0x000000000000001f                __P4SEL = 0x1f
                0x0000000000000030                __P5IN = 0x30
                0x0000000000000031                __P5OUT = 0x31
                0x0000000000000032                __P5DIR = 0x32
                0x0000000000000033                __P5SEL = 0x33
                0x0000000000000034                __P6IN = 0x34
                0x0000000000000035                __P6OUT = 0x35
                0x0000000000000036                __P6DIR = 0x36
                0x0000000000000037                __P6SEL = 0x37
                0x0000000000000070                __U0CTL = 0x70
                0x0000000000000071                __U0TCTL = 0x71
                0x0000000000000072                __U0RCTL = 0x72
                0x0000000000000073                __U0MCTL = 0x73
                0x0000000000000074                __U0BR0 = 0x74
                0x0000000000000075                __U0BR1 = 0x75
                0x0000000000000076                __U0RXBUF = 0x76
                0x0000000000000077                __U0TXBUF = 0x77
                0x0000000000000078                __U1CTL = 0x78
                0x0000000000000079                __U1TCTL = 0x79
                0x000000000000007a                __U1RCTL = 0x7a
                0x000000000000007b                __U1MCTL = 0x7b
                0x000000000000007c                __U1BR0 = 0x7c
                0x000000000000007d                __U1BR1 = 0x7d
                0x000000000000007e                __U1RXBUF = 0x7e
                0x000000000000007f                __U1TXBUF = 0x7f
                0x0000000000000050                __I2CIE = 0x50
                0x0000000000000051                __I2CIFG = 0x51
                0x0000000000000052                __I2CNDAT = 0x52
                0x0000000000000071                __I2CTCTL = 0x71
                0x0000000000000072                __I2CDCTL = 0x72
                0x0000000000000073                __I2CPSC = 0x73
                0x0000000000000074                __I2CSCLH = 0x74
                0x0000000000000075                __I2CSCLL = 0x75
                0x0000000000000076                __I2CDRB = 0x76
                0x0000000000000076                __I2CDRW = 0x76
                0x0000000000000118                __I2COA = 0x118
                0x000000000000011a                __I2CSA = 0x11a
                0x000000000000011c                __I2CIV = 0x11c
                0x000000000000012e                __TAIV = 0x12e
                0x0000000000000160                __TACTL = 0x160
                0x0000000000000162                __TACCTL0 = 0x162
                0x0000000000000164                __TACCTL1 = 0x164
                0x0000000000000166                __TACCTL2 = 0x166
                0x0000000000000170                __TAR = 0x170
                0x0000000000000172                __TACCR0 = 0x172
                0x0000000000000174                __TACCR1 = 0x174
                0x0000000000000176                __TACCR2 = 0x176
                0x000000000000011e                __TBIV = 0x11e
                0x0000000000000180                __TBCTL = 0x180
                0x0000000000000182                __TBCCTL0 = 0x182
                0x0000000000000184                __TBCCTL1 = 0x184
                0x0000000000000186                __TBCCTL2 = 0x186
                0x0000000000000188                __TBCCTL3 = 0x188
                0x000000000000018a                __TBCCTL4 = 0x18a
                0x000000000000018c                __TBCCTL5 = 0x18c
                0x000000000000018e                __TBCCTL6 = 0x18e
                0x0000000000000190                __TBR = 0x190
                0x0000000000000192                __TBCCR0 = 0x192
                0x0000000000000194                __TBCCR1 = 0x194
                0x0000000000000196                __TBCCR2 = 0x196
                0x0000000000000198                __TBCCR3 = 0x198
                0x000000000000019a                __TBCCR4 = 0x19a
                0x000000000000019c                __TBCCR5 = 0x19c
                0x000000000000019e                __TBCCR6 = 0x19e
                0x0000000000000056                __DCOCTL = 0x56
                0x0000000000000057                __BCSCTL1 = 0x57
                0x0000000000000058                __BCSCTL2 = 0x58
                0x0000000000000055                __SVSCTL = 0x55
                0x0000000000000128                __FCTL1 = 0x128
                0x000000000000012a                __FCTL2 = 0x12a
                0x000000000000012c                __FCTL3 = 0x12c
                0x0000000000000059                __CACTL1 = 0x59
                0x000000000000005a                __CACTL2 = 0x5a
                0x000000000000005b                __CAPD = 0x5b
                0x00000000000001a0                __ADC12CTL0 = 0x1a0
                0x00000000000001a2                __ADC12CTL1 = 0x1a2
                0x00000000000001a4                __ADC12IFG = 0x1a4
                0x00000000000001a6                __ADC12IE = 0x1a6
                0x00000000000001a8                __ADC12IV = 0x1a8
                0x0000000000000140                __ADC12MEM0 = 0x140
                0x0000000000000142                __ADC12MEM1 = 0x142
                0x0000000000000144                __ADC12MEM2 = 0x144
                0x0000000000000146                __ADC12MEM3 = 0x146
                0x0000000000000148                __ADC12MEM4 = 0x148
                0x000000000000014a                __ADC12MEM5 = 0x14a
                0x000000000000014c                __ADC12MEM6 = 0x14c
                0x000000000000014e                __ADC12MEM7 = 0x14e
                0x0000000000000150                __ADC12MEM8 = 0x150
                0x0000000000000152                __ADC12MEM9 = 0x152
                0x0000000000000154                __ADC12MEM10 = 0x154
                0x0000000000000156                __ADC12MEM11 = 0x156
                0x0000000000000158                __ADC12MEM12 = 0x158
                0x000000000000015a                __ADC12MEM13 = 0x15a
                0x000000000000015c                __ADC12MEM14 = 0x15c
                0x000000000000015e                __ADC12MEM15 = 0x15e
                0x0000000000000080                __ADC12MCTL0 = 0x80
                0x0000000000000081                __ADC12MCTL1 = 0x81
                0x0000000000000082                __ADC12MCTL2 = 0x82
                0x0000000000000083                __ADC12MCTL3 = 0x83
                0x0000000000000084                __ADC12MCTL4 = 0x84
                0x0000000000000085                __ADC12MCTL5 = 0x85
                0x0000000000000086                __ADC12MCTL6 = 0x86
                0x0000000000000087                __ADC12MCTL7 = 0x87
                0x0000000000000088                __ADC12MCTL8 = 0x88
                0x0000000000000089                __ADC12MCTL9 = 0x89
                0x000000000000008a                __ADC12MCTL10 = 0x8a
                0x000000000000008b                __ADC12MCTL11 = 0x8b
                0x000000000000008c                __ADC12MCTL12 = 0x8c
                0x000000000000008d                __ADC12MCTL13 = 0x8d
                0x000000000000008e                __ADC12MCTL14 = 0x8e
                0x000000000000008f                __ADC12MCTL15 = 0x8f
                0x00000000000001c0                __DAC12_0CTL = 0x1c0
                0x00000000000001c2                __DAC12_1CTL = 0x1c2
                0x00000000000001c8                __DAC12_0DAT = 0x1c8
                0x00000000000001ca                __DAC12_1DAT = 0x1ca
                0x0000000000000122                __DMACTL0 = 0x122
                0x0000000000000124                __DMACTL1 = 0x124
                0x00000000000001e0                __DMA0CTL = 0x1e0
                0x00000000000001e8                __DMA1CTL = 0x1e8
                0x00000000000001f0                __DMA2CTL = 0x1f0
                0x00000000000001e2                __DMA0SA = 0x1e2
                0x00000000000001e4                __DMA0DA = 0x1e4
                0x00000000000001e6                __DMA0SZ = 0x1e6
                0x00000000000001ea                __DMA1SA = 0x1ea
                0x00000000000001ec                __DMA1DA = 0x1ec
                0x00000000000001ee                __DMA1SZ = 0x1ee
                0x00000000000001f2                __DMA2SA = 0x1f2
                0x00000000000001f4                __DMA2DA = 0x1f4
                0x00000000000001f6                __DMA2SZ = 0x1f6

.hash
 *(.hash)

.dynsym
 *(.dynsym)

.dynstr
 *(.dynstr)

.gnu.version
 *(.gnu.version)

.gnu.version_d
 *(.gnu.version_d)

.gnu.version_r
 *(.gnu.version_r)

.rel.init
 *(.rel.init)

.rela.init
 *(.rela.init)

.rel.fini
 *(.rel.fini)

.rela.fini
 *(.rela.fini)

.rel.text
 *(.rel.text .rel.text.* .rel.gnu.linkonce.t.*)

.rela.text
 *(.rela.text .rela.text.* .rela.gnu.linkonce.t.*)

.rel.rodata
 *(.rel.rodata .rel.rodata.* .rel.gnu.linkonce.r.*)

.rela.rodata
 *(.rela.rodata .rela.rodata.* .rela.gnu.linkonce.r.*)

.rel.data
 *(.rel.data .rel.data.* .rel.gnu.linkonce.d.*)

.rela.data
 *(.rela.data .rela.data.* .rela.gnu.linkonce.d.*)

.rel.bss
 *(.rel.bss .rel.bss.* .rel.gnu.linkonce.b.*)

.rela.bss
 *(.rela.bss .rela.bss.* .rela.gnu.linkonce.b.*)

.rel.ctors
 *(.rel.ctors)

.rela.ctors
 *(.rela.ctors)

.rel.dtors
 *(.rel.dtors)

.rela.dtors
 *(.rela.dtors)

.rel.got
 *(.rel.got)

.rela.got
 *(.rela.got)

.rel.plt
 *(.rel.plt)

.rela.plt
 *(.rela.plt)

.text           0x0000000000004000     0xc4b6
                0x0000000000004000                . = ALIGN (0x2)
 *(.init .init.*)
 *(.init0)
 .init0         0x0000000000004000        0x0 /usr/lib/gcc/msp430/4.6.3/mmpy-16/libcrt0.a(_reset_vector__.o)
                0x0000000000004000                _reset_vector__
 *(.init1)
 .init1         0x0000000000004000        0xc /usr/lib/gcc/msp430/4.6.3/mmpy-16/libcrt0.a(__watchdog_support.o)
                0x0000000000004000                __watchdog_support
 *(.init2)
 .init2         0x000000000000400c        0x4 /usr/lib/gcc/msp430/4.6.3/mmpy-16/libcrt0.a(__init_stack.o)
                0x000000000000400c                __init_stack
 *(.init3)
 .init3         0x0000000000004010        0x0 /usr/lib/gcc/msp430/4.6.3/mmpy-16/libcrt0.a(__low_level_init.o)
                0x0000000000004010                __low_level_init
 *(.init4)
 .init4         0x0000000000004010       0x18 /usr/lib/gcc/msp430/4.6.3/mmpy-16/libcrt0.a(_copy_data.o)
                0x0000000000004010                __do_copy_data
 .init4         0x0000000000004028       0x16 /usr/lib/gcc/msp430/4.6.3/mmpy-16/libcrt0.a(_clear_bss.o)
                0x0000000000004028                __do_clear_bss
 *(.init5)
 *(.init6)
 *(.init7)
 *(.init8)
 *(.init9)
 .init9         0x000000000000403e      0x2d8 obj_sky/contiki-sky-main.o
                0x000000000000403e                main
 *(.fini9)
 .fini9         0x0000000000004316        0x0 /usr/lib/gcc/msp430/4.6.3/mmpy-16/libcrt0.a(__stop_progExec__.o)
                0x0000000000004316                __stop_progExec__
 *(.fini8)
 *(.fini7)
 *(.fini6)
 *(.fini5)
 *(.fini4)
 *(.fini3)
 *(.fini2)
 *(.fini1)
 *(.fini0)
 .fini0         0x0000000000004316        0x6 /usr/lib/gcc/msp430/4.6.3/mmpy-16/libcrt0.a(_endless_loop__.o)
                0x0000000000004316                _endless_loop__
 *(.fini .fini.*)
                0x000000000000431c                . = ALIGN (0x2)
                0x000000000000431c                __ctors_start = .
 *(.ctors)
                0x000000000000431c                __ctors_end = .
                0x000000000000431c                __dtors_start = .
 *(.dtors)
                0x000000000000431c                __dtors_end = .
                0x000000000000431c                . = ALIGN (0x2)
 *(.text .text.* .gnu.linkonce.t.*)
 .text          0x000000000000431c        0x4 /usr/lib/gcc/msp430/4.6.3/mmpy-16/crt0ivtbl16.o
                0x000000000000431c                __isr_14
                0x000000000000431c                __isr_11
                0x000000000000431c                __isr_2
                0x000000000000431c                __isr_7
                0x000000000000431c                __isr_0
                0x000000000000431c                __isr_8
                0x000000000000431c                __isr_3
                0x000000000000431c                __isr_12
                0x000000000000431c                __isr_13
                0x000000000000431c                __isr_9
 .text.process_thread_er_example_server
                0x0000000000004320       0x62 er-example-server.co
 .text.res_post_handler
                0x0000000000004382        0x8 obj_sky/res-toggle.o
 .text.res_get_handler
                0x000000000000438a       0x78 obj_sky/res-hello.o
 .text.start_network_layer
                0x0000000000004402       0xa2 obj_sky/contiki-sky-main.o
 .text.coap_parse_int_option
                0x00000000000044a4       0x46 contiki-sky.a(er-coap.o)
 .text.coap_set_option_header
                0x00000000000044ea       0xa6 contiki-sky.a(er-coap.o)
 .text.coap_serialize_int_option
                0x0000000000004590       0xda contiki-sky.a(er-coap.o)
 .text.coap_get_variable
                0x000000000000466a       0xbe contiki-sky.a(er-coap.o)
 .text.coap_serialize_array_option
                0x0000000000004728       0xee contiki-sky.a(er-coap.o)
 .text.coap_merge_multi_option.part.1
                0x0000000000004816       0x34 contiki-sky.a(er-coap.o)
 .text.coap_init_connection
                0x000000000000484a       0x22 contiki-sky.a(er-coap.o)
                0x000000000000484a                coap_init_connection
 .text.coap_get_mid
                0x000000000000486c        0xc contiki-sky.a(er-coap.o)
                0x000000000000486c                coap_get_mid
 .text.coap_init_message
                0x0000000000004878       0x30 contiki-sky.a(er-coap.o)
                0x0000000000004878                coap_init_message
 .text.coap_serialize_message
                0x00000000000048a8      0x470 contiki-sky.a(er-coap.o)
                0x00000000000048a8                coap_serialize_message
 .text.coap_send_message
                0x0000000000004d18       0x4a contiki-sky.a(er-coap.o)
                0x0000000000004d18                coap_send_message
 .text.coap_parse_message
                0x0000000000004d62      0x554 contiki-sky.a(er-coap.o)
                0x0000000000004d62                coap_parse_message
 .text.coap_get_query_variable
                0x00000000000052b6       0x1c contiki-sky.a(er-coap.o)
                0x00000000000052b6                coap_get_query_variable
 .text.coap_get_post_variable
                0x00000000000052d2       0x20 contiki-sky.a(er-coap.o)
                0x00000000000052d2                coap_get_post_variable
 .text.coap_set_status_code
                0x00000000000052f2       0x12 contiki-sky.a(er-coap.o)
                0x00000000000052f2                coap_set_status_code
 .text.coap_set_token
                0x0000000000005304       0x24 contiki-sky.a(er-coap.o)
                0x0000000000005304                coap_set_token
 .text.coap_get_header_content_format
                0x0000000000005328       0x18 contiki-sky.a(er-coap.o)
                0x0000000000005328                coap_get_header_content_format
 .text.coap_set_header_content_format
                0x0000000000005340        0xe contiki-sky.a(er-coap.o)
                0x0000000000005340                coap_set_header_content_format
 .text.coap_get_header_accept
                0x000000000000534e       0x16 contiki-sky.a(er-coap.o)
                0x000000000000534e                coap_get_header_accept
 .text.coap_get_header_max_age
                0x0000000000005364       0x26 contiki-sky.a(er-coap.o)
                0x0000000000005364                coap_get_header_max_age
 .text.coap_set_header_max_age
                0x000000000000538a       0x12 contiki-sky.a(er-coap.o)
                0x000000000000538a                coap_set_header_max_age
 .text.coap_set_header_etag
                0x000000000000539c       0x2a contiki-sky.a(er-coap.o)
                0x000000000000539c                coap_set_header_etag
 .text.coap_get_header_if_match
                0x00000000000053c6       0x1c contiki-sky.a(er-coap.o)
                0x00000000000053c6                coap_get_header_if_match
 .text.coap_get_header_if_none_match
                0x00000000000053e2       0x10 contiki-sky.a(er-coap.o)
                0x00000000000053e2                coap_get_header_if_none_match
 .text.coap_get_header_uri_host
                0x00000000000053f2       0x18 contiki-sky.a(er-coap.o)
                0x00000000000053f2                coap_get_header_uri_host
 .text.coap_get_header_uri_path
                0x000000000000540a       0x18 contiki-sky.a(er-coap.o)
                0x000000000000540a                coap_get_header_uri_path
 .text.coap_get_header_uri_query
                0x0000000000005422       0x16 contiki-sky.a(er-coap.o)
                0x0000000000005422                coap_get_header_uri_query
 .text.coap_set_header_location_query
                0x0000000000005438       0x2c contiki-sky.a(er-coap.o)
                0x0000000000005438                coap_set_header_location_query
 .text.coap_set_header_location_path
                0x0000000000005464       0x8c contiki-sky.a(er-coap.o)
                0x0000000000005464                coap_set_header_location_path
 .text.coap_set_header_observe
                0x00000000000054f0       0x12 contiki-sky.a(er-coap.o)
                0x00000000000054f0                coap_set_header_observe
 .text.coap_get_header_block2
                0x0000000000005502       0x4c contiki-sky.a(er-coap.o)
                0x0000000000005502                coap_get_header_block2
 .text.coap_set_header_block2
                0x000000000000554e       0x40 contiki-sky.a(er-coap.o)
                0x000000000000554e                coap_set_header_block2
 .text.coap_get_header_size2
                0x000000000000558e       0x1e contiki-sky.a(er-coap.o)
                0x000000000000558e                coap_get_header_size2
 .text.coap_set_header_size2
                0x00000000000055ac       0x12 contiki-sky.a(er-coap.o)
                0x00000000000055ac                coap_set_header_size2
 .text.coap_get_payload
                0x00000000000055be       0x1a contiki-sky.a(er-coap.o)
                0x00000000000055be                coap_get_payload
 .text.coap_set_payload
                0x00000000000055d8       0x16 contiki-sky.a(er-coap.o)
                0x00000000000055d8                coap_set_payload
 .text.coap_set_service_callback
                0x00000000000055ee        0x6 contiki-sky.a(er-coap-engine.)
                0x00000000000055ee                coap_set_service_callback
 .text.coap_get_rest_method
                0x00000000000055f4       0x1a contiki-sky.a(er-coap-engine.)
                0x00000000000055f4                coap_get_rest_method
 .text.process_thread_coap_engine
                0x000000000000560e      0x402 contiki-sky.a(er-coap-engine.)
 .text.coap_init_engine
                0x0000000000005a10        0xc contiki-sky.a(er-coap-engine.)
                0x0000000000005a10                coap_init_engine
 .text.coap_register_as_transaction_handler
                0x0000000000005a1c        0x8 contiki-sky.a(er-coap-transac)
                0x0000000000005a1c                coap_register_as_transaction_handler
 .text.coap_new_transaction
                0x0000000000005a24       0x5e contiki-sky.a(er-coap-transac)
                0x0000000000005a24                coap_new_transaction
 .text.coap_clear_transaction
                0x0000000000005a82       0x68 contiki-sky.a(er-coap-transac)
                0x0000000000005a82                coap_clear_transaction
 .text.coap_send_transaction
                0x0000000000005aea      0x110 contiki-sky.a(er-coap-transac)
                0x0000000000005aea                coap_send_transaction
 .text.coap_get_transaction_by_mid
                0x0000000000005bfa       0x1e contiki-sky.a(er-coap-transac)
                0x0000000000005bfa                coap_get_transaction_by_mid
 .text.coap_check_transactions
                0x0000000000005c18       0x42 contiki-sky.a(er-coap-transac)
                0x0000000000005c18                coap_check_transactions
 .text.coap_remove_observer
                0x0000000000005c5a       0x1c contiki-sky.a(er-coap-observe)
                0x0000000000005c5a                coap_remove_observer
 .text.coap_remove_observer_by_client
                0x0000000000005c76       0x4c contiki-sky.a(er-coap-observe)
                0x0000000000005c76                coap_remove_observer_by_client
 .text.coap_remove_observer_by_token
                0x0000000000005cc2       0x72 contiki-sky.a(er-coap-observe)
                0x0000000000005cc2                coap_remove_observer_by_token
 .text.coap_remove_observer_by_uri
                0x0000000000005d34       0x7e contiki-sky.a(er-coap-observe)
                0x0000000000005d34                coap_remove_observer_by_uri
 .text.coap_add_observer
                0x0000000000005db2       0x70 contiki-sky.a(er-coap-observe)
                0x0000000000005db2                coap_add_observer
 .text.coap_remove_observer_by_mid
                0x0000000000005e22       0x58 contiki-sky.a(er-coap-observe)
                0x0000000000005e22                coap_remove_observer_by_mid
 .text.coap_notify_observers
                0x0000000000005e7a       0xec contiki-sky.a(er-coap-observe)
                0x0000000000005e7a                coap_notify_observers
 .text.coap_observe_handler
                0x0000000000005f66       0xc0 contiki-sky.a(er-coap-observe)
                0x0000000000005f66                coap_observe_handler
 .text.well_known_core_get_handler
                0x0000000000006026      0x296 contiki-sky.a(er-coap-res-wel)
                0x0000000000006026                well_known_core_get_handler
 .text.countTransactionsForAddress
                0x00000000000062bc       0x3a contiki-sky.a(er-cocoa.o)
                0x00000000000062bc                countTransactionsForAddress
 .text.coap_delete_rtt_by_freshness
                0x00000000000062f6       0x6c contiki-sky.a(er-cocoa.o)
                0x00000000000062f6                coap_delete_rtt_by_freshness
 .text.coap_check_rto_state
                0x0000000000006362      0x126 contiki-sky.a(er-cocoa.o)
                0x0000000000006362                coap_check_rto_state
 .text.coap_new_rtt_estimation
                0x0000000000006488       0x6a contiki-sky.a(er-cocoa.o)
                0x0000000000006488                coap_new_rtt_estimation
 .text.coap_update_rtt_estimation
                0x00000000000064f2      0x3a0 contiki-sky.a(er-cocoa.o)
                0x00000000000064f2                coap_update_rtt_estimation
 .text.coap_check_rtt_estimation
                0x0000000000006892      0x17a contiki-sky.a(er-cocoa.o)
                0x0000000000006892                coap_check_rtt_estimation
 .text.process_thread_rest_engine_process
                0x0000000000006a0c       0xc0 contiki-sky.a(rest-engine.o)
 .text.rest_invoke_restful_service
                0x0000000000006acc      0x126 contiki-sky.a(rest-engine.o)
                0x0000000000006acc                rest_invoke_restful_service
 .text.rest_init_engine
                0x0000000000006bf2       0x26 contiki-sky.a(rest-engine.o)
                0x0000000000006bf2                rest_init_engine
 .text.rest_activate_resource
                0x0000000000006c18       0x3c contiki-sky.a(rest-engine.o)
                0x0000000000006c18                rest_activate_resource
 .text.rest_get_resources
                0x0000000000006c54        0x6 contiki-sky.a(rest-engine.o)
                0x0000000000006c54                rest_get_resources
 .text.init_platform
                0x0000000000006c5a        0xc contiki-sky.a(contiki-sky-pla)
                0x0000000000006c5a                init_platform
 .text.status   0x0000000000006c66       0x16 contiki-sky.a(button-sensor.o)
 .text.configure
                0x0000000000006c7c       0x52 contiki-sky.a(button-sensor.o)
 .text.value    0x0000000000006cce       0x22 contiki-sky.a(button-sensor.o)
 .text.irq_p2   0x0000000000006cf0       0x8a contiki-sky.a(button-sensor.o)
                0x0000000000006cf0                irq_p2
                0x0000000000006cf0                __isr_1
 .text.owreadb  0x0000000000006d7a       0x52 contiki-sky.a(ds2411.o)
 .text.ds2411_init
                0x0000000000006dcc      0x122 contiki-sky.a(ds2411.o)
                0x0000000000006dcc                ds2411_init
 .text.wait_ready
                0x0000000000006eee       0x50 contiki-sky.a(xmem.o)
 .text.xmem_init
                0x0000000000006f3e       0x3e contiki-sky.a(xmem.o)
                0x0000000000006f3e                xmem_init
 .text.xmem_pread
                0x0000000000006f7c       0xea contiki-sky.a(xmem.o)
                0x0000000000006f7c                xmem_pread
 .text.node_id_restore
                0x0000000000007066       0x38 contiki-sky.a(node-id.o)
                0x0000000000007066                node_id_restore
 .text.process_thread_sensors_process
                0x000000000000709e       0xbe contiki-sky.a(sensors.o)
 .text.sensors_changed
                0x000000000000715c       0x2a contiki-sky.a(sensors.o)
                0x000000000000715c                sensors_changed
 .text.get_object
                0x0000000000007186        0x4 contiki-sky.a(cc2420.o)
 .text.set_object
                0x000000000000718a        0x4 contiki-sky.a(cc2420.o)
 .text.strobe   0x000000000000718e       0x20 contiki-sky.a(cc2420.o)
 .text.getreg   0x00000000000071ae       0x54 contiki-sky.a(cc2420.o)
 .text.setreg   0x0000000000007202       0x52 contiki-sky.a(cc2420.o)
 .text.write_ram
                0x0000000000007254       0x80 contiki-sky.a(cc2420.o)
 .text.write_fifo_buf
                0x00000000000072d4       0x40 contiki-sky.a(cc2420.o)
 .text.get_status
                0x0000000000007314       0x24 contiki-sky.a(cc2420.o)
 .text.set_txpower
                0x0000000000007338       0x26 contiki-sky.a(cc2420.o)
 .text.cc2420_receiving_packet
                0x000000000000735e        0xe contiki-sky.a(cc2420.o)
 .text.pending_packet
                0x000000000000736c        0x8 contiki-sky.a(cc2420.o)
 .text.on       0x0000000000007374       0x1e contiki-sky.a(cc2420.o)
 .text.wait_for_transmission
                0x0000000000007392       0x22 contiki-sky.a(cc2420.o)
 .text.wait_for_status
                0x00000000000073b4       0x2a contiki-sky.a(cc2420.o)
 .text.getrxdata
                0x00000000000073de       0x56 contiki-sky.a(cc2420.o)
 .text.flushrx  0x0000000000007434       0x1a contiki-sky.a(cc2420.o)
 .text.off      0x000000000000744e       0x5a contiki-sky.a(cc2420.o)
 .text.RELEASE_LOCK
                0x00000000000074a8       0x28 contiki-sky.a(cc2420.o)
 .text.set_key  0x00000000000074d0       0x18 contiki-sky.a(cc2420.o)
 .text.cc2420_prepare
                0x00000000000074e8       0x3c contiki-sky.a(cc2420.o)
 .text.cc2420_on
                0x0000000000007524       0x22 contiki-sky.a(cc2420.o)
                0x0000000000007524                cc2420_on
 .text.cc2420_off
                0x0000000000007546       0x30 contiki-sky.a(cc2420.o)
                0x0000000000007546                cc2420_off
 .text.cc2420_cca
                0x0000000000007576       0x5e contiki-sky.a(cc2420.o)
 .text.cc2420_read
                0x00000000000075d4       0xb0 contiki-sky.a(cc2420.o)
 .text.process_thread_cc2420_process
                0x0000000000007684       0x50 contiki-sky.a(cc2420.o)
 .text.encrypt  0x00000000000076d4       0x8e contiki-sky.a(cc2420.o)
 .text.cc2420_set_channel
                0x0000000000007762       0x3c contiki-sky.a(cc2420.o)
                0x0000000000007762                cc2420_set_channel
 .text.cc2420_set_pan_addr
                0x000000000000779e       0x4c contiki-sky.a(cc2420.o)
                0x000000000000779e                cc2420_set_pan_addr
 .text.cc2420_interrupt
                0x00000000000077ea       0x18 contiki-sky.a(cc2420.o)
                0x00000000000077ea                cc2420_interrupt
 .text.cc2420_set_txpower
                0x0000000000007802        0xe contiki-sky.a(cc2420.o)
                0x0000000000007802                cc2420_set_txpower
 .text.cc2420_get_txpower
                0x0000000000007810       0x1e contiki-sky.a(cc2420.o)
                0x0000000000007810                cc2420_get_txpower
 .text.cc2420_transmit
                0x000000000000782e      0x10e contiki-sky.a(cc2420.o)
 .text.cc2420_send
                0x000000000000793c       0x12 contiki-sky.a(cc2420.o)
 .text.cc2420_rssi
                0x000000000000794e       0x4c contiki-sky.a(cc2420.o)
                0x000000000000794e                cc2420_rssi
 .text.get_value
                0x000000000000799a       0xac contiki-sky.a(cc2420.o)
 .text.cc2420_set_cca_threshold
                0x0000000000007a46       0x16 contiki-sky.a(cc2420.o)
                0x0000000000007a46                cc2420_set_cca_threshold
 .text.set_value
                0x0000000000007a5c       0x8a contiki-sky.a(cc2420.o)
 .text.cc2420_init
                0x0000000000007ae6       0xde contiki-sky.a(cc2420.o)
                0x0000000000007ae6                cc2420_init
 .text.cc2420_port1_interrupt
                0x0000000000007bc4       0x62 contiki-sky.a(cc2420-arch.o)
                0x0000000000007bc4                __isr_4
                0x0000000000007bc4                cc2420_port1_interrupt
 .text.cc2420_arch_init
                0x0000000000007c26       0x1a contiki-sky.a(cc2420-arch.o)
                0x0000000000007c26                cc2420_arch_init
 .text.uart1_active
                0x0000000000007c40       0x1a contiki-sky.a(uart1.o)
                0x0000000000007c40                uart1_active
 .text.uart1_writeb
                0x0000000000007c5a       0x1a contiki-sky.a(uart1.o)
                0x0000000000007c5a                uart1_writeb
 .text.uart1_init
                0x0000000000007c74       0xf6 contiki-sky.a(uart1.o)
                0x0000000000007c74                uart1_init
 .text.putchar  0x0000000000007d6a       0x10 contiki-sky.a(uart1-putchar.o)
                0x0000000000007d6a                putchar
 .text.msp430_init_dco
                0x0000000000007d7a       0x84 contiki-sky.a(msp430.o)
                0x0000000000007d7a                msp430_init_dco
 .text.msp430_add_lpm_req
                0x0000000000007dfe        0xc contiki-sky.a(msp430.o)
                0x0000000000007dfe                msp430_add_lpm_req
 .text.msp430_cpu_init
                0x0000000000007e0a       0x2a contiki-sky.a(msp430.o)
                0x0000000000007e0a                msp430_cpu_init
 .text.splhigh_
                0x0000000000007e34        0x8 contiki-sky.a(msp430.o)
                0x0000000000007e34                splhigh_
 .text.msp430_sync_dco
                0x0000000000007e3c       0x68 contiki-sky.a(msp430.o)
                0x0000000000007e3c                msp430_sync_dco
 .text.timera1  0x0000000000007ea4      0x11e contiki-sky.a(clock.o)
                0x0000000000007ea4                __isr_5
                0x0000000000007ea4                timera1
 .text.clock_time
                0x0000000000007fc2       0x1a contiki-sky.a(clock.o)
                0x0000000000007fc2                clock_time
 .text.clock_init
                0x0000000000007fdc       0x28 contiki-sky.a(clock.o)
                0x0000000000007fdc                clock_init
 .text.clock_delay
                0x0000000000008004        0xc contiki-sky.a(clock.o)
                0x0000000000008004                clock_delay
 .text.clock_seconds
                0x0000000000008010       0x1a contiki-sky.a(clock.o)
                0x0000000000008010                clock_seconds
 .text.show_leds
                0x000000000000802a       0xf6 contiki-sky.a(leds.o)
 .text.leds_init
                0x0000000000008120        0xa contiki-sky.a(leds.o)
                0x0000000000008120                leds_init
 .text.leds_on  0x000000000000812a        0xa contiki-sky.a(leds.o)
                0x000000000000812a                leds_on
 .text.leds_off
                0x0000000000008134        0xe contiki-sky.a(leds.o)
                0x0000000000008134                leds_off
 .text.leds_toggle
                0x0000000000008142        0xa contiki-sky.a(leds.o)
                0x0000000000008142                leds_toggle
 .text.leds_arch_init
                0x000000000000814c        0xe contiki-sky.a(leds-arch.o)
                0x000000000000814c                leds_arch_init
 .text.leds_arch_set
                0x000000000000815a       0x3a contiki-sky.a(leds-arch.o)
                0x000000000000815a                leds_arch_set
 .text.watchdog_interrupt
                0x0000000000008194        0x6 contiki-sky.a(watchdog.o)
                0x0000000000008194                __isr_10
                0x0000000000008194                watchdog_interrupt
 .text.watchdog_start
                0x000000000000819a       0x14 contiki-sky.a(watchdog.o)
                0x000000000000819a                watchdog_start
 .text.watchdog_periodic
                0x00000000000081ae       0x12 contiki-sky.a(watchdog.o)
                0x00000000000081ae                watchdog_periodic
 .text.watchdog_stop
                0x00000000000081c0       0x16 contiki-sky.a(watchdog.o)
                0x00000000000081c0                watchdog_stop
 .text.watchdog_init
                0x00000000000081d6       0x14 contiki-sky.a(watchdog.o)
                0x00000000000081d6                watchdog_init
 .text.rtimer_arch_init
                0x00000000000081ea        0xe contiki-sky.a(rtimer-arch.o)
                0x00000000000081ea                rtimer_arch_init
 .text.rtimer_arch_now
                0x00000000000081f8        0xe contiki-sky.a(rtimer-arch.o)
                0x00000000000081f8                rtimer_arch_now
 .text.timera0  0x0000000000008206       0x70 contiki-sky.a(rtimer-arch.o)
                0x0000000000008206                __isr_6
                0x0000000000008206                timera0
 .text.rtimer_arch_schedule
                0x0000000000008276        0x6 contiki-sky.a(rtimer-arch.o)
                0x0000000000008276                rtimer_arch_schedule
 .text.autostart_start
                0x000000000000827c       0x16 contiki-sky.a(autostart.o)
                0x000000000000827c                autostart_start
 .text.energest_init
                0x0000000000008292       0x28 contiki-sky.a(energest.o)
                0x0000000000008292                energest_init
 .text.energest_type_time
                0x00000000000082ba       0x46 contiki-sky.a(energest.o)
                0x00000000000082ba                energest_type_time
 .text.energest_type_set
                0x0000000000008300        0xe contiki-sky.a(energest.o)
                0x0000000000008300                energest_type_set
 .text.energest_flush
                0x000000000000830e       0x48 contiki-sky.a(energest.o)
                0x000000000000830e                energest_flush
 .text.process_thread_ctimer_process
                0x0000000000008356       0xa4 contiki-sky.a(ctimer.o)
 .text.ctimer_init
                0x00000000000083fa       0x18 contiki-sky.a(ctimer.o)
                0x00000000000083fa                ctimer_init
 .text.ctimer_set
                0x0000000000008412       0x50 contiki-sky.a(ctimer.o)
                0x0000000000008412                ctimer_set
 .text.ctimer_reset
                0x0000000000008462       0x30 contiki-sky.a(ctimer.o)
                0x0000000000008462                ctimer_reset
 .text.ctimer_stop
                0x0000000000008492       0x28 contiki-sky.a(ctimer.o)
                0x0000000000008492                ctimer_stop
 .text.update_time
                0x00000000000084ba       0x78 contiki-sky.a(etimer.o)
 .text.etimer_request_poll
                0x0000000000008532        0xa contiki-sky.a(etimer.o)
                0x0000000000008532                etimer_request_poll
 .text.process_thread_etimer_process
                0x000000000000853c       0xc8 contiki-sky.a(etimer.o)
 .text.add_timer
                0x0000000000008604       0x40 contiki-sky.a(etimer.o)
 .text.etimer_set
                0x0000000000008644       0x12 contiki-sky.a(etimer.o)
                0x0000000000008644                etimer_set
 .text.etimer_reset
                0x0000000000008656       0x12 contiki-sky.a(etimer.o)
                0x0000000000008656                etimer_reset
 .text.etimer_restart
                0x0000000000008668       0x12 contiki-sky.a(etimer.o)
                0x0000000000008668                etimer_restart
 .text.etimer_expired
                0x000000000000867a        0xe contiki-sky.a(etimer.o)
                0x000000000000867a                etimer_expired
 .text.etimer_expiration_time
                0x0000000000008688       0x14 contiki-sky.a(etimer.o)
                0x0000000000008688                etimer_expiration_time
 .text.etimer_pending
                0x000000000000869c        0xc contiki-sky.a(etimer.o)
                0x000000000000869c                etimer_pending
 .text.etimer_next_expiration_time
                0x00000000000086a8       0x16 contiki-sky.a(etimer.o)
                0x00000000000086a8                etimer_next_expiration_time
 .text.etimer_stop
                0x00000000000086be       0x3c contiki-sky.a(etimer.o)
                0x00000000000086be                etimer_stop
 .text.call_process
                0x00000000000086fa       0x4a contiki-sky.a(process.o)
 .text.exit_process
                0x0000000000008744       0x96 contiki-sky.a(process.o)
 .text.do_poll  0x00000000000087da       0x30 contiki-sky.a(process.o)
 .text.process_alloc_event
                0x000000000000880a        0xe contiki-sky.a(process.o)
                0x000000000000880a                process_alloc_event
 .text.process_init
                0x0000000000008818       0x1c contiki-sky.a(process.o)
                0x0000000000008818                process_init
 .text.process_run
                0x0000000000008834       0xa2 contiki-sky.a(process.o)
                0x0000000000008834                process_run
 .text.process_nevents
                0x00000000000088d6        0xe contiki-sky.a(process.o)
                0x00000000000088d6                process_nevents
 .text.process_post
                0x00000000000088e4       0x54 contiki-sky.a(process.o)
                0x00000000000088e4                process_post
 .text.process_post_synch
                0x0000000000008938       0x12 contiki-sky.a(process.o)
                0x0000000000008938                process_post_synch
 .text.process_start
                0x000000000000894a       0x32 contiki-sky.a(process.o)
                0x000000000000894a                process_start
 .text.process_poll
                0x000000000000897c       0x18 contiki-sky.a(process.o)
                0x000000000000897c                process_poll
 .text.rtimer_init
                0x0000000000008994        0x6 contiki-sky.a(rtimer.o)
                0x0000000000008994                rtimer_init
 .text.rtimer_run_next
                0x000000000000899a       0x26 contiki-sky.a(rtimer.o)
                0x000000000000899a                rtimer_run_next
 .text.timer_set
                0x00000000000089c0       0x1c contiki-sky.a(timer.o)
                0x00000000000089c0                timer_set
 .text.timer_reset
                0x00000000000089dc        0xe contiki-sky.a(timer.o)
                0x00000000000089dc                timer_reset
 .text.timer_restart
                0x00000000000089ea       0x14 contiki-sky.a(timer.o)
                0x00000000000089ea                timer_restart
 .text.timer_expired
                0x00000000000089fe       0x2a contiki-sky.a(timer.o)
                0x00000000000089fe                timer_expired
 .text.list_init
                0x0000000000008a28        0x6 contiki-sky.a(list.o)
                0x0000000000008a28                list_init
 .text.list_head
                0x0000000000008a2e        0x4 contiki-sky.a(list.o)
                0x0000000000008a2e                list_head
 .text.list_tail
                0x0000000000008a32       0x12 contiki-sky.a(list.o)
                0x0000000000008a32                list_tail
 .text.list_remove
                0x0000000000008a44       0x34 contiki-sky.a(list.o)
                0x0000000000008a44                list_remove
 .text.list_push
                0x0000000000008a78       0x1a contiki-sky.a(list.o)
                0x0000000000008a78                list_push
 .text.list_add
                0x0000000000008a92       0x2a contiki-sky.a(list.o)
                0x0000000000008a92                list_add
 .text.list_length
                0x0000000000008abc       0x10 contiki-sky.a(list.o)
                0x0000000000008abc                list_length
 .text.list_item_next
                0x0000000000008acc        0xc contiki-sky.a(list.o)
                0x0000000000008acc                list_item_next
 .text.memb_init
                0x0000000000008ad8       0x36 contiki-sky.a(memb.o)
                0x0000000000008ad8                memb_init
 .text.memb_alloc
                0x0000000000008b0e       0x3e contiki-sky.a(memb.o)
                0x0000000000008b0e                memb_alloc
 .text.memb_free
                0x0000000000008b4c       0x3a contiki-sky.a(memb.o)
                0x0000000000008b4c                memb_free
 .text.memb_inmemb
                0x0000000000008b86       0x2e contiki-sky.a(memb.o)
                0x0000000000008b86                memb_inmemb
 .text.memb_numfree
                0x0000000000008bb4       0x26 contiki-sky.a(memb.o)
                0x0000000000008bb4                memb_numfree
 .text.random_init
                0x0000000000008bda        0x6 contiki-sky.a(random.o)
                0x0000000000008bda                random_init
 .text.random_rand
                0x0000000000008be0        0x6 contiki-sky.a(random.o)
                0x0000000000008be0                random_rand
 .text.uip_ds6_list_loop
                0x0000000000008be6       0x86 contiki-sky.a(uip-ds6.o)
                0x0000000000008be6                uip_ds6_list_loop
 .text.uip_ds6_prefix_add
                0x0000000000008c6c       0x80 contiki-sky.a(uip-ds6.o)
                0x0000000000008c6c                uip_ds6_prefix_add
 .text.uip_ds6_is_addr_onlink
                0x0000000000008cec       0x54 contiki-sky.a(uip-ds6.o)
                0x0000000000008cec                uip_ds6_is_addr_onlink
 .text.uip_ds6_addr_lookup
                0x0000000000008d40       0x2a contiki-sky.a(uip-ds6.o)
                0x0000000000008d40                uip_ds6_addr_lookup
 .text.uip_ds6_get_link_local
                0x0000000000008d6a       0x3e contiki-sky.a(uip-ds6.o)
                0x0000000000008d6a                uip_ds6_get_link_local
 .text.uip_ds6_maddr_add
                0x0000000000008da8       0x4c contiki-sky.a(uip-ds6.o)
                0x0000000000008da8                uip_ds6_maddr_add
 .text.uip_ds6_addr_add
                0x0000000000008df4       0xc4 contiki-sky.a(uip-ds6.o)
                0x0000000000008df4                uip_ds6_addr_add
 .text.uip_ds6_maddr_lookup
                0x0000000000008eb8       0x2a contiki-sky.a(uip-ds6.o)
                0x0000000000008eb8                uip_ds6_maddr_lookup
 .text.uip_ds6_addr_rm
                0x0000000000008ee2       0x54 contiki-sky.a(uip-ds6.o)
                0x0000000000008ee2                uip_ds6_addr_rm
 .text.uip_ds6_periodic
                0x0000000000008f36       0x4a contiki-sky.a(uip-ds6.o)
                0x0000000000008f36                uip_ds6_periodic
 .text.uip_ds6_set_addr_iid
                0x0000000000008f80       0x14 contiki-sky.a(uip-ds6.o)
                0x0000000000008f80                uip_ds6_set_addr_iid
 .text.get_match_length
                0x0000000000008f94       0x3e contiki-sky.a(uip-ds6.o)
                0x0000000000008f94                get_match_length
 .text.uip_ds6_select_src
                0x0000000000008fd2       0xaa contiki-sky.a(uip-ds6.o)
                0x0000000000008fd2                uip_ds6_select_src
 .text.uip_ds6_compute_reachable_time
                0x000000000000907c       0x3e contiki-sky.a(uip-ds6.o)
                0x000000000000907c                uip_ds6_compute_reachable_time
 .text.uip_ds6_init
                0x00000000000090ba      0x154 contiki-sky.a(uip-ds6.o)
                0x00000000000090ba                uip_ds6_init
 .text.call_route_callback
                0x000000000000920e       0x4c contiki-sky.a(uip-ds6-route.o)
 .text.uip_ds6_route_init
                0x000000000000925a       0x36 contiki-sky.a(uip-ds6-route.o)
                0x000000000000925a                uip_ds6_route_init
 .text.uip_ds6_route_nexthop
                0x0000000000009290       0x1a contiki-sky.a(uip-ds6-route.o)
                0x0000000000009290                uip_ds6_route_nexthop
 .text.uip_ds6_route_head
                0x00000000000092aa        0xa contiki-sky.a(uip-ds6-route.o)
                0x00000000000092aa                uip_ds6_route_head
 .text.uip_ds6_route_next
                0x00000000000092b4        0xe contiki-sky.a(uip-ds6-route.o)
                0x00000000000092b4                uip_ds6_route_next
 .text.uip_ds6_route_lookup
                0x00000000000092c2       0x8c contiki-sky.a(uip-ds6-route.o)
                0x00000000000092c2                uip_ds6_route_lookup
 .text.uip_ds6_route_rm
                0x000000000000934e       0xa4 contiki-sky.a(uip-ds6-route.o)
                0x000000000000934e                uip_ds6_route_rm
 .text.rm_routelist
                0x00000000000093f2       0x34 contiki-sky.a(uip-ds6-route.o)
 .text.rm_routelist_callback
                0x0000000000009426        0x6 contiki-sky.a(uip-ds6-route.o)
 .text.uip_ds6_route_add
                0x000000000000942c      0x10c contiki-sky.a(uip-ds6-route.o)
                0x000000000000942c                uip_ds6_route_add
 .text.uip_ds6_defrt_rm
                0x0000000000009538       0x48 contiki-sky.a(uip-ds6-route.o)
                0x0000000000009538                uip_ds6_defrt_rm
 .text.uip_ds6_defrt_lookup
                0x0000000000009580       0x36 contiki-sky.a(uip-ds6-route.o)
                0x0000000000009580                uip_ds6_defrt_lookup
 .text.uip_ds6_defrt_add
                0x00000000000095b6       0x74 contiki-sky.a(uip-ds6-route.o)
                0x00000000000095b6                uip_ds6_defrt_add
 .text.uip_ds6_defrt_choose
                0x000000000000962a       0x3a contiki-sky.a(uip-ds6-route.o)
                0x000000000000962a                uip_ds6_defrt_choose
 .text.uip_ds6_defrt_periodic
                0x0000000000009664       0x38 contiki-sky.a(uip-ds6-route.o)
                0x0000000000009664                uip_ds6_defrt_periodic
 .text.chksum   0x000000000000969c       0x32 contiki-sky.a(uip6.o)
 .text.upper_layer_chksum
                0x00000000000096ce       0x56 contiki-sky.a(uip6.o)
 .text.ext_hdr_options_process
                0x0000000000009724       0xda contiki-sky.a(uip6.o)
 .text.uip_icmp6chksum
                0x00000000000097fe        0xa contiki-sky.a(uip6.o)
                0x00000000000097fe                uip_icmp6chksum
 .text.uip_udpchksum
                0x0000000000009808        0xa contiki-sky.a(uip6.o)
                0x0000000000009808                uip_udpchksum
 .text.uip_init
                0x0000000000009812       0x42 contiki-sky.a(uip6.o)
                0x0000000000009812                uip_init
 .text.remove_ext_hdr
                0x0000000000009854       0x5a contiki-sky.a(uip6.o)
                0x0000000000009854                remove_ext_hdr
 .text.uip_udp_new
                0x00000000000098ae       0xf4 contiki-sky.a(uip6.o)
                0x00000000000098ae                uip_udp_new
 .text.uip_process
                0x00000000000099a2      0x4a2 contiki-sky.a(uip6.o)
                0x00000000000099a2                uip_process
 .text.uip_htonl
                0x0000000000009e44       0x2e contiki-sky.a(uip6.o)
                0x0000000000009e44                uip_htonl
 .text.uip_ds6_nbr_rm
                0x0000000000009e72       0x1a contiki-sky.a(uip-ds6-nbr.o)
                0x0000000000009e72                uip_ds6_nbr_rm
 .text.uip_ds6_neighbors_init
                0x0000000000009e8c        0xe contiki-sky.a(uip-ds6-nbr.o)
                0x0000000000009e8c                uip_ds6_neighbors_init
 .text.uip_ds6_nbr_add
                0x0000000000009e9a       0x60 contiki-sky.a(uip-ds6-nbr.o)
                0x0000000000009e9a                uip_ds6_nbr_add
 .text.uip_ds6_nbr_get_ll
                0x0000000000009efa        0xc contiki-sky.a(uip-ds6-nbr.o)
                0x0000000000009efa                uip_ds6_nbr_get_ll
 .text.uip_ds6_nbr_lookup
                0x0000000000009f06       0x42 contiki-sky.a(uip-ds6-nbr.o)
                0x0000000000009f06                uip_ds6_nbr_lookup
 .text.uip_ds6_nbr_ll_lookup
                0x0000000000009f48        0xc contiki-sky.a(uip-ds6-nbr.o)
                0x0000000000009f48                uip_ds6_nbr_ll_lookup
 .text.uip_ds6_nbr_ipaddr_from_lladdr
                0x0000000000009f54        0x6 contiki-sky.a(uip-ds6-nbr.o)
                0x0000000000009f54                uip_ds6_nbr_ipaddr_from_lladdr
 .text.uip_ds6_nbr_lladdr_from_ipaddr
                0x0000000000009f5a       0x12 contiki-sky.a(uip-ds6-nbr.o)
                0x0000000000009f5a                uip_ds6_nbr_lladdr_from_ipaddr
 .text.uip_ds6_link_neighbor_callback
                0x0000000000009f6c       0x2a contiki-sky.a(uip-ds6-nbr.o)
                0x0000000000009f6c                uip_ds6_link_neighbor_callback
 .text.uip_ds6_neighbor_periodic
                0x0000000000009f96       0x60 contiki-sky.a(uip-ds6-nbr.o)
                0x0000000000009f96                uip_ds6_neighbor_periodic
 .text.uip_nd6_init
                0x0000000000009ff6        0x2 contiki-sky.a(uip-nd6.o)
                0x0000000000009ff6                uip_nd6_init
 .text.set_packet_attrs
                0x0000000000009ff8       0x44 contiki-sky.a(sicslowpan.o)
 .text.addr_context_lookup_by_number
                0x000000000000a03c       0x36 contiki-sky.a(sicslowpan.o)
 .text.compress_addr_64
                0x000000000000a072       0xae contiki-sky.a(sicslowpan.o)
 .text.uncompress_addr
                0x000000000000a120       0xb4 contiki-sky.a(sicslowpan.o)
 .text.input    0x000000000000a1d4      0x65c contiki-sky.a(sicslowpan.o)
 .text.sicslowpan_init
                0x000000000000a830       0x26 contiki-sky.a(sicslowpan.o)
                0x000000000000a830                sicslowpan_init
 .text.addr_context_lookup_by_prefix
                0x000000000000a856       0x4c contiki-sky.a(sicslowpan.o)
 .text.send_packet
                0x000000000000a8a2       0x1a contiki-sky.a(sicslowpan.o)
 .text.output   0x000000000000a8bc      0x6da contiki-sky.a(sicslowpan.o)
 .text.packet_sent
                0x000000000000af96       0x22 contiki-sky.a(sicslowpan.o)
 .text.uip_debug_ipaddr_print
                0x000000000000afb8       0x7c contiki-sky.a(uip-debug.o)
                0x000000000000afb8                uip_debug_ipaddr_print
 .text.uip_udp_packet_send
                0x000000000000b034       0x2e contiki-sky.a(uip-udp-packet.)
                0x000000000000b034                uip_udp_packet_send
 .text.tcpip_output
                0x000000000000b062       0x10 contiki-sky.a(tcpip.o)
                0x000000000000b062                tcpip_output
 .text.tcpip_set_outputfunc
                0x000000000000b072        0x6 contiki-sky.a(tcpip.o)
                0x000000000000b072                tcpip_set_outputfunc
 .text.udp_new  0x000000000000b078       0x1a contiki-sky.a(tcpip.o)
                0x000000000000b078                udp_new
 .text.tcpip_input
                0x000000000000b092       0x16 contiki-sky.a(tcpip.o)
                0x000000000000b092                tcpip_input
 .text.tcpip_ipv6_output
                0x000000000000b0a8       0xce contiki-sky.a(tcpip.o)
                0x000000000000b0a8                tcpip_ipv6_output
 .text.process_thread_tcpip_process
                0x000000000000b176       0xd0 contiki-sky.a(tcpip.o)
 .text.tcpip_uipcall
                0x000000000000b246       0x2a contiki-sky.a(tcpip.o)
                0x000000000000b246                tcpip_uipcall
 .text.lollipop_greater_than
                0x000000000000b270       0x44 contiki-sky.a(rpl-dag.o)
 .text.acceptable_rank
                0x000000000000b2b4       0x50 contiki-sky.a(rpl-dag.o)
 .text.find_parent_any_dag_any_instance
                0x000000000000b304       0x14 contiki-sky.a(rpl-dag.o)
 .text.rpl_set_preferred_parent
                0x000000000000b318       0x30 contiki-sky.a(rpl-dag.o)
 .text.set_ip_from_prefix
                0x000000000000b348       0x38 contiki-sky.a(rpl-dag.o)
 .text.check_prefix
                0x000000000000b380       0x80 contiki-sky.a(rpl-dag.o)
 .text.rpl_get_nbr
                0x000000000000b400       0x1e contiki-sky.a(rpl-dag.o)
                0x000000000000b400                rpl_get_nbr
 .text.rpl_dag_init
                0x000000000000b41e        0xe contiki-sky.a(rpl-dag.o)
                0x000000000000b41e                rpl_dag_init
 .text.rpl_get_parent
                0x000000000000b42c        0xc contiki-sky.a(rpl-dag.o)
                0x000000000000b42c                rpl_get_parent
 .text.rpl_get_parent_ipaddr
                0x000000000000b438       0x10 contiki-sky.a(rpl-dag.o)
                0x000000000000b438                rpl_get_parent_ipaddr
 .text.rpl_set_prefix
                0x000000000000b448       0x8e contiki-sky.a(rpl-dag.o)
                0x000000000000b448                rpl_set_prefix
 .text.rpl_set_default_route
                0x000000000000b4d6       0x5a contiki-sky.a(rpl-dag.o)
                0x000000000000b4d6                rpl_set_default_route
 .text.rpl_alloc_instance
                0x000000000000b530       0x34 contiki-sky.a(rpl-dag.o)
                0x000000000000b530                rpl_alloc_instance
 .text.rpl_add_parent
                0x000000000000b564       0x56 contiki-sky.a(rpl-dag.o)
                0x000000000000b564                rpl_add_parent
 .text.rpl_find_parent
                0x000000000000b5ba       0x1a contiki-sky.a(rpl-dag.o)
                0x000000000000b5ba                rpl_find_parent
 .text.rpl_find_parent_any_dag
                0x000000000000b5d4       0x22 contiki-sky.a(rpl-dag.o)
                0x000000000000b5d4                rpl_find_parent_any_dag
 .text.rpl_select_parent
                0x000000000000b5f6       0x7e contiki-sky.a(rpl-dag.o)
                0x000000000000b5f6                rpl_select_parent
 .text.rpl_select_dag
                0x000000000000b674      0x182 contiki-sky.a(rpl-dag.o)
                0x000000000000b674                rpl_select_dag
 .text.rpl_nullify_parent
                0x000000000000b7f6       0x54 contiki-sky.a(rpl-dag.o)
                0x000000000000b7f6                rpl_nullify_parent
 .text.rpl_remove_parent
                0x000000000000b84a       0x16 contiki-sky.a(rpl-dag.o)
                0x000000000000b84a                rpl_remove_parent
 .text.nbr_callback
                0x000000000000b860        0x6 contiki-sky.a(rpl-dag.o)
 .text.remove_parents.constprop.2
                0x000000000000b866       0x32 contiki-sky.a(rpl-dag.o)
 .text.rpl_move_parent
                0x000000000000b898       0x5a contiki-sky.a(rpl-dag.o)
                0x000000000000b898                rpl_move_parent
 .text.rpl_get_any_dag
                0x000000000000b8f2       0x18 contiki-sky.a(rpl-dag.o)
                0x000000000000b8f2                rpl_get_any_dag
 .text.rpl_get_instance
                0x000000000000b90a       0x1a contiki-sky.a(rpl-dag.o)
                0x000000000000b90a                rpl_get_instance
 .text.rpl_alloc_dag
                0x000000000000b924       0x60 contiki-sky.a(rpl-dag.o)
                0x000000000000b924                rpl_alloc_dag
 .text.rpl_repair_root
                0x000000000000b984       0x50 contiki-sky.a(rpl-dag.o)
                0x000000000000b984                rpl_repair_root
 .text.rpl_find_of
                0x000000000000b9d4       0x10 contiki-sky.a(rpl-dag.o)
                0x000000000000b9d4                rpl_find_of
 .text.rpl_join_instance
                0x000000000000b9e4      0x13c contiki-sky.a(rpl-dag.o)
                0x000000000000b9e4                rpl_join_instance
 .text.rpl_local_repair
                0x000000000000bb20       0x7c contiki-sky.a(rpl-dag.o)
                0x000000000000bb20                rpl_local_repair
 .text.rpl_process_parent_event
                0x000000000000bb9c       0x4e contiki-sky.a(rpl-dag.o)
                0x000000000000bb9c                rpl_process_parent_event
 .text.rpl_recalculate_ranks
                0x000000000000bbea       0x48 contiki-sky.a(rpl-dag.o)
                0x000000000000bbea                rpl_recalculate_ranks
 .text.rpl_add_dag
                0x000000000000bc32      0x112 contiki-sky.a(rpl-dag.o)
                0x000000000000bc32                rpl_add_dag
 .text.rpl_process_dio
                0x000000000000bd44      0x2e2 contiki-sky.a(rpl-dag.o)
                0x000000000000bd44                rpl_process_dio
 .text.rpl_lock_parent
                0x000000000000c026        0xc contiki-sky.a(rpl-dag.o)
                0x000000000000c026                rpl_lock_parent
 .text.new_dio_interval
                0x000000000000c032       0x92 contiki-sky.a(rpl-timers.o)
 .text.handle_periodic_timer
                0x000000000000c0c4       0x2e contiki-sky.a(rpl-timers.o)
 .text.set_dao_lifetime_timer
                0x000000000000c0f2       0x52 contiki-sky.a(rpl-timers.o)
 .text.schedule_dao
                0x000000000000c144       0x82 contiki-sky.a(rpl-timers.o)
 .text.handle_dio_timer
                0x000000000000c1c6       0x88 contiki-sky.a(rpl-timers.o)
 .text.handle_dao_timer
                0x000000000000c24e       0x64 contiki-sky.a(rpl-timers.o)
 .text.rpl_reset_periodic_timer
                0x000000000000c2b2       0x60 contiki-sky.a(rpl-timers.o)
                0x000000000000c2b2                rpl_reset_periodic_timer
 .text.rpl_reset_dio_timer
                0x000000000000c312       0x18 contiki-sky.a(rpl-timers.o)
                0x000000000000c312                rpl_reset_dio_timer
 .text.rpl_schedule_dao
                0x000000000000c32a        0xc contiki-sky.a(rpl-timers.o)
                0x000000000000c32a                rpl_schedule_dao
 .text.rpl_schedule_probing
                0x000000000000c336       0x3c contiki-sky.a(rpl-timers.o)
                0x000000000000c336                rpl_schedule_probing
 .text.handle_probing_timer
                0x000000000000c372      0x124 contiki-sky.a(rpl-timers.o)
 .text.rpl_verify_header
                0x000000000000c496       0xba contiki-sky.a(rpl-ext-header.)
                0x000000000000c496                rpl_verify_header
 .text.rpl_update_header_empty
                0x000000000000c550      0x126 contiki-sky.a(rpl-ext-header.)
                0x000000000000c550                rpl_update_header_empty
 .text.rpl_update_header_final
                0x000000000000c676       0x94 contiki-sky.a(rpl-ext-header.)
                0x000000000000c676                rpl_update_header_final
 .text.rpl_invert_header
                0x000000000000c70a       0x7a contiki-sky.a(rpl-ext-header.)
                0x000000000000c70a                rpl_invert_header
 .text.rpl_insert_header
                0x000000000000c784       0x12 contiki-sky.a(rpl-ext-header.)
                0x000000000000c784                rpl_insert_header
 .text.rpl_get_mode
                0x000000000000c796        0x6 contiki-sky.a(rpl.o)
                0x000000000000c796                rpl_get_mode
 .text.rpl_purge_routes
                0x000000000000c79c       0x96 contiki-sky.a(rpl.o)
                0x000000000000c79c                rpl_purge_routes
 .text.rpl_remove_routes
                0x000000000000c832       0x22 contiki-sky.a(rpl.o)
                0x000000000000c832                rpl_remove_routes
 .text.rpl_remove_routes_by_nexthop
                0x000000000000c854       0x46 contiki-sky.a(rpl.o)
                0x000000000000c854                rpl_remove_routes_by_nexthop
 .text.rpl_add_route
                0x000000000000c89a       0x44 contiki-sky.a(rpl.o)
                0x000000000000c89a                rpl_add_route
 .text.rpl_link_neighbor_callback
                0x000000000000c8de       0x7c contiki-sky.a(rpl.o)
                0x000000000000c8de                rpl_link_neighbor_callback
 .text.rpl_ipv6_neighbor_callback
                0x000000000000c95a       0x1e contiki-sky.a(rpl.o)
                0x000000000000c95a                rpl_ipv6_neighbor_callback
 .text.rpl_init
                0x000000000000c978       0x4a contiki-sky.a(rpl.o)
                0x000000000000c978                rpl_init
 .text.reset    0x000000000000c9c2        0x2 contiki-sky.a(rpl-mrhof.o)
 .text.update_metric_container
                0x000000000000c9c4        0x6 contiki-sky.a(rpl-mrhof.o)
 .text.calculate_rank
                0x000000000000c9ca       0x3e contiki-sky.a(rpl-mrhof.o)
 .text.best_parent
                0x000000000000ca08       0x74 contiki-sky.a(rpl-mrhof.o)
 .text.neighbor_link_callback
                0x000000000000ca7c       0xa2 contiki-sky.a(rpl-mrhof.o)
 .text.best_dag
                0x000000000000cb1e       0x34 contiki-sky.a(rpl-mrhof.o)
 .text.send_packet
                0x000000000000cb52        0x6 contiki-sky.a(nullmac.o)
 .text.packet_input
                0x000000000000cb58        0x6 contiki-sky.a(nullmac.o)
 .text.on       0x000000000000cb5e        0x6 contiki-sky.a(nullmac.o)
 .text.off      0x000000000000cb64        0x6 contiki-sky.a(nullmac.o)
 .text.channel_check_interval
                0x000000000000cb6a        0x4 contiki-sky.a(nullmac.o)
 .text.init     0x000000000000cb6e        0x2 contiki-sky.a(nullmac.o)
 .text.parse    0x000000000000cb70       0xa0 contiki-sky.a(framer-802154.o)
 .text.create_frame.isra.0
                0x000000000000cc10      0x108 contiki-sky.a(framer-802154.o)
 .text.create   0x000000000000cd18        0x8 contiki-sky.a(framer-802154.o)
 .text.hdr_length
                0x000000000000cd20        0x8 contiki-sky.a(framer-802154.o)
 .text.field_len
                0x000000000000cd28       0x98 contiki-sky.a(frame802154.o)
 .text.frame802154_hdrlen
                0x000000000000cdc0       0x2e contiki-sky.a(frame802154.o)
                0x000000000000cdc0                frame802154_hdrlen
 .text.frame802154_create
                0x000000000000cdee      0x146 contiki-sky.a(frame802154.o)
                0x000000000000cdee                frame802154_create
 .text.frame802154_parse
                0x000000000000cf34      0x1da contiki-sky.a(frame802154.o)
                0x000000000000cf34                frame802154_parse
 .text.framer_canonical_create_and_secure
                0x000000000000d10e       0x20 contiki-sky.a(framer.o)
                0x000000000000d10e                framer_canonical_create_and_secure
 .text.on       0x000000000000d12e        0x6 contiki-sky.a(nullrdc.o)
 .text.channel_check_interval
                0x000000000000d134        0x4 contiki-sky.a(nullrdc.o)
 .text.init     0x000000000000d138        0x6 contiki-sky.a(nullrdc.o)
 .text.send_one_packet
                0x000000000000d13e       0x6a contiki-sky.a(nullrdc.o)
 .text.send_list
                0x000000000000d1a8       0x30 contiki-sky.a(nullrdc.o)
 .text.send_packet
                0x000000000000d1d8        0x6 contiki-sky.a(nullrdc.o)
 .text.off      0x000000000000d1de       0x10 contiki-sky.a(nullrdc.o)
 .text.packet_input
                0x000000000000d1ee       0x26 contiki-sky.a(nullrdc.o)
 .text.queuebuf_init
                0x000000000000d214       0x12 contiki-sky.a(queuebuf.o)
                0x000000000000d214                queuebuf_init
 .text.queuebuf_numfree
                0x000000000000d226        0xa contiki-sky.a(queuebuf.o)
                0x000000000000d226                queuebuf_numfree
 .text.queuebuf_new_from_packetbuf
                0x000000000000d230       0x52 contiki-sky.a(queuebuf.o)
                0x000000000000d230                queuebuf_new_from_packetbuf
 .text.queuebuf_free
                0x000000000000d282       0x2a contiki-sky.a(queuebuf.o)
                0x000000000000d282                queuebuf_free
 .text.queuebuf_to_packetbuf
                0x000000000000d2ac       0x32 contiki-sky.a(queuebuf.o)
                0x000000000000d2ac                queuebuf_to_packetbuf
 .text.index_from_key
                0x000000000000d2de       0x48 contiki-sky.a(nbr-table.o)
 .text.item_from_key
                0x000000000000d326       0x34 contiki-sky.a(nbr-table.o)
 .text.nbr_set_bit
                0x000000000000d35a       0x8e contiki-sky.a(nbr-table.o)
 .text.index_from_lladdr
                0x000000000000d3e8       0x42 contiki-sky.a(nbr-table.o)
 .text.nbr_get_bit.constprop.0
                0x000000000000d42a       0x62 contiki-sky.a(nbr-table.o)
 .text.nbr_table_register
                0x000000000000d48c       0x28 contiki-sky.a(nbr-table.o)
                0x000000000000d48c                nbr_table_register
 .text.nbr_table_next
                0x000000000000d4b4       0x90 contiki-sky.a(nbr-table.o)
                0x000000000000d4b4                nbr_table_next
 .text.nbr_table_head
                0x000000000000d544       0x36 contiki-sky.a(nbr-table.o)
                0x000000000000d544                nbr_table_head
 .text.nbr_table_add_lladdr
                0x000000000000d57a      0x144 contiki-sky.a(nbr-table.o)
                0x000000000000d57a                nbr_table_add_lladdr
 .text.nbr_table_get_from_lladdr
                0x000000000000d6be       0x48 contiki-sky.a(nbr-table.o)
                0x000000000000d6be                nbr_table_get_from_lladdr
 .text.nbr_table_remove
                0x000000000000d706       0x32 contiki-sky.a(nbr-table.o)
                0x000000000000d706                nbr_table_remove
 .text.nbr_table_lock
                0x000000000000d738       0x10 contiki-sky.a(nbr-table.o)
                0x000000000000d738                nbr_table_lock
 .text.nbr_table_unlock
                0x000000000000d748       0x10 contiki-sky.a(nbr-table.o)
                0x000000000000d748                nbr_table_unlock
 .text.nbr_table_get_lladdr
                0x000000000000d758       0x5a contiki-sky.a(nbr-table.o)
                0x000000000000d758                nbr_table_get_lladdr
 .text.packetbuf_compact
                0x000000000000d7b2       0x2e contiki-sky.a(packetbuf.o)
                0x000000000000d7b2                packetbuf_compact
 .text.packetbuf_copyto
                0x000000000000d7e0       0x52 contiki-sky.a(packetbuf.o)
                0x000000000000d7e0                packetbuf_copyto
 .text.packetbuf_hdrreduce
                0x000000000000d832       0x1a contiki-sky.a(packetbuf.o)
                0x000000000000d832                packetbuf_hdrreduce
 .text.packetbuf_set_datalen
                0x000000000000d84c        0x6 contiki-sky.a(packetbuf.o)
                0x000000000000d84c                packetbuf_set_datalen
 .text.packetbuf_dataptr
                0x000000000000d852        0xe contiki-sky.a(packetbuf.o)
                0x000000000000d852                packetbuf_dataptr
 .text.packetbuf_hdrptr
                0x000000000000d860        0xa contiki-sky.a(packetbuf.o)
                0x000000000000d860                packetbuf_hdrptr
 .text.packetbuf_datalen
                0x000000000000d86a        0x6 contiki-sky.a(packetbuf.o)
                0x000000000000d86a                packetbuf_datalen
 .text.packetbuf_hdrlen
                0x000000000000d870       0x10 contiki-sky.a(packetbuf.o)
                0x000000000000d870                packetbuf_hdrlen
 .text.packetbuf_totlen
                0x000000000000d880        0xc contiki-sky.a(packetbuf.o)
                0x000000000000d880                packetbuf_totlen
 .text.packetbuf_hdralloc
                0x000000000000d88c       0x2e contiki-sky.a(packetbuf.o)
                0x000000000000d88c                packetbuf_hdralloc
 .text.packetbuf_attr_clear
                0x000000000000d8ba       0x28 contiki-sky.a(packetbuf.o)
                0x000000000000d8ba                packetbuf_attr_clear
 .text.packetbuf_clear
                0x000000000000d8e2       0x1a contiki-sky.a(packetbuf.o)
                0x000000000000d8e2                packetbuf_clear
 .text.packetbuf_copyfrom
                0x000000000000d8fc       0x2e contiki-sky.a(packetbuf.o)
                0x000000000000d8fc                packetbuf_copyfrom
 .text.packetbuf_attr_copyto
                0x000000000000d92a       0x22 contiki-sky.a(packetbuf.o)
                0x000000000000d92a                packetbuf_attr_copyto
 .text.packetbuf_attr_copyfrom
                0x000000000000d94c       0x24 contiki-sky.a(packetbuf.o)
                0x000000000000d94c                packetbuf_attr_copyfrom
 .text.packetbuf_holds_broadcast
                0x000000000000d970        0xe contiki-sky.a(packetbuf.o)
                0x000000000000d970                packetbuf_holds_broadcast
 .text.linkaddr_copy
                0x000000000000d97e        0x8 contiki-sky.a(linkaddr.o)
                0x000000000000d97e                linkaddr_copy
 .text.linkaddr_cmp
                0x000000000000d986       0x12 contiki-sky.a(linkaddr.o)
                0x000000000000d986                linkaddr_cmp
 .text.linkaddr_set_node_addr
                0x000000000000d998        0xc contiki-sky.a(linkaddr.o)
                0x000000000000d998                linkaddr_set_node_addr
 .text.bootstrap
                0x000000000000d9a4        0x4 contiki-sky.a(nullsec.o)
 .text.send     0x000000000000d9a8        0xa contiki-sky.a(nullsec.o)
 .text.on_frame_created
                0x000000000000d9b2        0x4 contiki-sky.a(nullsec.o)
 .text.input    0x000000000000d9b6        0x6 contiki-sky.a(nullsec.o)
 .text.get_overhead
                0x000000000000d9bc        0x4 contiki-sky.a(nullsec.o)
 .text.spi_init
                0x000000000000d9c0       0x32 contiki-sky.a(spi.o)
                0x000000000000d9c0                spi_init
 .text.stimer_set
                0x000000000000d9f2       0x1c contiki-sky.a(stimer.o)
                0x000000000000d9f2                stimer_set
 .text.stimer_expired
                0x000000000000da0e       0x30 contiki-sky.a(stimer.o)
                0x000000000000da0e                stimer_expired
 .text.echo_reply_input
                0x000000000000da3e      0x112 contiki-sky.a(uip-icmp6.o)
 .text.echo_request_input
                0x000000000000db50      0x12c contiki-sky.a(uip-icmp6.o)
 .text.uip_icmp6_input
                0x000000000000dc7c       0x44 contiki-sky.a(uip-icmp6.o)
                0x000000000000dc7c                uip_icmp6_input
 .text.uip_icmp6_register_input_handler
                0x000000000000dcc0        0xc contiki-sky.a(uip-icmp6.o)
                0x000000000000dcc0                uip_icmp6_register_input_handler
 .text.uip_icmp6_error_output
                0x000000000000dccc      0x17a contiki-sky.a(uip-icmp6.o)
                0x000000000000dccc                uip_icmp6_error_output
 .text.uip_icmp6_send
                0x000000000000de46       0x96 contiki-sky.a(uip-icmp6.o)
                0x000000000000de46                uip_icmp6_send
 .text.uip_icmp6_init
                0x000000000000dedc       0x12 contiki-sky.a(uip-icmp6.o)
                0x000000000000dedc                uip_icmp6_init
 .text.get32    0x000000000000deee       0x46 contiki-sky.a(rpl-icmp6.o)
 .text.set32    0x000000000000df34       0x2a contiki-sky.a(rpl-icmp6.o)
 .text.get16    0x000000000000df5e        0xe contiki-sky.a(rpl-icmp6.o)
 .text.set16    0x000000000000df6c       0x10 contiki-sky.a(rpl-icmp6.o)
 .text.dao_ack_input
                0x000000000000df7c        0x6 contiki-sky.a(rpl-icmp6.o)
 .text.dio_input
                0x000000000000df82      0x2d2 contiki-sky.a(rpl-icmp6.o)
 .text.dis_output
                0x000000000000e254       0x50 contiki-sky.a(rpl-icmp6.o)
                0x000000000000e254                dis_output
 .text.dio_output
                0x000000000000e2a4      0x268 contiki-sky.a(rpl-icmp6.o)
                0x000000000000e2a4                dio_output
 .text.dis_input
                0x000000000000e50c       0x28 contiki-sky.a(rpl-icmp6.o)
 .text.dao_output_target
                0x000000000000e534       0xea contiki-sky.a(rpl-icmp6.o)
                0x000000000000e534                dao_output_target
 .text.dao_output
                0x000000000000e61e       0x80 contiki-sky.a(rpl-icmp6.o)
                0x000000000000e61e                dao_output
 .text.dao_ack_output
                0x000000000000e69e       0x32 contiki-sky.a(rpl-icmp6.o)
                0x000000000000e69e                dao_ack_output
 .text.dao_input
                0x000000000000e6d0      0x2a8 contiki-sky.a(rpl-icmp6.o)
 .text.rpl_icmp6_register_handlers
                0x000000000000e978       0x22 contiki-sky.a(rpl-icmp6.o)
                0x000000000000e978                rpl_icmp6_register_handlers
 .text.mac_call_sent_callback
                0x000000000000e99a       0x14 contiki-sky.a(mac.o)
                0x000000000000e99a                mac_call_sent_callback
 .text.libgcc   0x000000000000e9ae       0x2c /usr/lib/gcc/msp430/4.6.3/mmpy-16/libgcc.a(_mulsi3.o)
                0x000000000000e9ae                __mulsi3
 .text.libgcc   0x000000000000e9da       0x22 /usr/lib/gcc/msp430/4.6.3/mmpy-16/libgcc.a(_udivmod16.o)
                0x000000000000e9da                __udivhi3
                0x000000000000e9da                __ext_udivmod16
                0x000000000000e9f4                __umodhi3
 .text.libgcc   0x000000000000e9fc       0x3a /usr/lib/gcc/msp430/4.6.3/mmpy-16/libgcc.a(_divmod16.o)
                0x000000000000e9fc                __ext_divmod16
                0x000000000000e9fc                __divhi3
                0x000000000000ea2e                __modhi3
 .text.libgcc   0x000000000000ea36       0x40 /usr/lib/gcc/msp430/4.6.3/mmpy-16/libgcc.a(_udivmod32.o)
                0x000000000000ea36                __udivsi3
                0x000000000000ea36                __ext_udivmod32
                0x000000000000ea6c                __umodsi3
 .text.libgcc   0x000000000000ea76       0x4c /usr/lib/gcc/msp430/4.6.3/mmpy-16/libgcc.a(_divmod32.o)
                0x000000000000ea76                __ext_divmod32
                0x000000000000ea76                __divsi3
                0x000000000000eab8                __modsi3
 .text          0x000000000000eac2       0x42 /usr/lib/gcc/msp430/4.6.3/mmpy-16/libgcc.a(_fixunssfsi.o)
                0x000000000000eac2                __fixunssfsi
 .text          0x000000000000eb04      0x32e /usr/lib/gcc/msp430/4.6.3/mmpy-16/libgcc.a(_addsub_sf.o)
                0x000000000000ed96                __addsf3
                0x000000000000ede2                __subsf3
 .text          0x000000000000ee32      0x224 /usr/lib/gcc/msp430/4.6.3/mmpy-16/libgcc.a(_mul_sf.o)
                0x000000000000ee32                __mulsf3
 .text          0x000000000000f056       0x50 /usr/lib/gcc/msp430/4.6.3/mmpy-16/libgcc.a(_ge_sf.o)
                0x000000000000f056                __gesf2
 .text          0x000000000000f0a6       0xa6 /usr/lib/gcc/msp430/4.6.3/mmpy-16/libgcc.a(_si_to_sf.o)
                0x000000000000f0a6                __floatsisf
 .text          0x000000000000f14c       0x90 /usr/lib/gcc/msp430/4.6.3/mmpy-16/libgcc.a(_sf_to_si.o)
                0x000000000000f14c                __fixsfsi
 .text          0x000000000000f1dc       0xe2 /usr/lib/gcc/msp430/4.6.3/mmpy-16/libgcc.a(_usi_to_sf.o)
                0x000000000000f1dc                __floatunsisf
 .text          0x000000000000f2be       0x72 /usr/lib/gcc/msp430/4.6.3/mmpy-16/libgcc.a(_clzsi2.o)
                0x000000000000f2be                __clzsi2
 .text          0x000000000000f330      0x1de /usr/lib/gcc/msp430/4.6.3/mmpy-16/libgcc.a(_pack_sf.o)
                0x000000000000f330                __pack_f
 .text          0x000000000000f50e      0x124 /usr/lib/gcc/msp430/4.6.3/mmpy-16/libgcc.a(_unpack_sf.o)
                0x000000000000f50e                __unpack_f
 .text          0x000000000000f632       0xa4 /usr/lib/gcc/msp430/4.6.3/mmpy-16/libgcc.a(_fpcmp_parts_sf.o)
                0x000000000000f632                __fpcmp_parts_f
 .text          0x000000000000f6d6       0x12 /usr/lib/gcc/msp430/4.6.3/../../../../msp430/lib/mmpy-16/libc.a(strchr.o)
                0x000000000000f6d6                strchr
 .text          0x000000000000f6e8       0x1c /usr/lib/gcc/msp430/4.6.3/../../../../msp430/lib/mmpy-16/libc.a(memchr.o)
                0x000000000000f6e8                memchr
 .text          0x000000000000f704       0x28 /usr/lib/gcc/msp430/4.6.3/../../../../msp430/lib/mmpy-16/libc.a(strncmp.o)
                0x000000000000f704                strncmp
 .text          0x000000000000f72c       0x20 /usr/lib/gcc/msp430/4.6.3/../../../../msp430/lib/mmpy-16/libc.a(memcmp.o)
                0x000000000000f72c                memcmp
 .text          0x000000000000f74c       0xfa /usr/lib/gcc/msp430/4.6.3/../../../../msp430/lib/mmpy-16/libc.a(memcpy.o)
                0x000000000000f74c                memcpy
 .text          0x000000000000f846       0xfa /usr/lib/gcc/msp430/4.6.3/../../../../msp430/lib/mmpy-16/libc.a(memmove.o)
                0x000000000000f846                memmove
 .text          0x000000000000f940       0x6a /usr/lib/gcc/msp430/4.6.3/../../../../msp430/lib/mmpy-16/libc.a(memset.o)
                0x000000000000f940                memset
 .text          0x000000000000f9aa       0x8a /usr/lib/gcc/msp430/4.6.3/../../../../msp430/lib/mmpy-16/libc.a(atoi.o)
                0x000000000000f9aa                atoi
 .text          0x000000000000fa34       0x1e /usr/lib/gcc/msp430/4.6.3/../../../../msp430/lib/mmpy-16/libc.a(printf.o)
                0x000000000000fa34                printf
                0x000000000000fa44                vprintf
 .text          0x000000000000fa52       0xbc /usr/lib/gcc/msp430/4.6.3/../../../../msp430/lib/mmpy-16/libc.a(sprintf.o)
                0x000000000000fab0                sprintf
                0x000000000000facc                snprintf
                0x000000000000fae6                vsprintf
                0x000000000000fafc                vsnprintf
 .text          0x000000000000fb0e      0x836 /usr/lib/gcc/msp430/4.6.3/../../../../msp430/lib/mmpy-16/libc.a(vuprintf.o)
                0x000000000000fca6                vuprintf
 .text          0x0000000000010344       0x2c /usr/lib/gcc/msp430/4.6.3/../../../../msp430/lib/mmpy-16/libc.a(puts.o)
                0x0000000000010344                puts
 .text          0x0000000000010370       0x54 /usr/lib/gcc/msp430/4.6.3/../../../../msp430/lib/mmpy-16/libc.a(rand.o)
                0x0000000000010370                rand_r
                0x0000000000010394                rand
                0x00000000000103ba                srand
 .text.libgcc   0x00000000000103c4       0xf0 /usr/lib/gcc/msp430/4.6.3/mmpy-16/libgcc.a(_udivmod64.o)
                0x00000000000103c4                __xabi_udivmod64
                0x0000000000010422                __udivdi3
                0x0000000000010448                __umoddi3
                0x0000000000010476                __udivmoddi4
 .text.crt0     0x00000000000104b4        0x2 /usr/lib/gcc/msp430/4.6.3/mmpy-16/libcrt0.a(_unexpected_.o)
                0x00000000000104b4                _unexpected_
                0x00000000000104b6                . = ALIGN (0x2)

.rodata         0x00000000000104b6      0x60e
                0x00000000000104b6                . = ALIGN (0x2)
 *(.rodata .rodata.* .gnu.linkonce.r.*)
 .rodata        0x00000000000104b6       0x58 er-example-server.co
                0x00000000000104f4                autostart_processes
 .rodata        0x000000000001050e       0x1d obj_sky/res-toggle.o
 .rodata        0x000000000001052b       0x6d obj_sky/res-hello.o
 .rodata        0x0000000000010598      0x124 obj_sky/contiki-sky-main.o
 .rodata        0x00000000000106bc       0x8a contiki-sky.a(er-coap.o)
 .rodata        0x0000000000010746       0xec contiki-sky.a(er-coap-engine.)
                0x00000000000107a0                coap_rest_implementation
 .rodata        0x0000000000010832       0x11 contiki-sky.a(er-coap-observe)
 .rodata        0x0000000000010843       0x19 contiki-sky.a(er-coap-res-wel)
 .rodata        0x000000000001085c       0x10 contiki-sky.a(er-cocoa.o)
 .rodata        0x000000000001086c        0xc contiki-sky.a(rest-engine.o)
 .rodata        0x0000000000010878       0x10 contiki-sky.a(button-sensor.o)
                0x0000000000010880                button_sensor
 .rodata        0x0000000000010888        0x8 contiki-sky.a(sensors.o)
 .rodata        0x0000000000010890       0x5a contiki-sky.a(cc2420.o)
                0x00000000000108ac                cc2420_aes_128_driver
                0x00000000000108b0                cc2420_driver
 .rodata        0x00000000000108ea        0xf contiki-sky.a(ctimer.o)
 .rodata        0x00000000000108f9        0xc contiki-sky.a(etimer.o)
 *fill*         0x0000000000010905        0x1 00
 .rodata        0x0000000000010906       0x24 contiki-sky.a(sicslowpan.o)
                0x0000000000010912                sicslowpan_driver
                0x0000000000010918                llprefix
                0x000000000001091a                unc_mxconf
                0x000000000001091e                unc_ctxconf
                0x0000000000010922                unc_llconf
 .rodata        0x000000000001092a       0x29 contiki-sky.a(uip-debug.o)
 .rodata        0x0000000000010953        0xd contiki-sky.a(tcpip.o)
 .rodata        0x0000000000010960       0x16 contiki-sky.a(nullmac.o)
                0x0000000000010968                nullmac_driver
 .rodata        0x0000000000010976        0x8 contiki-sky.a(framer-802154.o)
                0x0000000000010976                framer_802154
 .rodata        0x000000000001097e        0x2 contiki-sky.a(frame802154.o)
 .rodata        0x0000000000010980       0x18 contiki-sky.a(nullrdc.o)
                0x0000000000010988                nullrdc_driver
 .rodata        0x0000000000010998        0x8 contiki-sky.a(linkaddr.o)
                0x0000000000010998                linkaddr_null
 .rodata        0x00000000000109a0       0x14 contiki-sky.a(nullsec.o)
                0x00000000000109a8                nullsec_driver
 .rodata        0x00000000000109b4        0x8 /usr/lib/gcc/msp430/4.6.3/mmpy-16/libgcc.a(_thenan_sf.o)
                0x00000000000109b4                __thenan_sf
 .rodata        0x00000000000109bc      0x100 /usr/lib/gcc/msp430/4.6.3/mmpy-16/libgcc.a(_clz.o)
                0x00000000000109bc                __clz_tab
 .rodata        0x0000000000010abc        0x7 /usr/lib/gcc/msp430/4.6.3/../../../../msp430/lib/mmpy-16/libc.a(vuprintf.o)
                0x0000000000010ac4                . = ALIGN (0x2)
 *fill*         0x0000000000010ac3        0x1 00
                0x0000000000010ac4                _etext = .

.data           0x0000000000001100      0x17e load address 0x0000000000010ac4
                0x0000000000001100                . = ALIGN (0x2)
                0x0000000000001100                PROVIDE (__data_start, .)
 *(.data .data.* .gnu.linkonce.d.*)
 .data          0x0000000000001100        0xa er-example-server.co
                0x0000000000001100                er_example_server
 .data          0x000000000000110a       0x12 obj_sky/res-toggle.o
                0x000000000000110a                res_toggle
 .data          0x000000000000111c       0x12 obj_sky/res-hello.o
                0x000000000000111c                res_hello
 .data          0x000000000000112e        0x2 contiki-sky.a(er-coap.o)
                0x000000000000112e                coap_error_message
 .data          0x0000000000001130        0xa contiki-sky.a(er-coap-engine.)
                0x0000000000001130                coap_engine
 .data          0x000000000000113a        0x8 contiki-sky.a(er-coap-transac)
 .data          0x0000000000001142        0x8 contiki-sky.a(er-coap-observe)
 .data          0x000000000000114a       0x12 contiki-sky.a(er-coap-res-wel)
                0x000000000000114a                res_well_known_core
 .data          0x000000000000115c       0x5c contiki-sky.a(er-cocoa.o)
                0x000000000000115c                exponentof
 .data          0x00000000000011b8        0xa contiki-sky.a(rest-engine.o)
                0x00000000000011b8                rest_engine_process
 .data          0x00000000000011c2        0x4 contiki-sky.a(contiki-sky-pla)
                0x00000000000011c2                sensors
 .data          0x00000000000011c6        0xa contiki-sky.a(sensors.o)
                0x00000000000011c6                sensors_process
 .data          0x00000000000011d0        0xa contiki-sky.a(cc2420.o)
                0x00000000000011d0                cc2420_process
 .data          0x00000000000011da        0x2 contiki-sky.a(msp430.o)
 .data          0x00000000000011dc        0xa contiki-sky.a(ctimer.o)
                0x00000000000011dc                ctimer_process
 .data          0x00000000000011e6        0xa contiki-sky.a(etimer.o)
                0x00000000000011e6                etimer_process
 .data          0x00000000000011f0       0x20 contiki-sky.a(uip-ds6-route.o)
 .data          0x0000000000001210        0xa contiki-sky.a(uip-ds6-nbr.o)
                0x0000000000001210                ds6_neighbors
 .data          0x000000000000121a        0xa contiki-sky.a(tcpip.o)
                0x000000000000121a                tcpip_process
 .data          0x0000000000001224        0xa contiki-sky.a(rpl-dag.o)
                0x0000000000001224                rpl_parents
 .data          0x000000000000122e        0xe contiki-sky.a(rpl-mrhof.o)
                0x000000000000122e                rpl_mrhof
 .data          0x000000000000123c       0x10 contiki-sky.a(queuebuf.o)
 .data          0x000000000000124c        0x8 contiki-sky.a(nbr-table.o)
 .data          0x0000000000001254        0xc contiki-sky.a(uip-icmp6.o)
 .data          0x0000000000001260       0x1a contiki-sky.a(rpl-icmp6.o)
 .data          0x000000000000127a        0x4 /usr/lib/gcc/msp430/4.6.3/../../../../msp430/lib/mmpy-16/libc.a(rand.o)
                0x000000000000127e                . = ALIGN (0x2)
                0x000000000000127e                _edata = .
                0x0000000000010ac4                PROVIDE (__data_load_start, LOADADDR (.data))
                0x000000000000017e                PROVIDE (__data_size, SIZEOF (.data))

.bss            0x000000000000127e     0x1b98 load address 0x0000000000010c42
                0x000000000000127e                PROVIDE (__bss_start, .)
 *(.bss .bss.*)
 .bss           0x000000000000127e        0xc obj_sky/contiki-sky-main.o
 .bss           0x000000000000128a        0x6 contiki-sky.a(er-coap.o)
                0x000000000000128a                erbium_status_code
 .bss           0x0000000000001290      0x10c contiki-sky.a(er-coap-engine.)
 .bss           0x000000000000139c      0x2a4 contiki-sky.a(er-coap-transac)
                0x000000000000139c                success
                0x000000000000139e                failed
 .bss           0x0000000000001640       0xa2 contiki-sky.a(er-coap-observe)
 .bss           0x00000000000016e2       0xb0 contiki-sky.a(er-cocoa.o)
 .bss           0x0000000000001792        0x4 contiki-sky.a(rest-engine.o)
 .bss           0x0000000000001796        0x8 contiki-sky.a(button-sensor.o)
 .bss           0x000000000000179e        0x2 contiki-sky.a(node-id.o)
                0x000000000000179e                node_id
 .bss           0x00000000000017a0        0x6 contiki-sky.a(sensors.o)
 .bss           0x00000000000017a6        0x8 contiki-sky.a(cc2420.o)
 .bss           0x00000000000017ae       0x9a contiki-sky.a(uart1.o)
 .bss           0x0000000000001848        0xa contiki-sky.a(clock.o)
 .bss           0x0000000000001852        0x1 contiki-sky.a(leds.o)
 *fill*         0x0000000000001853        0x1 00
 .bss           0x0000000000001854        0x2 contiki-sky.a(watchdog.o)
 .bss           0x0000000000001856        0x4 contiki-sky.a(ctimer.o)
 .bss           0x000000000000185a        0x6 contiki-sky.a(etimer.o)
 .bss           0x0000000000001860       0x42 contiki-sky.a(process.o)
                0x0000000000001860                process_current
                0x0000000000001862                process_list
 .bss           0x00000000000018a2        0x2 contiki-sky.a(rtimer.o)
 .bss           0x00000000000018a4       0x18 contiki-sky.a(uip-ds6.o)
 .bss           0x00000000000018bc      0x362 contiki-sky.a(uip-ds6-route.o)
 .bss           0x0000000000001c1e        0xa contiki-sky.a(uip6.o)