Archive member included because of file (symbol)

contiki-sky.a(contiki-sky-pla)
                              obj_sky/contiki-sky-main.o (init_platform)
contiki-sky.a(button-sensor.o)
                              border-router.co (button_sensor)
contiki-sky.a(ds2411.o)       obj_sky/contiki-sky-main.o (ds2411_init)
contiki-sky.a(xmem.o)         obj_sky/contiki-sky-main.o (xmem_init)
contiki-sky.a(node-id.o)      obj_sky/contiki-sky-main.o (node_id_restore)
contiki-sky.a(sensors.o)      border-router.co (sensors_event)
contiki-sky.a(cc2420.o)       obj_sky/contiki-sky-main.o (cc2420_set_pan_addr)
contiki-sky.a(cc2420-arch.o)  contiki-sky.a(cc2420.o) (cc2420_arch_init)
contiki-sky.a(uart1.o)        obj_sky/contiki-sky-main.o (uart1_active)
contiki-sky.a(slip_uart1.o)   obj_sky/slip-bridge.o (slip_arch_writeb)
contiki-sky.a(slip.o)         obj_sky/slip-bridge.o (slip_process)
contiki-sky.a(msp430.o)       contiki-sky.a(uart1.o) (msp430_add_lpm_req)
contiki-sky.a(clock.o)        obj_sky/contiki-sky-main.o (clock_init)
contiki-sky.a(leds.o)         obj_sky/contiki-sky-main.o (leds_init)
contiki-sky.a(leds-arch.o)    contiki-sky.a(leds.o) (leds_arch_init)
contiki-sky.a(watchdog.o)     obj_sky/contiki-sky-main.o (watchdog_start)
contiki-sky.a(rtimer-arch.o)  obj_sky/contiki-sky-main.o (rtimer_arch_now)
contiki-sky.a(autostart.o)    obj_sky/contiki-sky-main.o (autostart_start)
contiki-sky.a(ctimer.o)       obj_sky/contiki-sky-main.o (ctimer_init)
contiki-sky.a(energest.o)     obj_sky/contiki-sky-main.o (energest_init)
contiki-sky.a(etimer.o)       contiki-sky.a(clock.o) (etimer_request_poll)
contiki-sky.a(process.o)      border-router.co (process_current)
contiki-sky.a(rtimer.o)       obj_sky/contiki-sky-main.o (rtimer_init)
contiki-sky.a(timer.o)        obj_sky/httpd-simple.o (timer_set)
contiki-sky.a(list.o)         contiki-sky.a(ctimer.o) (list_init)
contiki-sky.a(memb.o)         obj_sky/httpd-simple.o (memb_init)
contiki-sky.a(random.o)       obj_sky/contiki-sky-main.o (random_init)
contiki-sky.a(uip-ds6.o)      border-router.co (uip_ds6_if)
contiki-sky.a(uip-ds6-route.o)
                              contiki-sky.a(uip-ds6.o) (uip_ds6_route_init)
contiki-sky.a(uip6.o)         border-router.co (uip_aligned_buf)
contiki-sky.a(uip-ds6-nbr.o)  border-router.co (ds6_neighbors)
contiki-sky.a(uip-nd6.o)      contiki-sky.a(uip6.o) (uip_nd6_init)
contiki-sky.a(sicslowpan.o)   obj_sky/contiki-sky-main.o (sicslowpan_driver)
contiki-sky.a(uip-debug.o)    border-router.co (uip_debug_ipaddr_print)
contiki-sky.a(psock.o)        border-router.co (psock_send)
contiki-sky.a(tcpip.o)        contiki-sky.a(sicslowpan.o) (tcpip_set_outputfunc)
contiki-sky.a(rpl-dag.o)      border-router.co (rpl_set_prefix)
contiki-sky.a(rpl-timers.o)   contiki-sky.a(rpl-dag.o) (rpl_reset_dio_timer)
contiki-sky.a(rpl-ext-header.)
                              contiki-sky.a(uip6.o) (rpl_verify_header)
contiki-sky.a(rpl.o)          contiki-sky.a(rpl-timers.o) (rpl_get_mode)
contiki-sky.a(rpl-mrhof.o)    contiki-sky.a(rpl-dag.o) (rpl_mrhof)
contiki-sky.a(framer-802154.o)
                              contiki-sky.a(sicslowpan.o) (framer_802154)
contiki-sky.a(frame802154.o)  contiki-sky.a(framer-802154.o) (frame802154_hdrlen)
contiki-sky.a(csma.o)         border-router.co (csma_driver)
contiki-sky.a(framer.o)       contiki-sky.a(framer-802154.o) (framer_canonical_create_and_secure)
contiki-sky.a(queuebuf.o)     obj_sky/contiki-sky-main.o (queuebuf_init)
contiki-sky.a(nbr-table.o)    contiki-sky.a(uip-ds6-route.o) (nbr_table_register)
contiki-sky.a(packetbuf.o)    contiki-sky.a(framer.o) (packetbuf_compact)
contiki-sky.a(linkaddr.o)     obj_sky/contiki-sky-main.o (linkaddr_copy)
contiki-sky.a(contikimac.o)   obj_sky/contiki-sky-main.o (contikimac_driver)
contiki-sky.a(nullsec.o)      obj_sky/contiki-sky-main.o (nullsec_driver)
contiki-sky.a(spi.o)          contiki-sky.a(xmem.o) (spi_init)
contiki-sky.a(stimer.o)       contiki-sky.a(uip-ds6.o) (stimer_set)
contiki-sky.a(compower.o)     contiki-sky.a(contikimac.o) (compower_accumulate)
contiki-sky.a(uip-icmp6.o)    contiki-sky.a(uip6.o) (uip_icmp6_input)
contiki-sky.a(rpl-icmp6.o)    contiki-sky.a(rpl-timers.o) (dis_output)
contiki-sky.a(mac-sequence.o)
                              contiki-sky.a(contikimac.o) (mac_sequence_is_duplicate)
contiki-sky.a(mac.o)          contiki-sky.a(csma.o) (mac_call_sent_callback)
/usr/lib/gcc/msp430/4.6.3/mmpy-16/libgcc.a(_mulsi3.o)
                              contiki-sky.a(rpl-dag.o) (__mulsi3)
/usr/lib/gcc/msp430/4.6.3/mmpy-16/libgcc.a(_udivmod16.o)
                              contiki-sky.a(rpl-dag.o) (__udivhi3)
/usr/lib/gcc/msp430/4.6.3/mmpy-16/libgcc.a(_divmod16.o)
                              contiki-sky.a(sicslowpan.o) (__divhi3)
/usr/lib/gcc/msp430/4.6.3/mmpy-16/libgcc.a(_udivmod32.o)
                              obj_sky/contiki-sky-main.o (__udivsi3)
/usr/lib/gcc/msp430/4.6.3/../../../../msp430/lib/mmpy-16/libc.a(strncmp.o)
[...]
Memory Configuration

Name             Origin             Length             Attributes
sfr              0x0000000000000000 0x0000000000000010
peripheral_8bit  0x0000000000000010 0x00000000000000f0
peripheral_16bit 0x0000000000000100 0x0000000000000100
ram_mirror       0x0000000000000200 0x0000000000000800 xw
infomem          0x0000000000001000 0x0000000000000100
infob            0x0000000000001000 0x0000000000000080
infoa            0x0000000000001080 0x0000000000000080
ram              0x0000000000001100 0x0000000000002800 xw
rom              0x0000000000004000 0x000000000000bfe0 xr
vectors          0x000000000000ffe0 0x0000000000000020
bsl              0x0000000000000000 0x0000000000000000
infoc            0x0000000000000000 0x0000000000000000
infod            0x0000000000000000 0x0000000000000000
ram2             0x0000000000000000 0x0000000000000000 xw
usbram           0x0000000000000000 0x0000000000000000 xw
far_rom          0x0000000000000000 0x0000000000000000
*default*        0x0000000000000000 0xffffffffffffffff

Linker script and memory map

LOAD /usr/lib/gcc/msp430/4.6.3/mmpy-16/crt0ivtbl16.o
LOAD border-router.co
LOAD obj_sky/slip-bridge.o
LOAD obj_sky/httpd-simple.o
LOAD obj_sky/contiki-sky-main.o
LOAD contiki-sky.a
LOAD /usr/lib/gcc/msp430/4.6.3/../../../../msp430/lib/mmpy-16/libm.a
LOAD /usr/lib/gcc/msp430/4.6.3/mmpy-16/libgcc.a
LOAD /usr/lib/gcc/msp430/4.6.3/../../../../msp430/lib/mmpy-16/libc.a
LOAD /usr/lib/gcc/msp430/4.6.3/mmpy-16/libgcc.a
LOAD /usr/lib/gcc/msp430/4.6.3/mmpy-16/libcrt0.a
                0x0000000000000080                PROVIDE (__info_segment_size, 0x80)
                0x0000000000001000                PROVIDE (__infob, 0x1000)
                0x0000000000001080                PROVIDE (__infoa, 0x1080)
                0x0000000000000000                __IE1 = 0x0
                0x0000000000000002                __IFG1 = 0x2
                0x0000000000000004                __ME1 = 0x4
                0x0000000000000001                __IE2 = 0x1
                0x0000000000000003                __IFG2 = 0x3
                0x0000000000000005                __ME2 = 0x5
                0x0000000000000120                __WDTCTL = 0x120
                0x0000000000000130                __MPY = 0x130
                0x0000000000000132                __MPYS = 0x132
                0x0000000000000134                __MAC = 0x134
                0x0000000000000136                __MACS = 0x136
                0x0000000000000138                __OP2 = 0x138
                0x000000000000013a                __RESLO = 0x13a
                0x000000000000013c                __RESHI = 0x13c
                0x000000000000013e                __SUMEXT = 0x13e
                0x0000000000000020                __P1IN = 0x20
                0x0000000000000021                __P1OUT = 0x21
                0x0000000000000022                __P1DIR = 0x22
                0x0000000000000023                __P1IFG = 0x23
                0x0000000000000024                __P1IES = 0x24
                0x0000000000000025                __P1IE = 0x25
                0x0000000000000026                __P1SEL = 0x26
                0x0000000000000028                __P2IN = 0x28
                0x0000000000000029                __P2OUT = 0x29
                0x000000000000002a                __P2DIR = 0x2a
                0x000000000000002b                __P2IFG = 0x2b
                0x000000000000002c                __P2IES = 0x2c
                0x000000000000002d                __P2IE = 0x2d
                0x000000000000002e                __P2SEL = 0x2e
                0x0000000000000018                __P3IN = 0x18
                0x0000000000000019                __P3OUT = 0x19
                0x000000000000001a                __P3DIR = 0x1a
                0x000000000000001b                __P3SEL = 0x1b
                0x000000000000001c                __P4IN = 0x1c
                0x000000000000001d                __P4OUT = 0x1d
                0x000000000000001e                __P4DIR = 0x1e
                0x000000000000001f                __P4SEL = 0x1f
                0x0000000000000030                __P5IN = 0x30
                0x0000000000000031                __P5OUT = 0x31
                0x0000000000000032                __P5DIR = 0x32
                0x0000000000000033                __P5SEL = 0x33
                0x0000000000000034                __P6IN = 0x34
                0x0000000000000035                __P6OUT = 0x35
                0x0000000000000036                __P6DIR = 0x36
                0x0000000000000037                __P6SEL = 0x37
                0x0000000000000070                __U0CTL = 0x70
                0x0000000000000071                __U0TCTL = 0x71
                0x0000000000000072                __U0RCTL = 0x72
                0x0000000000000073                __U0MCTL = 0x73
                0x0000000000000074                __U0BR0 = 0x74
                0x0000000000000075                __U0BR1 = 0x75
                0x0000000000000076                __U0RXBUF = 0x76
                0x0000000000000077                __U0TXBUF = 0x77
                0x0000000000000078                __U1CTL = 0x78
                0x0000000000000079                __U1TCTL = 0x79
                0x000000000000007a                __U1RCTL = 0x7a
                0x000000000000007b                __U1MCTL = 0x7b
                0x000000000000007c                __U1BR0 = 0x7c
                0x000000000000007d                __U1BR1 = 0x7d
                0x000000000000007e                __U1RXBUF = 0x7e
                0x000000000000007f                __U1TXBUF = 0x7f
                0x0000000000000050                __I2CIE = 0x50
                0x0000000000000051                __I2CIFG = 0x51
                0x0000000000000052                __I2CNDAT = 0x52
                0x0000000000000071                __I2CTCTL = 0x71
                0x0000000000000072                __I2CDCTL = 0x72
                0x0000000000000073                __I2CPSC = 0x73
                0x0000000000000074                __I2CSCLH = 0x74
                0x0000000000000075                __I2CSCLL = 0x75
                0x0000000000000076                __I2CDRB = 0x76
                0x0000000000000076                __I2CDRW = 0x76
                0x0000000000000118                __I2COA = 0x118
                0x000000000000011a                __I2CSA = 0x11a
                0x000000000000011c                __I2CIV = 0x11c
                0x000000000000012e                __TAIV = 0x12e
                0x0000000000000160                __TACTL = 0x160
                0x0000000000000162                __TACCTL0 = 0x162
                0x0000000000000164                __TACCTL1 = 0x164
                0x0000000000000166                __TACCTL2 = 0x166
                0x0000000000000170                __TAR = 0x170
                0x0000000000000172                __TACCR0 = 0x172
                0x0000000000000174                __TACCR1 = 0x174
                0x0000000000000176                __TACCR2 = 0x176
                0x000000000000011e                __TBIV = 0x11e
                0x0000000000000180                __TBCTL = 0x180
                0x0000000000000182                __TBCCTL0 = 0x182
                0x0000000000000184                __TBCCTL1 = 0x184
                0x0000000000000186                __TBCCTL2 = 0x186
                0x0000000000000188                __TBCCTL3 = 0x188
                0x000000000000018a                __TBCCTL4 = 0x18a
                0x000000000000018c                __TBCCTL5 = 0x18c
                0x000000000000018e                __TBCCTL6 = 0x18e
                0x0000000000000190                __TBR = 0x190
                0x0000000000000192                __TBCCR0 = 0x192
                0x0000000000000194                __TBCCR1 = 0x194
                0x0000000000000196                __TBCCR2 = 0x196
                0x0000000000000198                __TBCCR3 = 0x198
                0x000000000000019a                __TBCCR4 = 0x19a
                0x000000000000019c                __TBCCR5 = 0x19c
                0x000000000000019e                __TBCCR6 = 0x19e
                0x0000000000000056                __DCOCTL = 0x56
                0x0000000000000057                __BCSCTL1 = 0x57
                0x0000000000000058                __BCSCTL2 = 0x58
                0x0000000000000055                __SVSCTL = 0x55
                0x0000000000000128                __FCTL1 = 0x128
                0x000000000000012a                __FCTL2 = 0x12a
                0x000000000000012c                __FCTL3 = 0x12c
                0x0000000000000059                __CACTL1 = 0x59
                0x000000000000005a                __CACTL2 = 0x5a
                0x000000000000005b                __CAPD = 0x5b
                0x00000000000001a0                __ADC12CTL0 = 0x1a0
                0x00000000000001a2                __ADC12CTL1 = 0x1a2
                0x00000000000001a4                __ADC12IFG = 0x1a4
                0x00000000000001a6                __ADC12IE = 0x1a6
                0x00000000000001a8                __ADC12IV = 0x1a8
                0x0000000000000140                __ADC12MEM0 = 0x140
                0x0000000000000142                __ADC12MEM1 = 0x142
                0x0000000000000144                __ADC12MEM2 = 0x144
                0x0000000000000146                __ADC12MEM3 = 0x146
                0x0000000000000148                __ADC12MEM4 = 0x148
                0x000000000000014a                __ADC12MEM5 = 0x14a
                0x000000000000014c                __ADC12MEM6 = 0x14c
                0x000000000000014e                __ADC12MEM7 = 0x14e
                0x0000000000000150                __ADC12MEM8 = 0x150
                0x0000000000000152                __ADC12MEM9 = 0x152
                0x0000000000000154                __ADC12MEM10 = 0x154
                0x0000000000000156                __ADC12MEM11 = 0x156
                0x0000000000000158                __ADC12MEM12 = 0x158
                0x000000000000015a                __ADC12MEM13 = 0x15a
                0x000000000000015c                __ADC12MEM14 = 0x15c
                0x000000000000015e                __ADC12MEM15 = 0x15e
                0x0000000000000080                __ADC12MCTL0 = 0x80
                0x0000000000000081                __ADC12MCTL1 = 0x81
                0x0000000000000082                __ADC12MCTL2 = 0x82
                0x0000000000000083                __ADC12MCTL3 = 0x83
                0x0000000000000084                __ADC12MCTL4 = 0x84
                0x0000000000000085                __ADC12MCTL5 = 0x85
                0x0000000000000086                __ADC12MCTL6 = 0x86
                0x0000000000000087                __ADC12MCTL7 = 0x87
                0x0000000000000088                __ADC12MCTL8 = 0x88
                0x0000000000000089                __ADC12MCTL9 = 0x89
                0x000000000000008a                __ADC12MCTL10 = 0x8a
                0x000000000000008b                __ADC12MCTL11 = 0x8b
                0x000000000000008c                __ADC12MCTL12 = 0x8c
                0x000000000000008d                __ADC12MCTL13 = 0x8d
                0x000000000000008e                __ADC12MCTL14 = 0x8e
                0x000000000000008f                __ADC12MCTL15 = 0x8f
                0x00000000000001c0                __DAC12_0CTL = 0x1c0
                0x00000000000001c2                __DAC12_1CTL = 0x1c2
                0x00000000000001c8                __DAC12_0DAT = 0x1c8
                0x00000000000001ca                __DAC12_1DAT = 0x1ca
                0x0000000000000122                __DMACTL0 = 0x122
                0x0000000000000124                __DMACTL1 = 0x124
                0x00000000000001e0                __DMA0CTL = 0x1e0
                0x00000000000001e8                __DMA1CTL = 0x1e8
                0x00000000000001f0                __DMA2CTL = 0x1f0
                0x00000000000001e2                __DMA0SA = 0x1e2
                0x00000000000001e4                __DMA0DA = 0x1e4
                0x00000000000001e6                __DMA0SZ = 0x1e6
                0x00000000000001ea                __DMA1SA = 0x1ea
                0x00000000000001ec                __DMA1DA = 0x1ec
                0x00000000000001ee                __DMA1SZ = 0x1ee
                0x00000000000001f2                __DMA2SA = 0x1f2
                0x00000000000001f4                __DMA2DA = 0x1f4
                0x00000000000001f6                __DMA2SZ = 0x1f6

.hash
 *(.hash)

.dynsym
 *(.dynsym)

.dynstr
 *(.dynstr)

.gnu.version
 *(.gnu.version)

.gnu.version_d
 *(.gnu.version_d)

.gnu.version_r
 *(.gnu.version_r)

.rel.init
 *(.rel.init)

.rela.init
 *(.rela.init)

.rel.fini
 *(.rel.fini)

.rela.fini
 *(.rela.fini)

.rel.text
 *(.rel.text .rel.text.* .rel.gnu.linkonce.t.*)

.rela.text
 *(.rela.text .rela.text.* .rela.gnu.linkonce.t.*)

.rel.rodata
 *(.rel.rodata .rel.rodata.* .rel.gnu.linkonce.r.*)

.rela.rodata
 *(.rela.rodata .rela.rodata.* .rela.gnu.linkonce.r.*)

.rel.data
 *(.rel.data .rel.data.* .rel.gnu.linkonce.d.*)

.rela.data
 *(.rela.data .rela.data.* .rela.gnu.linkonce.d.*)

.rel.bss
 *(.rel.bss .rel.bss.* .rel.gnu.linkonce.b.*)

.rela.bss
 *(.rela.bss .rela.bss.* .rela.gnu.linkonce.b.*)

.rel.ctors
 *(.rel.ctors)

.rela.ctors
 *(.rela.ctors)

.rel.dtors
 *(.rel.dtors)

.rela.dtors
 *(.rela.dtors)

.rel.got
 *(.rel.got)

.rela.got
 *(.rela.got)

.rel.plt
 *(.rel.plt)

.rela.plt
 *(.rela.plt)

.text           0x0000000000004000     0xb5da
                0x0000000000004000                . = ALIGN (0x2)
 *(.init .init.*)
 *(.init0)
 .init0         0x0000000000004000        0x0 /usr/lib/gcc/msp430/4.6.3/mmpy-16/libcrt0.a(_reset_vector__.o)
                0x0000000000004000                _reset_vector__
 *(.init1)
 .init1         0x0000000000004000        0xc /usr/lib/gcc/msp430/4.6.3/mmpy-16/libcrt0.a(__watchdog_support.o)
                0x0000000000004000                __watchdog_support
 *(.init2)
 .init2         0x000000000000400c        0x4 /usr/lib/gcc/msp430/4.6.3/mmpy-16/libcrt0.a(__init_stack.o)
                0x000000000000400c                __init_stack
 *(.init3)
 .init3         0x0000000000004010        0x0 /usr/lib/gcc/msp430/4.6.3/mmpy-16/libcrt0.a(__low_level_init.o)
                0x0000000000004010                __low_level_init
 *(.init4)
 .init4         0x0000000000004010       0x18 /usr/lib/gcc/msp430/4.6.3/mmpy-16/libcrt0.a(_copy_data.o)
                0x0000000000004010                __do_copy_data
 .init4         0x0000000000004028       0x16 /usr/lib/gcc/msp430/4.6.3/mmpy-16/libcrt0.a(_clear_bss.o)
                0x0000000000004028                __do_clear_bss
 *(.init5)
 *(.init6)
 *(.init7)
 *(.init8)
 *(.init9)
 .init9         0x000000000000403e      0x2d8 obj_sky/contiki-sky-main.o
                0x000000000000403e                main
 *(.fini9)
 .fini9         0x0000000000004316        0x0 /usr/lib/gcc/msp430/4.6.3/mmpy-16/libcrt0.a(__stop_progExec__.o)
                0x0000000000004316                __stop_progExec__
 *(.fini8)
 *(.fini7)
 *(.fini6)
 *(.fini5)
 *(.fini4)
 *(.fini3)
 *(.fini2)
 *(.fini1)
 *(.fini0)
 .fini0         0x0000000000004316        0x6 /usr/lib/gcc/msp430/4.6.3/mmpy-16/libcrt0.a(_endless_loop__.o)
                0x0000000000004316                _endless_loop__
 *(.fini .fini.*)
                0x000000000000431c                . = ALIGN (0x2)
                0x000000000000431c                __ctors_start = .
 *(.ctors)
                0x000000000000431c                __ctors_end = .
                0x000000000000431c                __dtors_start = .
 *(.dtors)
                0x000000000000431c                __dtors_end = .
                0x000000000000431c                . = ALIGN (0x2)
 *(.text .text.* .gnu.linkonce.t.*)
 .text          0x000000000000431c        0x4 /usr/lib/gcc/msp430/4.6.3/mmpy-16/crt0ivtbl16.o
                0x000000000000431c                __isr_14
                0x000000000000431c                __isr_11
                0x000000000000431c                __isr_2
                0x000000000000431c                __isr_7
                0x000000000000431c                __isr_0
                0x000000000000431c                __isr_8
                0x000000000000431c                __isr_3
                0x000000000000431c                __isr_12
                0x000000000000431c                __isr_13
                0x000000000000431c                __isr_9
 .text.process_thread_webserver_nogui_process
                0x0000000000004320       0x3c border-router.co
 .text.ipaddr_add
                0x000000000000435c       0xc4 border-router.co
 .text.generate_routes
                0x0000000000004420      0x298 border-router.co
 .text.httpd_simple_get_script
                0x00000000000046b8        0x6 border-router.co
                0x00000000000046b8                httpd_simple_get_script
 .text.request_prefix
                0x00000000000046be       0x1e border-router.co
                0x00000000000046be                request_prefix
 .text.process_thread_border_router_process
                0x00000000000046dc      0x118 border-router.co
 .text.set_prefix_64
                0x00000000000047f4       0x5e border-router.co
                0x00000000000047f4                set_prefix_64
 .text.init     0x0000000000004852       0x1e obj_sky/slip-bridge.o
 .text.slip_input_callback
                0x0000000000004870       0xe2 obj_sky/slip-bridge.o
 .text.output   0x0000000000004952       0x48 obj_sky/slip-bridge.o
 .text.putchar  0x000000000000499a       0x3c obj_sky/slip-bridge.o
                0x000000000000499a                putchar
 .text.handle_input
                0x00000000000049d6       0xf0 obj_sky/httpd-simple.o
 .text.send_headers
                0x0000000000004ac6       0x6a obj_sky/httpd-simple.o
 .text.handle_output
                0x0000000000004b30       0xf4 obj_sky/httpd-simple.o
 .text.httpd_appcall
                0x0000000000004c24       0xd0 obj_sky/httpd-simple.o
                0x0000000000004c24                httpd_appcall
 .text.httpd_init
                0x0000000000004cf4       0x12 obj_sky/httpd-simple.o
                0x0000000000004cf4                httpd_init
 .text.start_network_layer
                0x0000000000004d06       0xa2 obj_sky/contiki-sky-main.o
 .text.init_platform
                0x0000000000004da8        0xc contiki-sky.a(contiki-sky-pla)
                0x0000000000004da8                init_platform
 .text.status   0x0000000000004db4       0x16 contiki-sky.a(button-sensor.o)
 .text.configure
                0x0000000000004dca       0x52 contiki-sky.a(button-sensor.o)
 .text.value    0x0000000000004e1c       0x22 contiki-sky.a(button-sensor.o)
 .text.irq_p2   0x0000000000004e3e       0x8a contiki-sky.a(button-sensor.o)
                0x0000000000004e3e                irq_p2
                0x0000000000004e3e                __isr_1
 .text.owreadb  0x0000000000004ec8       0x52 contiki-sky.a(ds2411.o)
 .text.ds2411_init
                0x0000000000004f1a      0x122 contiki-sky.a(ds2411.o)
                0x0000000000004f1a                ds2411_init
 .text.wait_ready
                0x000000000000503c       0x50 contiki-sky.a(xmem.o)
 .text.xmem_init
                0x000000000000508c       0x3e contiki-sky.a(xmem.o)
                0x000000000000508c                xmem_init
 .text.xmem_pread
                0x00000000000050ca       0xea contiki-sky.a(xmem.o)
                0x00000000000050ca                xmem_pread
 .text.node_id_restore
                0x00000000000051b4       0x38 contiki-sky.a(node-id.o)
                0x00000000000051b4                node_id_restore
 .text.process_thread_sensors_process
                0x00000000000051ec       0xbe contiki-sky.a(sensors.o)
 .text.sensors_changed
                0x00000000000052aa       0x2a contiki-sky.a(sensors.o)
                0x00000000000052aa                sensors_changed
 .text.get_object
                0x00000000000052d4        0x4 contiki-sky.a(cc2420.o)
 .text.set_object
                0x00000000000052d8        0x4 contiki-sky.a(cc2420.o)
 .text.strobe   0x00000000000052dc       0x20 contiki-sky.a(cc2420.o)
 .text.getreg   0x00000000000052fc       0x54 contiki-sky.a(cc2420.o)
 .text.setreg   0x0000000000005350       0x52 contiki-sky.a(cc2420.o)
 .text.write_ram
                0x00000000000053a2       0x80 contiki-sky.a(cc2420.o)
 .text.write_fifo_buf
                0x0000000000005422       0x40 contiki-sky.a(cc2420.o)
 .text.get_status
                0x0000000000005462       0x24 contiki-sky.a(cc2420.o)
 .text.set_txpower
                0x0000000000005486       0x26 contiki-sky.a(cc2420.o)
 .text.cc2420_receiving_packet
                0x00000000000054ac        0xe contiki-sky.a(cc2420.o)
 .text.pending_packet
                0x00000000000054ba        0x8 contiki-sky.a(cc2420.o)
 .text.on       0x00000000000054c2       0x1e contiki-sky.a(cc2420.o)
 .text.wait_for_transmission
                0x00000000000054e0       0x22 contiki-sky.a(cc2420.o)
 .text.wait_for_status
                0x0000000000005502       0x2a contiki-sky.a(cc2420.o)
 .text.getrxdata
                0x000000000000552c       0x56 contiki-sky.a(cc2420.o)
 .text.flushrx  0x0000000000005582       0x1a contiki-sky.a(cc2420.o)
 .text.off      0x000000000000559c       0x5a contiki-sky.a(cc2420.o)
 .text.RELEASE_LOCK
                0x00000000000055f6       0x28 contiki-sky.a(cc2420.o)
 .text.set_key  0x000000000000561e       0x18 contiki-sky.a(cc2420.o)
 .text.cc2420_prepare
                0x0000000000005636       0x3c contiki-sky.a(cc2420.o)
 .text.cc2420_on
                0x0000000000005672       0x22 contiki-sky.a(cc2420.o)
                0x0000000000005672                cc2420_on
 .text.cc2420_off
                0x0000000000005694       0x30 contiki-sky.a(cc2420.o)
                0x0000000000005694                cc2420_off
 .text.cc2420_cca
                0x00000000000056c4       0x5e contiki-sky.a(cc2420.o)
 .text.cc2420_read
                0x0000000000005722       0xb0 contiki-sky.a(cc2420.o)
 .text.process_thread_cc2420_process
                0x00000000000057d2       0x50 contiki-sky.a(cc2420.o)
 .text.encrypt  0x0000000000005822       0x8e contiki-sky.a(cc2420.o)
 .text.cc2420_set_channel
                0x00000000000058b0       0x3c contiki-sky.a(cc2420.o)
                0x00000000000058b0                cc2420_set_channel
 .text.cc2420_set_pan_addr
                0x00000000000058ec       0x4c contiki-sky.a(cc2420.o)
                0x00000000000058ec                cc2420_set_pan_addr
 .text.cc2420_interrupt
                0x0000000000005938       0x18 contiki-sky.a(cc2420.o)
                0x0000000000005938                cc2420_interrupt
 .text.cc2420_set_txpower
                0x0000000000005950        0xe contiki-sky.a(cc2420.o)
                0x0000000000005950                cc2420_set_txpower
 .text.cc2420_get_txpower
                0x000000000000595e       0x1e contiki-sky.a(cc2420.o)
                0x000000000000595e                cc2420_get_txpower
 .text.cc2420_transmit
                0x000000000000597c      0x10e contiki-sky.a(cc2420.o)
 .text.cc2420_send
                0x0000000000005a8a       0x12 contiki-sky.a(cc2420.o)
 .text.cc2420_rssi
                0x0000000000005a9c       0x4c contiki-sky.a(cc2420.o)
                0x0000000000005a9c                cc2420_rssi
 .text.get_value
                0x0000000000005ae8       0xac contiki-sky.a(cc2420.o)
 .text.cc2420_set_cca_threshold
                0x0000000000005b94       0x16 contiki-sky.a(cc2420.o)
                0x0000000000005b94                cc2420_set_cca_threshold
 .text.set_value
                0x0000000000005baa       0x8a contiki-sky.a(cc2420.o)
 .text.cc2420_init
                0x0000000000005c34       0xde contiki-sky.a(cc2420.o)
                0x0000000000005c34                cc2420_init
 .text.cc2420_port1_interrupt
                0x0000000000005d12       0x62 contiki-sky.a(cc2420-arch.o)
                0x0000000000005d12                __isr_4
                0x0000000000005d12                cc2420_port1_interrupt
 .text.cc2420_arch_init
                0x0000000000005d74       0x1a contiki-sky.a(cc2420-arch.o)
                0x0000000000005d74                cc2420_arch_init
 .text.handle_rxdma_timer
                0x0000000000005d8e       0x3a contiki-sky.a(uart1.o)
 .text.uart1_active
                0x0000000000005dc8       0x1a contiki-sky.a(uart1.o)
                0x0000000000005dc8                uart1_active
 .text.uart1_set_input
                0x0000000000005de2       0x20 contiki-sky.a(uart1.o)
                0x0000000000005de2                uart1_set_input
 .text.uart1_writeb
                0x0000000000005e02       0x1a contiki-sky.a(uart1.o)
                0x0000000000005e02                uart1_writeb
 .text.uart1_init
                0x0000000000005e1c       0xf6 contiki-sky.a(uart1.o)
                0x0000000000005e1c                uart1_init
 .text.slip_arch_writeb
                0x0000000000005f12        0x6 contiki-sky.a(slip_uart1.o)
                0x0000000000005f12                slip_arch_writeb
 .text.slip_arch_init
                0x0000000000005f18        0xa contiki-sky.a(slip_uart1.o)
                0x0000000000005f18                slip_arch_init
 .text.rxbuf_init
                0x0000000000005f22       0x12 contiki-sky.a(slip.o)
 .text.process_thread_slip_process
                0x0000000000005f34      0x138 contiki-sky.a(slip.o)
 .text.slip_set_input_callback
                0x000000000000606c        0x6 contiki-sky.a(slip.o)
                0x000000000000606c                slip_set_input_callback
 .text.slip_send
                0x0000000000006072       0x5e contiki-sky.a(slip.o)
                0x0000000000006072                slip_send
 .text.slip_input_byte
                0x00000000000060d0       0xbe contiki-sky.a(slip.o)
                0x00000000000060d0                slip_input_byte
 .text.msp430_init_dco
                0x000000000000618e       0x84 contiki-sky.a(msp430.o)
                0x000000000000618e                msp430_init_dco
 .text.msp430_add_lpm_req
                0x0000000000006212        0xc contiki-sky.a(msp430.o)
                0x0000000000006212                msp430_add_lpm_req
 .text.msp430_cpu_init
                0x000000000000621e       0x2a contiki-sky.a(msp430.o)
                0x000000000000621e                msp430_cpu_init
 .text.splhigh_
                0x0000000000006248        0x8 contiki-sky.a(msp430.o)
                0x0000000000006248                splhigh_
 .text.msp430_sync_dco
                0x0000000000006250       0x68 contiki-sky.a(msp430.o)
                0x0000000000006250                msp430_sync_dco
 .text.timera1  0x00000000000062b8      0x11e contiki-sky.a(clock.o)
                0x00000000000062b8                __isr_5
                0x00000000000062b8                timera1
 .text.clock_time
                0x00000000000063d6       0x1a contiki-sky.a(clock.o)
                0x00000000000063d6                clock_time
 .text.clock_init
                0x00000000000063f0       0x28 contiki-sky.a(clock.o)
                0x00000000000063f0                clock_init
 .text.clock_delay
                0x0000000000006418        0xc contiki-sky.a(clock.o)
                0x0000000000006418                clock_delay
 .text.clock_seconds
                0x0000000000006424       0x1a contiki-sky.a(clock.o)
                0x0000000000006424                clock_seconds
 .text.show_leds
                0x000000000000643e       0xf6 contiki-sky.a(leds.o)
 .text.leds_init
                0x0000000000006534        0xa contiki-sky.a(leds.o)
                0x0000000000006534                leds_init
 .text.leds_on  0x000000000000653e        0xa contiki-sky.a(leds.o)
                0x000000000000653e                leds_on
 .text.leds_off
                0x0000000000006548        0xe contiki-sky.a(leds.o)
                0x0000000000006548                leds_off
 .text.leds_arch_init
                0x0000000000006556        0xe contiki-sky.a(leds-arch.o)
                0x0000000000006556                leds_arch_init
 .text.leds_arch_set
                0x0000000000006564       0x3a contiki-sky.a(leds-arch.o)
                0x0000000000006564                leds_arch_set
 .text.watchdog_interrupt
                0x000000000000659e        0x6 contiki-sky.a(watchdog.o)
                0x000000000000659e                __isr_10
                0x000000000000659e                watchdog_interrupt
 .text.watchdog_start
                0x00000000000065a4       0x14 contiki-sky.a(watchdog.o)
                0x00000000000065a4                watchdog_start
 .text.watchdog_periodic
                0x00000000000065b8       0x12 contiki-sky.a(watchdog.o)
                0x00000000000065b8                watchdog_periodic
 .text.watchdog_stop
                0x00000000000065ca       0x16 contiki-sky.a(watchdog.o)
                0x00000000000065ca                watchdog_stop
 .text.watchdog_init
                0x00000000000065e0       0x14 contiki-sky.a(watchdog.o)
                0x00000000000065e0                watchdog_init
 .text.rtimer_arch_init
                0x00000000000065f4        0xe contiki-sky.a(rtimer-arch.o)
                0x00000000000065f4                rtimer_arch_init
 .text.rtimer_arch_now
                0x0000000000006602        0xe contiki-sky.a(rtimer-arch.o)
                0x0000000000006602                rtimer_arch_now
 .text.timera0  0x0000000000006610       0x70 contiki-sky.a(rtimer-arch.o)
                0x0000000000006610                __isr_6
                0x0000000000006610                timera0
 .text.rtimer_arch_schedule
                0x0000000000006680        0x6 contiki-sky.a(rtimer-arch.o)
                0x0000000000006680                rtimer_arch_schedule
 .text.autostart_start
                0x0000000000006686       0x16 contiki-sky.a(autostart.o)
                0x0000000000006686                autostart_start
 .text.process_thread_ctimer_process
                0x000000000000669c       0xa4 contiki-sky.a(ctimer.o)
 .text.ctimer_init
                0x0000000000006740       0x18 contiki-sky.a(ctimer.o)
                0x0000000000006740                ctimer_init
 .text.ctimer_set
                0x0000000000006758       0x50 contiki-sky.a(ctimer.o)
                0x0000000000006758                ctimer_set
 .text.ctimer_reset
                0x00000000000067a8       0x30 contiki-sky.a(ctimer.o)
                0x00000000000067a8                ctimer_reset
 .text.ctimer_stop
                0x00000000000067d8       0x28 contiki-sky.a(ctimer.o)
                0x00000000000067d8                ctimer_stop
 .text.energest_init
                0x0000000000006800       0x28 contiki-sky.a(energest.o)
                0x0000000000006800                energest_init
 .text.energest_type_time
                0x0000000000006828       0x46 contiki-sky.a(energest.o)
                0x0000000000006828                energest_type_time
 .text.energest_type_set
                0x000000000000686e        0xe contiki-sky.a(energest.o)
                0x000000000000686e                energest_type_set
 .text.energest_flush
                0x000000000000687c       0x48 contiki-sky.a(energest.o)
                0x000000000000687c                energest_flush
 .text.update_time
                0x00000000000068c4       0x78 contiki-sky.a(etimer.o)
 .text.etimer_request_poll
                0x000000000000693c        0xa contiki-sky.a(etimer.o)
                0x000000000000693c                etimer_request_poll
 .text.process_thread_etimer_process
                0x0000000000006946       0xc8 contiki-sky.a(etimer.o)
 .text.add_timer
                0x0000000000006a0e       0x40 contiki-sky.a(etimer.o)
 .text.etimer_set
                0x0000000000006a4e       0x12 contiki-sky.a(etimer.o)
                0x0000000000006a4e                etimer_set
 .text.etimer_reset
                0x0000000000006a60       0x12 contiki-sky.a(etimer.o)
                0x0000000000006a60                etimer_reset
 .text.etimer_restart
                0x0000000000006a72       0x12 contiki-sky.a(etimer.o)
                0x0000000000006a72                etimer_restart
 .text.etimer_expired
                0x0000000000006a84        0xe contiki-sky.a(etimer.o)
                0x0000000000006a84                etimer_expired
 .text.etimer_expiration_time
                0x0000000000006a92       0x14 contiki-sky.a(etimer.o)
                0x0000000000006a92                etimer_expiration_time
 .text.etimer_pending
                0x0000000000006aa6        0xc contiki-sky.a(etimer.o)
                0x0000000000006aa6                etimer_pending
 .text.etimer_next_expiration_time
                0x0000000000006ab2       0x16 contiki-sky.a(etimer.o)
                0x0000000000006ab2                etimer_next_expiration_time
 .text.etimer_stop
                0x0000000000006ac8       0x3c contiki-sky.a(etimer.o)
                0x0000000000006ac8                etimer_stop
 .text.call_process
                0x0000000000006b04       0x4a contiki-sky.a(process.o)
 .text.exit_process
                0x0000000000006b4e       0x96 contiki-sky.a(process.o)
 .text.do_poll  0x0000000000006be4       0x30 contiki-sky.a(process.o)
 .text.process_alloc_event
                0x0000000000006c14        0xe contiki-sky.a(process.o)
                0x0000000000006c14                process_alloc_event
 .text.process_init
                0x0000000000006c22       0x1c contiki-sky.a(process.o)
                0x0000000000006c22                process_init
 .text.process_run
                0x0000000000006c3e       0xa2 contiki-sky.a(process.o)
                0x0000000000006c3e                process_run
 .text.process_nevents
                0x0000000000006ce0        0xe contiki-sky.a(process.o)
                0x0000000000006ce0                process_nevents
 .text.process_post
                0x0000000000006cee       0x54 contiki-sky.a(process.o)
                0x0000000000006cee                process_post
 .text.process_post_synch
                0x0000000000006d42       0x12 contiki-sky.a(process.o)
                0x0000000000006d42                process_post_synch
 .text.process_start
                0x0000000000006d54       0x32 contiki-sky.a(process.o)
                0x0000000000006d54                process_start
 .text.process_poll
                0x0000000000006d86       0x18 contiki-sky.a(process.o)
                0x0000000000006d86                process_poll
 .text.rtimer_init
                0x0000000000006d9e        0x6 contiki-sky.a(rtimer.o)
                0x0000000000006d9e                rtimer_init
 .text.rtimer_set
                0x0000000000006da4       0x24 contiki-sky.a(rtimer.o)
                0x0000000000006da4                rtimer_set
 .text.rtimer_run_next
                0x0000000000006dc8       0x26 contiki-sky.a(rtimer.o)
                0x0000000000006dc8                rtimer_run_next
 .text.timer_set
                0x0000000000006dee       0x1c contiki-sky.a(timer.o)
                0x0000000000006dee                timer_set
 .text.timer_reset
                0x0000000000006e0a        0xe contiki-sky.a(timer.o)
                0x0000000000006e0a                timer_reset
 .text.timer_restart
                0x0000000000006e18       0x14 contiki-sky.a(timer.o)
                0x0000000000006e18                timer_restart
 .text.timer_expired
                0x0000000000006e2c       0x2a contiki-sky.a(timer.o)
                0x0000000000006e2c                timer_expired
 .text.list_init
                0x0000000000006e56        0x6 contiki-sky.a(list.o)
                0x0000000000006e56                list_init
 .text.list_head
                0x0000000000006e5c        0x4 contiki-sky.a(list.o)
                0x0000000000006e5c                list_head
 .text.list_tail
                0x0000000000006e60       0x12 contiki-sky.a(list.o)
                0x0000000000006e60                list_tail
 .text.list_remove
                0x0000000000006e72       0x34 contiki-sky.a(list.o)
                0x0000000000006e72                list_remove
 .text.list_push
                0x0000000000006ea6       0x1a contiki-sky.a(list.o)
                0x0000000000006ea6                list_push
 .text.list_add
                0x0000000000006ec0       0x2a contiki-sky.a(list.o)
                0x0000000000006ec0                list_add
 .text.list_length
                0x0000000000006eea       0x10 contiki-sky.a(list.o)
                0x0000000000006eea                list_length
 .text.list_item_next
                0x0000000000006efa        0xc contiki-sky.a(list.o)
                0x0000000000006efa                list_item_next
 .text.memb_init
                0x0000000000006f06       0x36 contiki-sky.a(memb.o)
                0x0000000000006f06                memb_init
 .text.memb_alloc
                0x0000000000006f3c       0x3e contiki-sky.a(memb.o)
                0x0000000000006f3c                memb_alloc
 .text.memb_free
                0x0000000000006f7a       0x3a contiki-sky.a(memb.o)
                0x0000000000006f7a                memb_free
 .text.memb_inmemb
                0x0000000000006fb4       0x2e contiki-sky.a(memb.o)
                0x0000000000006fb4                memb_inmemb
 .text.memb_numfree
                0x0000000000006fe2       0x26 contiki-sky.a(memb.o)
                0x0000000000006fe2                memb_numfree
 .text.random_init
                0x0000000000007008        0x6 contiki-sky.a(random.o)
                0x0000000000007008                random_init
 .text.random_rand
                0x000000000000700e        0x6 contiki-sky.a(random.o)
                0x000000000000700e                random_rand
 .text.uip_ds6_list_loop
                0x0000000000007014       0x86 contiki-sky.a(uip-ds6.o)
                0x0000000000007014                uip_ds6_list_loop
 .text.uip_ds6_prefix_add
                0x000000000000709a       0x80 contiki-sky.a(uip-ds6.o)
                0x000000000000709a                uip_ds6_prefix_add
 .text.uip_ds6_is_addr_onlink
                0x000000000000711a       0x54 contiki-sky.a(uip-ds6.o)
                0x000000000000711a                uip_ds6_is_addr_onlink
 .text.uip_ds6_addr_lookup
                0x000000000000716e       0x2a contiki-sky.a(uip-ds6.o)
                0x000000000000716e                uip_ds6_addr_lookup
 .text.uip_ds6_get_link_local
                0x0000000000007198       0x3e contiki-sky.a(uip-ds6.o)
                0x0000000000007198                uip_ds6_get_link_local
 .text.uip_ds6_maddr_add
                0x00000000000071d6       0x4c contiki-sky.a(uip-ds6.o)
                0x00000000000071d6                uip_ds6_maddr_add
 .text.uip_ds6_addr_add
                0x0000000000007222       0xc4 contiki-sky.a(uip-ds6.o)
                0x0000000000007222                uip_ds6_addr_add
 .text.uip_ds6_maddr_lookup
                0x00000000000072e6       0x2a contiki-sky.a(uip-ds6.o)
                0x00000000000072e6                uip_ds6_maddr_lookup
 .text.uip_ds6_addr_rm
                0x0000000000007310       0x54 contiki-sky.a(uip-ds6.o)
                0x0000000000007310                uip_ds6_addr_rm
 .text.uip_ds6_periodic
                0x0000000000007364       0x4a contiki-sky.a(uip-ds6.o)
                0x0000000000007364                uip_ds6_periodic
 .text.uip_ds6_set_addr_iid
                0x00000000000073ae       0x14 contiki-sky.a(uip-ds6.o)
                0x00000000000073ae                uip_ds6_set_addr_iid
 .text.get_match_length
                0x00000000000073c2       0x3e contiki-sky.a(uip-ds6.o)
                0x00000000000073c2                get_match_length
 .text.uip_ds6_select_src
                0x0000000000007400       0xaa contiki-sky.a(uip-ds6.o)
                0x0000000000007400                uip_ds6_select_src
 .text.uip_ds6_compute_reachable_time
                0x00000000000074aa       0x3e contiki-sky.a(uip-ds6.o)
                0x00000000000074aa                uip_ds6_compute_reachable_time
 .text.uip_ds6_init
                0x00000000000074e8      0x154 contiki-sky.a(uip-ds6.o)
                0x00000000000074e8                uip_ds6_init
 .text.call_route_callback
                0x000000000000763c       0x4c contiki-sky.a(uip-ds6-route.o)
 .text.uip_ds6_route_init
                0x0000000000007688       0x36 contiki-sky.a(uip-ds6-route.o)
                0x0000000000007688                uip_ds6_route_init
 .text.uip_ds6_route_nexthop
                0x00000000000076be       0x1a contiki-sky.a(uip-ds6-route.o)
                0x00000000000076be                uip_ds6_route_nexthop
 .text.uip_ds6_route_head
                0x00000000000076d8        0xa contiki-sky.a(uip-ds6-route.o)
                0x00000000000076d8                uip_ds6_route_head
 .text.uip_ds6_route_next
                0x00000000000076e2        0xe contiki-sky.a(uip-ds6-route.o)
                0x00000000000076e2                uip_ds6_route_next
 .text.uip_ds6_route_lookup
                0x00000000000076f0       0x8c contiki-sky.a(uip-ds6-route.o)
                0x00000000000076f0                uip_ds6_route_lookup
 .text.uip_ds6_route_rm
                0x000000000000777c       0xa4 contiki-sky.a(uip-ds6-route.o)
                0x000000000000777c                uip_ds6_route_rm
 .text.rm_routelist
                0x0000000000007820       0x34 contiki-sky.a(uip-ds6-route.o)
 .text.rm_routelist_callback
                0x0000000000007854        0x6 contiki-sky.a(uip-ds6-route.o)
 .text.uip_ds6_route_add
                0x000000000000785a      0x10c contiki-sky.a(uip-ds6-route.o)
                0x000000000000785a                uip_ds6_route_add
 .text.uip_ds6_defrt_rm
                0x0000000000007966       0x48 contiki-sky.a(uip-ds6-route.o)
                0x0000000000007966                uip_ds6_defrt_rm
 .text.uip_ds6_defrt_lookup
                0x00000000000079ae       0x36 contiki-sky.a(uip-ds6-route.o)
                0x00000000000079ae                uip_ds6_defrt_lookup
 .text.uip_ds6_defrt_add
                0x00000000000079e4       0x74 contiki-sky.a(uip-ds6-route.o)
                0x00000000000079e4                uip_ds6_defrt_add
 .text.uip_ds6_defrt_choose
                0x0000000000007a58       0x3a contiki-sky.a(uip-ds6-route.o)
                0x0000000000007a58                uip_ds6_defrt_choose
 .text.uip_ds6_defrt_periodic
                0x0000000000007a92       0x38 contiki-sky.a(uip-ds6-route.o)
                0x0000000000007a92                uip_ds6_defrt_periodic
 .text.chksum   0x0000000000007aca       0x32 contiki-sky.a(uip6.o)
 .text.upper_layer_chksum
                0x0000000000007afc       0x56 contiki-sky.a(uip6.o)
 .text.ext_hdr_options_process
                0x0000000000007b52       0xda contiki-sky.a(uip6.o)
 .text.uip_add32
                0x0000000000007c2c       0x68 contiki-sky.a(uip6.o)
                0x0000000000007c2c                uip_add32
 .text.unlikely.uip_add_rcv_nxt
                0x0000000000007c94       0x2e contiki-sky.a(uip6.o)
 .text.uip_icmp6chksum
                0x0000000000007cc2        0xa contiki-sky.a(uip6.o)
                0x0000000000007cc2                uip_icmp6chksum
 .text.uip_tcpchksum
                0x0000000000007ccc        0xa contiki-sky.a(uip6.o)
                0x0000000000007ccc                uip_tcpchksum
 .text.uip_udpchksum
                0x0000000000007cd6        0xa contiki-sky.a(uip6.o)
                0x0000000000007cd6                uip_udpchksum
 .text.uip_init
                0x0000000000007ce0       0x7a contiki-sky.a(uip6.o)
                0x0000000000007ce0                uip_init
 .text.remove_ext_hdr
                0x0000000000007d5a       0x5a contiki-sky.a(uip6.o)
                0x0000000000007d5a                remove_ext_hdr
 .text.uip_unlisten
                0x0000000000007db4       0x2a contiki-sky.a(uip6.o)
                0x0000000000007db4                uip_unlisten
 .text.uip_listen
                0x0000000000007dde       0x2c contiki-sky.a(uip6.o)
                0x0000000000007dde                uip_listen
 .text.uip_process
                0x0000000000007e0a      0xe9e contiki-sky.a(uip6.o)
                0x0000000000007e0a                uip_process
 .text.uip_htonl
                0x0000000000008ca8       0x2e contiki-sky.a(uip6.o)
                0x0000000000008ca8                uip_htonl
 .text.uip_send
                0x0000000000008cd6       0x74 contiki-sky.a(uip6.o)
                0x0000000000008cd6                uip_send
 .text.uip_ds6_nbr_rm
                0x0000000000008d4a       0x1a contiki-sky.a(uip-ds6-nbr.o)
                0x0000000000008d4a                uip_ds6_nbr_rm
 .text.uip_ds6_neighbors_init
                0x0000000000008d64        0xe contiki-sky.a(uip-ds6-nbr.o)
                0x0000000000008d64                uip_ds6_neighbors_init
 .text.uip_ds6_nbr_add
                0x0000000000008d72       0x60 contiki-sky.a(uip-ds6-nbr.o)
                0x0000000000008d72                uip_ds6_nbr_add
 .text.uip_ds6_nbr_get_ll
                0x0000000000008dd2        0xc contiki-sky.a(uip-ds6-nbr.o)
                0x0000000000008dd2                uip_ds6_nbr_get_ll
 .text.uip_ds6_nbr_lookup
                0x0000000000008dde       0x42 contiki-sky.a(uip-ds6-nbr.o)
                0x0000000000008dde                uip_ds6_nbr_lookup
 .text.uip_ds6_nbr_ll_lookup
                0x0000000000008e20        0xc contiki-sky.a(uip-ds6-nbr.o)
                0x0000000000008e20                uip_ds6_nbr_ll_lookup
 .text.uip_ds6_nbr_ipaddr_from_lladdr
                0x0000000000008e2c        0x6 contiki-sky.a(uip-ds6-nbr.o)
                0x0000000000008e2c                uip_ds6_nbr_ipaddr_from_lladdr
 .text.uip_ds6_nbr_lladdr_from_ipaddr
                0x0000000000008e32       0x12 contiki-sky.a(uip-ds6-nbr.o)
                0x0000000000008e32                uip_ds6_nbr_lladdr_from_ipaddr
 .text.uip_ds6_link_neighbor_callback
                0x0000000000008e44       0x2a contiki-sky.a(uip-ds6-nbr.o)
                0x0000000000008e44                uip_ds6_link_neighbor_callback
 .text.uip_ds6_neighbor_periodic
                0x0000000000008e6e       0x60 contiki-sky.a(uip-ds6-nbr.o)
                0x0000000000008e6e                uip_ds6_neighbor_periodic
 .text.uip_nd6_init
                0x0000000000008ece        0x2 contiki-sky.a(uip-nd6.o)
                0x0000000000008ece                uip_nd6_init
 .text.set_packet_attrs
                0x0000000000008ed0       0x44 contiki-sky.a(sicslowpan.o)
 .text.addr_context_lookup_by_number
                0x0000000000008f14       0x36 contiki-sky.a(sicslowpan.o)
 .text.compress_addr_64
                0x0000000000008f4a       0xae contiki-sky.a(sicslowpan.o)
 .text.uncompress_addr
                0x0000000000008ff8       0xb4 contiki-sky.a(sicslowpan.o)
 .text.input    0x00000000000090ac      0x65c contiki-sky.a(sicslowpan.o)
 .text.sicslowpan_init
                0x0000000000009708       0x26 contiki-sky.a(sicslowpan.o)
                0x0000000000009708                sicslowpan_init
 .text.addr_context_lookup_by_prefix
                0x000000000000972e       0x4c contiki-sky.a(sicslowpan.o)
 .text.send_packet
                0x000000000000977a       0x1a contiki-sky.a(sicslowpan.o)
 .text.output   0x0000000000009794      0x6da contiki-sky.a(sicslowpan.o)
 .text.packet_sent
                0x0000000000009e6e       0x22 contiki-sky.a(sicslowpan.o)
 .text.uip_debug_ipaddr_print
                0x0000000000009e90       0x7c contiki-sky.a(uip-debug.o)
                0x0000000000009e90                uip_debug_ipaddr_print
 .text.psock_send
                0x0000000000009f0c       0xaa contiki-sky.a(psock.o)
                0x0000000000009f0c                psock_send
 .text.psock_datalen
                0x0000000000009fb6        0xc contiki-sky.a(psock.o)
                0x0000000000009fb6                psock_datalen
 .text.psock_newdata
                0x0000000000009fc2       0x26 contiki-sky.a(psock.o)
                0x0000000000009fc2                psock_newdata
 .text.psock_readto
                0x0000000000009fe8       0xa6 contiki-sky.a(psock.o)
                0x0000000000009fe8                psock_readto
 .text.psock_init
                0x000000000000a08e       0x22 contiki-sky.a(psock.o)
                0x000000000000a08e                psock_init
 .text.start_periodic_tcp_timer
                0x000000000000a0b0       0x16 contiki-sky.a(tcpip.o)
 .text.tcpip_output
                0x000000000000a0c6       0x10 contiki-sky.a(tcpip.o)
                0x000000000000a0c6                tcpip_output
 .text.tcpip_set_outputfunc
                0x000000000000a0d6        0x6 contiki-sky.a(tcpip.o)
                0x000000000000a0d6                tcpip_set_outputfunc
 .text.tcp_listen
                0x000000000000a0dc       0x34 contiki-sky.a(tcpip.o)
                0x000000000000a0dc                tcp_listen
 .text.tcp_attach
                0x000000000000a110        0xc contiki-sky.a(tcpip.o)
                0x000000000000a110                tcp_attach
 .text.tcpip_input
                0x000000000000a11c       0x16 contiki-sky.a(tcpip.o)
                0x000000000000a11c                tcpip_input
 .text.tcpip_ipv6_output
                0x000000000000a132       0xe4 contiki-sky.a(tcpip.o)
                0x000000000000a132                tcpip_ipv6_output
 .text.process_thread_tcpip_process
                0x000000000000a216      0x1d4 contiki-sky.a(tcpip.o)
 .text.tcpip_uipcall
                0x000000000000a3ea       0x72 contiki-sky.a(tcpip.o)
                0x000000000000a3ea                tcpip_uipcall
 .text.lollipop_greater_than
                0x000000000000a45c       0x44 contiki-sky.a(rpl-dag.o)
 .text.acceptable_rank
                0x000000000000a4a0       0x50 contiki-sky.a(rpl-dag.o)
 .text.find_parent_any_dag_any_instance
                0x000000000000a4f0       0x14 contiki-sky.a(rpl-dag.o)
 .text.rpl_set_preferred_parent
                0x000000000000a504       0x30 contiki-sky.a(rpl-dag.o)
 .text.set_ip_from_prefix
                0x000000000000a534       0x38 contiki-sky.a(rpl-dag.o)
 .text.check_prefix
                0x000000000000a56c       0x80 contiki-sky.a(rpl-dag.o)
 .text.rpl_get_nbr
                0x000000000000a5ec       0x1e contiki-sky.a(rpl-dag.o)
                0x000000000000a5ec                rpl_get_nbr
 .text.rpl_dag_init
                0x000000000000a60a        0xe contiki-sky.a(rpl-dag.o)
                0x000000000000a60a                rpl_dag_init
 .text.rpl_get_parent
                0x000000000000a618        0xc contiki-sky.a(rpl-dag.o)
                0x000000000000a618                rpl_get_parent
 .text.rpl_get_parent_ipaddr
                0x000000000000a624       0x10 contiki-sky.a(rpl-dag.o)
                0x000000000000a624                rpl_get_parent_ipaddr
 .text.rpl_set_prefix
                0x000000000000a634       0x8e contiki-sky.a(rpl-dag.o)
                0x000000000000a634                rpl_set_prefix
 .text.rpl_set_default_route
                0x000000000000a6c2       0x5a contiki-sky.a(rpl-dag.o)
                0x000000000000a6c2                rpl_set_default_route
 .text.rpl_alloc_instance
                0x000000000000a71c       0x34 contiki-sky.a(rpl-dag.o)
                0x000000000000a71c                rpl_alloc_instance
 .text.rpl_add_parent
                0x000000000000a750       0x56 contiki-sky.a(rpl-dag.o)
                0x000000000000a750                rpl_add_parent
 .text.rpl_find_parent
                0x000000000000a7a6       0x1a contiki-sky.a(rpl-dag.o)
                0x000000000000a7a6                rpl_find_parent
 .text.rpl_find_parent_any_dag
                0x000000000000a7c0       0x22 contiki-sky.a(rpl-dag.o)
                0x000000000000a7c0                rpl_find_parent_any_dag
 .text.rpl_select_parent
                0x000000000000a7e2       0x7e contiki-sky.a(rpl-dag.o)
                0x000000000000a7e2                rpl_select_parent
 .text.rpl_select_dag
                0x000000000000a860      0x182 contiki-sky.a(rpl-dag.o)
                0x000000000000a860                rpl_select_dag
 .text.rpl_nullify_parent
                0x000000000000a9e2       0x54 contiki-sky.a(rpl-dag.o)
                0x000000000000a9e2                rpl_nullify_parent
 .text.rpl_remove_parent
                0x000000000000aa36       0x16 contiki-sky.a(rpl-dag.o)
                0x000000000000aa36                rpl_remove_parent
 .text.nbr_callback
                0x000000000000aa4c        0x6 contiki-sky.a(rpl-dag.o)
 .text.remove_parents.constprop.2
                0x000000000000aa52       0x32 contiki-sky.a(rpl-dag.o)
 .text.rpl_free_dag
                0x000000000000aa84       0x36 contiki-sky.a(rpl-dag.o)
                0x000000000000aa84                rpl_free_dag
 .text.rpl_move_parent
                0x000000000000aaba       0x5a contiki-sky.a(rpl-dag.o)
                0x000000000000aaba                rpl_move_parent
 .text.rpl_get_any_dag
                0x000000000000ab14       0x18 contiki-sky.a(rpl-dag.o)
                0x000000000000ab14                rpl_get_any_dag
 .text.rpl_get_instance
                0x000000000000ab2c       0x1a contiki-sky.a(rpl-dag.o)
                0x000000000000ab2c                rpl_get_instance
 .text.rpl_alloc_dag
                0x000000000000ab46       0x60 contiki-sky.a(rpl-dag.o)
                0x000000000000ab46                rpl_alloc_dag
 .text.rpl_repair_root
                0x000000000000aba6       0x50 contiki-sky.a(rpl-dag.o)
                0x000000000000aba6                rpl_repair_root
 .text.rpl_set_root
                0x000000000000abf6      0x136 contiki-sky.a(rpl-dag.o)
                0x000000000000abf6                rpl_set_root
 .text.rpl_find_of
                0x000000000000ad2c       0x10 contiki-sky.a(rpl-dag.o)
                0x000000000000ad2c                rpl_find_of
 .text.rpl_join_instance
                0x000000000000ad3c      0x13c contiki-sky.a(rpl-dag.o)
                0x000000000000ad3c                rpl_join_instance
 .text.rpl_local_repair
                0x000000000000ae78       0x7c contiki-sky.a(rpl-dag.o)
                0x000000000000ae78                rpl_local_repair
 .text.rpl_process_parent_event
                0x000000000000aef4       0x4e contiki-sky.a(rpl-dag.o)
                0x000000000000aef4                rpl_process_parent_event
 .text.rpl_recalculate_ranks
                0x000000000000af42       0x48 contiki-sky.a(rpl-dag.o)
                0x000000000000af42                rpl_recalculate_ranks
 .text.rpl_add_dag
                0x000000000000af8a      0x112 contiki-sky.a(rpl-dag.o)
                0x000000000000af8a                rpl_add_dag
 .text.rpl_process_dio
                0x000000000000b09c      0x2e2 contiki-sky.a(rpl-dag.o)
                0x000000000000b09c                rpl_process_dio
 .text.rpl_lock_parent
                0x000000000000b37e        0xc contiki-sky.a(rpl-dag.o)
                0x000000000000b37e                rpl_lock_parent
 .text.new_dio_interval
                0x000000000000b38a       0x92 contiki-sky.a(rpl-timers.o)
 .text.handle_periodic_timer
                0x000000000000b41c       0x2e contiki-sky.a(rpl-timers.o)
 .text.set_dao_lifetime_timer
                0x000000000000b44a       0x52 contiki-sky.a(rpl-timers.o)
 .text.schedule_dao
                0x000000000000b49c       0x82 contiki-sky.a(rpl-timers.o)
 .text.handle_dio_timer
                0x000000000000b51e       0x88 contiki-sky.a(rpl-timers.o)
 .text.handle_dao_timer
                0x000000000000b5a6       0x64 contiki-sky.a(rpl-timers.o)
 .text.rpl_reset_periodic_timer
                0x000000000000b60a       0x60 contiki-sky.a(rpl-timers.o)
                0x000000000000b60a                rpl_reset_periodic_timer
 .text.rpl_reset_dio_timer
                0x000000000000b66a       0x18 contiki-sky.a(rpl-timers.o)
                0x000000000000b66a                rpl_reset_dio_timer
 .text.rpl_schedule_dao
                0x000000000000b682        0xc contiki-sky.a(rpl-timers.o)
                0x000000000000b682                rpl_schedule_dao
 .text.rpl_schedule_probing
                0x000000000000b68e       0x3c contiki-sky.a(rpl-timers.o)
                0x000000000000b68e                rpl_schedule_probing
 .text.handle_probing_timer
                0x000000000000b6ca      0x124 contiki-sky.a(rpl-timers.o)
 .text.rpl_verify_header
                0x000000000000b7ee       0xba contiki-sky.a(rpl-ext-header.)
                0x000000000000b7ee                rpl_verify_header
 .text.rpl_update_header_empty
                0x000000000000b8a8      0x126 contiki-sky.a(rpl-ext-header.)
                0x000000000000b8a8                rpl_update_header_empty
 .text.rpl_update_header_final
                0x000000000000b9ce       0x94 contiki-sky.a(rpl-ext-header.)
                0x000000000000b9ce                rpl_update_header_final
 .text.rpl_invert_header
                0x000000000000ba62       0x7a contiki-sky.a(rpl-ext-header.)
                0x000000000000ba62                rpl_invert_header
 .text.rpl_insert_header
                0x000000000000badc       0x12 contiki-sky.a(rpl-ext-header.)
                0x000000000000badc                rpl_insert_header
 .text.rpl_get_mode
                0x000000000000baee        0x6 contiki-sky.a(rpl.o)
                0x000000000000baee                rpl_get_mode
 .text.rpl_purge_routes
                0x000000000000baf4       0x96 contiki-sky.a(rpl.o)
                0x000000000000baf4                rpl_purge_routes
 .text.rpl_remove_routes
                0x000000000000bb8a       0x22 contiki-sky.a(rpl.o)
                0x000000000000bb8a                rpl_remove_routes
 .text.rpl_remove_routes_by_nexthop
                0x000000000000bbac       0x46 contiki-sky.a(rpl.o)
                0x000000000000bbac                rpl_remove_routes_by_nexthop
 .text.rpl_add_route
                0x000000000000bbf2       0x44 contiki-sky.a(rpl.o)
                0x000000000000bbf2                rpl_add_route
 .text.rpl_link_neighbor_callback
                0x000000000000bc36       0x7c contiki-sky.a(rpl.o)
                0x000000000000bc36                rpl_link_neighbor_callback
 .text.rpl_ipv6_neighbor_callback
                0x000000000000bcb2       0x1e contiki-sky.a(rpl.o)
                0x000000000000bcb2                rpl_ipv6_neighbor_callback
 .text.rpl_init
                0x000000000000bcd0       0x4a contiki-sky.a(rpl.o)
                0x000000000000bcd0                rpl_init
 .text.reset    0x000000000000bd1a        0x2 contiki-sky.a(rpl-mrhof.o)
 .text.update_metric_container
                0x000000000000bd1c        0x6 contiki-sky.a(rpl-mrhof.o)
 .text.calculate_rank
                0x000000000000bd22       0x3e contiki-sky.a(rpl-mrhof.o)
 .text.best_parent
                0x000000000000bd60       0x74 contiki-sky.a(rpl-mrhof.o)
 .text.neighbor_link_callback
                0x000000000000bdd4       0xa2 contiki-sky.a(rpl-mrhof.o)
 .text.best_dag
                0x000000000000be76       0x34 contiki-sky.a(rpl-mrhof.o)
 .text.parse    0x000000000000beaa       0xa0 contiki-sky.a(framer-802154.o)
 .text.create_frame.isra.0
                0x000000000000bf4a      0x108 contiki-sky.a(framer-802154.o)
 .text.create   0x000000000000c052        0x8 contiki-sky.a(framer-802154.o)
 .text.hdr_length
                0x000000000000c05a        0x8 contiki-sky.a(framer-802154.o)
 .text.field_len
                0x000000000000c062       0x98 contiki-sky.a(frame802154.o)
 .text.frame802154_hdrlen
                0x000000000000c0fa       0x2e contiki-sky.a(frame802154.o)
                0x000000000000c0fa                frame802154_hdrlen
 .text.frame802154_create
                0x000000000000c128      0x146 contiki-sky.a(frame802154.o)
                0x000000000000c128                frame802154_create
 .text.frame802154_parse
                0x000000000000c26e      0x1da contiki-sky.a(frame802154.o)
                0x000000000000c26e                frame802154_parse
 .text.input_packet
                0x000000000000c448        0x6 contiki-sky.a(csma.o)
 .text.on       0x000000000000c44e        0x6 contiki-sky.a(csma.o)
 .text.off      0x000000000000c454        0x6 contiki-sky.a(csma.o)
 .text.channel_check_interval
                0x000000000000c45a       0x10 contiki-sky.a(csma.o)
 .text.transmit_packet_list
                0x000000000000c46a       0x24 contiki-sky.a(csma.o)
 .text.send_packet
                0x000000000000c48e      0x17a contiki-sky.a(csma.o)
 .text.init     0x000000000000c608       0x1a contiki-sky.a(csma.o)
 .text.free_packet
                0x000000000000c622       0x9c contiki-sky.a(csma.o)
 .text.packet_sent
                0x000000000000c6be      0x130 contiki-sky.a(csma.o)
 .text.framer_canonical_create_and_secure
                0x000000000000c7ee       0x20 contiki-sky.a(framer.o)
                0x000000000000c7ee                framer_canonical_create_and_secure
 .text.queuebuf_init
                0x000000000000c80e       0x12 contiki-sky.a(queuebuf.o)
                0x000000000000c80e                queuebuf_init
 .text.queuebuf_numfree
                0x000000000000c820        0xa contiki-sky.a(queuebuf.o)
                0x000000000000c820                queuebuf_numfree
 .text.queuebuf_new_from_packetbuf
                0x000000000000c82a       0x52 contiki-sky.a(queuebuf.o)
                0x000000000000c82a                queuebuf_new_from_packetbuf
 .text.queuebuf_update_attr_from_packetbuf
                0x000000000000c87c       0x12 contiki-sky.a(queuebuf.o)
                0x000000000000c87c                queuebuf_update_attr_from_packetbuf
 .text.queuebuf_update_from_packetbuf
                0x000000000000c88e       0x22 contiki-sky.a(queuebuf.o)
                0x000000000000c88e                queuebuf_update_from_packetbuf
 .text.queuebuf_free
                0x000000000000c8b0       0x2a contiki-sky.a(queuebuf.o)
                0x000000000000c8b0                queuebuf_free
 .text.queuebuf_to_packetbuf
                0x000000000000c8da       0x32 contiki-sky.a(queuebuf.o)
                0x000000000000c8da                queuebuf_to_packetbuf
 .text.queuebuf_attr
                0x000000000000c90c        0xe contiki-sky.a(queuebuf.o)
                0x000000000000c90c                queuebuf_attr
 .text.index_from_key
                0x000000000000c91a       0x48 contiki-sky.a(nbr-table.o)
 .text.item_from_key
                0x000000000000c962       0x34 contiki-sky.a(nbr-table.o)
 .text.nbr_set_bit
                0x000000000000c996       0x8e contiki-sky.a(nbr-table.o)
 .text.index_from_lladdr
                0x000000000000ca24       0x42 contiki-sky.a(nbr-table.o)
 .text.nbr_get_bit.constprop.0
                0x000000000000ca66       0x62 contiki-sky.a(nbr-table.o)
 .text.nbr_table_register
                0x000000000000cac8       0x28 contiki-sky.a(nbr-table.o)
                0x000000000000cac8                nbr_table_register
 .text.nbr_table_next
                0x000000000000caf0       0x90 contiki-sky.a(nbr-table.o)
                0x000000000000caf0                nbr_table_next
 .text.nbr_table_head
                0x000000000000cb80       0x36 contiki-sky.a(nbr-table.o)
                0x000000000000cb80                nbr_table_head
 .text.nbr_table_add_lladdr
                0x000000000000cbb6      0x144 contiki-sky.a(nbr-table.o)
                0x000000000000cbb6                nbr_table_add_lladdr
 .text.nbr_table_get_from_lladdr
                0x000000000000ccfa       0x48 contiki-sky.a(nbr-table.o)
                0x000000000000ccfa                nbr_table_get_from_lladdr
 .text.nbr_table_remove
                0x000000000000cd42       0x32 contiki-sky.a(nbr-table.o)
                0x000000000000cd42                nbr_table_remove
 .text.nbr_table_lock
                0x000000000000cd74       0x10 contiki-sky.a(nbr-table.o)
                0x000000000000cd74                nbr_table_lock
 .text.nbr_table_unlock
                0x000000000000cd84       0x10 contiki-sky.a(nbr-table.o)
                0x000000000000cd84                nbr_table_unlock
 .text.nbr_table_get_lladdr
                0x000000000000cd94       0x5a contiki-sky.a(nbr-table.o)
                0x000000000000cd94                nbr_table_get_lladdr
 .text.packetbuf_compact
                0x000000000000cdee       0x2e contiki-sky.a(packetbuf.o)
                0x000000000000cdee                packetbuf_compact
 .text.packetbuf_copyto
                0x000000000000ce1c       0x52 contiki-sky.a(packetbuf.o)
                0x000000000000ce1c                packetbuf_copyto
 .text.packetbuf_hdrreduce
                0x000000000000ce6e       0x1a contiki-sky.a(packetbuf.o)
                0x000000000000ce6e                packetbuf_hdrreduce
 .text.packetbuf_set_datalen
                0x000000000000ce88        0x6 contiki-sky.a(packetbuf.o)
                0x000000000000ce88                packetbuf_set_datalen
 .text.packetbuf_dataptr
                0x000000000000ce8e        0xe contiki-sky.a(packetbuf.o)
                0x000000000000ce8e                packetbuf_dataptr
 .text.packetbuf_hdrptr
                0x000000000000ce9c        0xa contiki-sky.a(packetbuf.o)
                0x000000000000ce9c                packetbuf_hdrptr
 .text.packetbuf_datalen
                0x000000000000cea6        0x6 contiki-sky.a(packetbuf.o)
                0x000000000000cea6                packetbuf_datalen
 .text.packetbuf_hdrlen
                0x000000000000ceac       0x10 contiki-sky.a(packetbuf.o)
                0x000000000000ceac                packetbuf_hdrlen
 .text.packetbuf_totlen
                0x000000000000cebc        0xc contiki-sky.a(packetbuf.o)
                0x000000000000cebc                packetbuf_totlen
 .text.packetbuf_hdralloc
                0x000000000000cec8       0x2e contiki-sky.a(packetbuf.o)
                0x000000000000cec8                packetbuf_hdralloc
 .text.packetbuf_attr_clear
                0x000000000000cef6       0x28 contiki-sky.a(packetbuf.o)
                0x000000000000cef6                packetbuf_attr_clear
 .text.packetbuf_clear
                0x000000000000cf1e       0x1a contiki-sky.a(packetbuf.o)
                0x000000000000cf1e                packetbuf_clear
 .text.packetbuf_copyfrom
                0x000000000000cf38       0x2e contiki-sky.a(packetbuf.o)
                0x000000000000cf38                packetbuf_copyfrom
 .text.packetbuf_attr_copyto
                0x000000000000cf66       0x22 contiki-sky.a(packetbuf.o)
                0x000000000000cf66                packetbuf_attr_copyto
 .text.packetbuf_attr_copyfrom
                0x000000000000cf88       0x24 contiki-sky.a(packetbuf.o)
                0x000000000000cf88                packetbuf_attr_copyfrom
 .text.packetbuf_holds_broadcast
                0x000000000000cfac        0xe contiki-sky.a(packetbuf.o)
                0x000000000000cfac                packetbuf_holds_broadcast
 .text.linkaddr_copy
                0x000000000000cfba        0x8 contiki-sky.a(linkaddr.o)
                0x000000000000cfba                linkaddr_copy
 .text.linkaddr_cmp
                0x000000000000cfc2       0x12 contiki-sky.a(linkaddr.o)
                0x000000000000cfc2                linkaddr_cmp
 .text.linkaddr_set_node_addr
                0x000000000000cfd4        0xc contiki-sky.a(linkaddr.o)
                0x000000000000cfd4                linkaddr_set_node_addr
 .text.duty_cycle
                0x000000000000cfe0        0x6 contiki-sky.a(contikimac.o)
 .text.init     0x000000000000cfe6       0x2a contiki-sky.a(contikimac.o)
 .text.on       0x000000000000d010       0x1a contiki-sky.a(contikimac.o)
 .text.off      0x000000000000d02a       0x22 contiki-sky.a(contikimac.o)
 .text.recv_burst_off
                0x000000000000d04c        0xa contiki-sky.a(contikimac.o)
 .text.turn_off
                0x000000000000d056       0x20 contiki-sky.a(contikimac.o)
 .text.turn_on  0x000000000000d076       0x30 contiki-sky.a(contikimac.o)
 .text.schedule_powercycle_fixed.part.4
                0x000000000000d0a6       0x36 contiki-sky.a(contikimac.o)
 .text.powercycle_turn_radio_off
                0x000000000000d0dc       0x30 contiki-sky.a(contikimac.o)
 .text.powercycle
                0x000000000000d10c      0x1d2 contiki-sky.a(contikimac.o)
 .text.input_packet
                0x000000000000d2de       0xb2 contiki-sky.a(contikimac.o)
 .text.send_packet.isra.7
                0x000000000000d390      0x1ec contiki-sky.a(contikimac.o)
 .text.qsend_list
                0x000000000000d57c       0xc4 contiki-sky.a(contikimac.o)
 .text.qsend_packet
                0x000000000000d640       0x28 contiki-sky.a(contikimac.o)
 .text.bootstrap
                0x000000000000d668        0x4 contiki-sky.a(nullsec.o)
 .text.send     0x000000000000d66c        0xa contiki-sky.a(nullsec.o)
 .text.on_frame_created
                0x000000000000d676        0x4 contiki-sky.a(nullsec.o)
 .text.input    0x000000000000d67a        0x6 contiki-sky.a(nullsec.o)
 .text.get_overhead
                0x000000000000d680        0x4 contiki-sky.a(nullsec.o)
 .text.spi_init
                0x000000000000d684       0x32 contiki-sky.a(spi.o)
                0x000000000000d684                spi_init
 .text.stimer_set
                0x000000000000d6b6       0x1c contiki-sky.a(stimer.o)
                0x000000000000d6b6                stimer_set
 .text.stimer_expired
                0x000000000000d6d2       0x30 contiki-sky.a(stimer.o)
                0x000000000000d6d2                stimer_expired
 .text.compower_accumulate
                0x000000000000d702       0x72 contiki-sky.a(compower.o)
                0x000000000000d702                compower_accumulate
 .text.compower_clear
                0x000000000000d774       0x12 contiki-sky.a(compower.o)
                0x000000000000d774                compower_clear
 .text.compower_attrconv
                0x000000000000d786       0x10 contiki-sky.a(compower.o)
                0x000000000000d786                compower_attrconv
 .text.echo_reply_input
                0x000000000000d796      0x112 contiki-sky.a(uip-icmp6.o)
 .text.echo_request_input
                0x000000000000d8a8      0x12c contiki-sky.a(uip-icmp6.o)
 .text.uip_icmp6_input
                0x000000000000d9d4       0x44 contiki-sky.a(uip-icmp6.o)
                0x000000000000d9d4                uip_icmp6_input
 .text.uip_icmp6_register_input_handler
                0x000000000000da18        0xc contiki-sky.a(uip-icmp6.o)
                0x000000000000da18                uip_icmp6_register_input_handler
 .text.uip_icmp6_error_output
                0x000000000000da24      0x17a contiki-sky.a(uip-icmp6.o)
                0x000000000000da24                uip_icmp6_error_output
 .text.uip_icmp6_send
                0x000000000000db9e       0x96 contiki-sky.a(uip-icmp6.o)
                0x000000000000db9e                uip_icmp6_send
 .text.uip_icmp6_init
                0x000000000000dc34       0x12 contiki-sky.a(uip-icmp6.o)
                0x000000000000dc34                uip_icmp6_init
 .text.get32    0x000000000000dc46       0x46 contiki-sky.a(rpl-icmp6.o)
 .text.set32    0x000000000000dc8c       0x2a contiki-sky.a(rpl-icmp6.o)
 .text.get16    0x000000000000dcb6        0xe contiki-sky.a(rpl-icmp6.o)
 .text.set16    0x000000000000dcc4       0x10 contiki-sky.a(rpl-icmp6.o)
 .text.dao_ack_input
                0x000000000000dcd4        0x6 contiki-sky.a(rpl-icmp6.o)
 .text.dio_input
                0x000000000000dcda      0x2d2 contiki-sky.a(rpl-icmp6.o)
 .text.dis_output
                0x000000000000dfac       0x50 contiki-sky.a(rpl-icmp6.o)
                0x000000000000dfac                dis_output
 .text.dio_output
                0x000000000000dffc      0x268 contiki-sky.a(rpl-icmp6.o)
                0x000000000000dffc                dio_output
 .text.dis_input
                0x000000000000e264       0x28 contiki-sky.a(rpl-icmp6.o)
 .text.dao_output_target
                0x000000000000e28c       0xea contiki-sky.a(rpl-icmp6.o)
                0x000000000000e28c                dao_output_target
 .text.dao_output
                0x000000000000e376       0x80 contiki-sky.a(rpl-icmp6.o)
                0x000000000000e376                dao_output
 .text.dao_ack_output
                0x000000000000e3f6       0x32 contiki-sky.a(rpl-icmp6.o)
                0x000000000000e3f6                dao_ack_output
 .text.dao_input
                0x000000000000e428      0x2a8 contiki-sky.a(rpl-icmp6.o)
 .text.rpl_icmp6_register_handlers
                0x000000000000e6d0       0x22 contiki-sky.a(rpl-icmp6.o)
                0x000000000000e6d0                rpl_icmp6_register_handlers
 .text.mac_sequence_is_duplicate
                0x000000000000e6f2       0x44 contiki-sky.a(mac-sequence.o)
                0x000000000000e6f2                mac_sequence_is_duplicate
 .text.mac_sequence_register_seqno
                0x000000000000e736       0x76 contiki-sky.a(mac-sequence.o)
                0x000000000000e736                mac_sequence_register_seqno
 .text.mac_call_sent_callback
                0x000000000000e7ac       0x14 contiki-sky.a(mac.o)
                0x000000000000e7ac                mac_call_sent_callback
 .text.libgcc   0x000000000000e7c0       0x2c /usr/lib/gcc/msp430/4.6.3/mmpy-16/libgcc.a(_mulsi3.o)
                0x000000000000e7c0                __mulsi3
 .text.libgcc   0x000000000000e7ec       0x22 /usr/lib/gcc/msp430/4.6.3/mmpy-16/libgcc.a(_udivmod16.o)
                0x000000000000e7ec                __udivhi3
                0x000000000000e7ec                __ext_udivmod16
                0x000000000000e806                __umodhi3
 .text.libgcc   0x000000000000e80e       0x3a /usr/lib/gcc/msp430/4.6.3/mmpy-16/libgcc.a(_divmod16.o)
                0x000000000000e80e                __ext_divmod16
                0x000000000000e80e                __divhi3
                0x000000000000e840                __modhi3
 .text.libgcc   0x000000000000e848       0x40 /usr/lib/gcc/msp430/4.6.3/mmpy-16/libgcc.a(_udivmod32.o)
                0x000000000000e848                __udivsi3
                0x000000000000e848                __ext_udivmod32
                0x000000000000e87e                __umodsi3
 .text          0x000000000000e888       0x28 /usr/lib/gcc/msp430/4.6.3/../../../../msp430/lib/mmpy-16/libc.a(strncmp.o)
                0x000000000000e888                strncmp
 .text          0x000000000000e8b0       0x20 /usr/lib/gcc/msp430/4.6.3/../../../../msp430/lib/mmpy-16/libc.a(memcmp.o)
                0x000000000000e8b0                memcmp
 .text          0x000000000000e8d0       0x2a /usr/lib/gcc/msp430/4.6.3/../../../../msp430/lib/mmpy-16/libc.a(strncpy.o)
                0x000000000000e8d0                strncpy
 .text          0x000000000000e8fa       0xfa /usr/lib/gcc/msp430/4.6.3/../../../../msp430/lib/mmpy-16/libc.a(memcpy.o)
                0x000000000000e8fa                memcpy
 .text          0x000000000000e9f4       0xfa /usr/lib/gcc/msp430/4.6.3/../../../../msp430/lib/mmpy-16/libc.a(memmove.o)
                0x000000000000e9f4                memmove
 .text          0x000000000000eaee       0x6a /usr/lib/gcc/msp430/4.6.3/../../../../msp430/lib/mmpy-16/libc.a(memset.o)
                0x000000000000eaee                memset
 .text          0x000000000000eb58       0x1e /usr/lib/gcc/msp430/4.6.3/../../../../msp430/lib/mmpy-16/libc.a(printf.o)
                0x000000000000eb58                printf
                0x000000000000eb68                vprintf
 .text          0x000000000000eb76       0xbc /usr/lib/gcc/msp430/4.6.3/../../../../msp430/lib/mmpy-16/libc.a(sprintf.o)
                0x000000000000ebd4                sprintf
                0x000000000000ebf0                snprintf
                0x000000000000ec0a                vsprintf
                0x000000000000ec20                vsnprintf
 .text          0x000000000000ec32      0x836 /usr/lib/gcc/msp430/4.6.3/../../../../msp430/lib/mmpy-16/libc.a(vuprintf.o)
                0x000000000000edca                vuprintf
 .text          0x000000000000f468       0x2c /usr/lib/gcc/msp430/4.6.3/../../../../msp430/lib/mmpy-16/libc.a(puts.o)
                0x000000000000f468                puts
 .text          0x000000000000f494       0x54 /usr/lib/gcc/msp430/4.6.3/../../../../msp430/lib/mmpy-16/libc.a(rand.o)
                0x000000000000f494                rand_r
                0x000000000000f4b8                rand
                0x000000000000f4de                srand
 .text.libgcc   0x000000000000f4e8       0xf0 /usr/lib/gcc/msp430/4.6.3/mmpy-16/libgcc.a(_udivmod64.o)
                0x000000000000f4e8                __xabi_udivmod64
                0x000000000000f546                __udivdi3
                0x000000000000f56c                __umoddi3
                0x000000000000f59a                __udivmoddi4
 .text.crt0     0x000000000000f5d8        0x2 /usr/lib/gcc/msp430/4.6.3/mmpy-16/libcrt0.a(_unexpected_.o)
                0x000000000000f5d8                _unexpected_
                0x000000000000f5da                . = ALIGN (0x2)

.rodata         0x000000000000f5da      0x552
                0x000000000000f5da                . = ALIGN (0x2)
 *(.rodata .rodata.* .gnu.linkonce.r.*)
 .rodata        0x000000000000f5da       0xc8 border-router.co
                0x000000000000f67a                autostart_processes
 .rodata        0x000000000000f6a2       0xa6 obj_sky/slip-bridge.o
                0x000000000000f744                rpl_interface
 .rodata        0x000000000000f748      0x139 obj_sky/httpd-simple.o
                0x000000000000f7a1                http_index_html
                0x000000000000f7ad                http_get
                0x000000000000f7b2                http_header_404
                0x000000000000f80f                http_header_200
                0x000000000000f865                http_content_type_html
 .rodata        0x000000000000f881      0x124 obj_sky/contiki-sky-main.o
 *fill*         0x000000000000f9a5        0x1 00
 .rodata        0x000000000000f9a6       0x10 contiki-sky.a(button-sensor.o)
                0x000000000000f9ae                button_sensor
 .rodata        0x000000000000f9b6        0x8 contiki-sky.a(sensors.o)
 .rodata        0x000000000000f9be       0x5a contiki-sky.a(cc2420.o)
                0x000000000000f9da                cc2420_aes_128_driver
                0x000000000000f9de                cc2420_driver
 .rodata        0x000000000000fa18       0x21 contiki-sky.a(slip.o)
 .rodata        0x000000000000fa39        0xf contiki-sky.a(ctimer.o)
 .rodata        0x000000000000fa48        0xc contiki-sky.a(etimer.o)
 .rodata        0x000000000000fa54       0x20 contiki-sky.a(uip6.o)
 .rodata        0x000000000000fa74       0x24 contiki-sky.a(sicslowpan.o)
                0x000000000000fa80                sicslowpan_driver
                0x000000000000fa86                llprefix
                0x000000000000fa88                unc_mxconf
                0x000000000000fa8c                unc_ctxconf
                0x000000000000fa90                unc_llconf
 .rodata        0x000000000000fa98       0x29 contiki-sky.a(uip-debug.o)
 .rodata        0x000000000000fac1        0xd contiki-sky.a(tcpip.o)
 .rodata        0x000000000000face        0x8 contiki-sky.a(framer-802154.o)
                0x000000000000face                framer_802154
 .rodata        0x000000000000fad6        0x2 contiki-sky.a(frame802154.o)
 .rodata        0x000000000000fad8       0x14 contiki-sky.a(csma.o)
                0x000000000000fade                csma_driver
 .rodata        0x000000000000faec        0x8 contiki-sky.a(linkaddr.o)
                0x000000000000faec                linkaddr_null
 .rodata        0x000000000000faf4       0x1c contiki-sky.a(contikimac.o)
                0x000000000000fb00                contikimac_driver
 .rodata        0x000000000000fb10       0x14 contiki-sky.a(nullsec.o)
                0x000000000000fb18                nullsec_driver
 .rodata        0x000000000000fb24        0x7 /usr/lib/gcc/msp430/4.6.3/../../../../msp430/lib/mmpy-16/libc.a(vuprintf.o)
                0x000000000000fb2c                . = ALIGN (0x2)
 *fill*         0x000000000000fb2b        0x1 00
                0x000000000000fb2c                _etext = .

.data           0x0000000000001100       0xfa load address 0x000000000000fb2c
                0x0000000000001100                . = ALIGN (0x2)
                0x0000000000001100                PROVIDE (__data_start, .)
 *(.data .data.* .gnu.linkonce.d.*)
 .data          0x0000000000001100       0x14 border-router.co
                0x0000000000001100                webserver_nogui_process
                0x000000000000110a                border_router_process
 .data          0x0000000000001114        0x8 obj_sky/httpd-simple.o
 .data          0x000000000000111c        0x4 contiki-sky.a(contiki-sky-pla)
                0x000000000000111c                sensors
 .data          0x0000000000001120        0xa contiki-sky.a(sensors.o)
                0x0000000000001120                sensors_process
 .data          0x000000000000112a        0xa contiki-sky.a(cc2420.o)
                0x000000000000112a                cc2420_process
 .data          0x0000000000001134        0xa contiki-sky.a(slip.o)
                0x0000000000001134                slip_process
 .data          0x000000000000113e        0x2 contiki-sky.a(msp430.o)
 .data          0x0000000000001140        0xa contiki-sky.a(ctimer.o)
                0x0000000000001140                ctimer_process
 .data          0x000000000000114a        0xa contiki-sky.a(etimer.o)
                0x000000000000114a                etimer_process
 .data          0x0000000000001154       0x20 contiki-sky.a(uip-ds6-route.o)
 .data          0x0000000000001174        0xa contiki-sky.a(uip-ds6-nbr.o)
                0x0000000000001174                ds6_neighbors
 .data          0x000000000000117e        0xa contiki-sky.a(tcpip.o)
                0x000000000000117e                tcpip_process
 .data          0x0000000000001188        0xa contiki-sky.a(rpl-dag.o)
                0x0000000000001188                rpl_parents
 .data          0x0000000000001192        0xe contiki-sky.a(rpl-mrhof.o)
                0x0000000000001192                rpl_mrhof
 .data          0x00000000000011a0       0x18 contiki-sky.a(csma.o)
 .data          0x00000000000011b8       0x10 contiki-sky.a(queuebuf.o)
 .data          0x00000000000011c8        0x8 contiki-sky.a(nbr-table.o)
 .data          0x00000000000011d0        0xc contiki-sky.a(uip-icmp6.o)
 .data          0x00000000000011dc       0x1a contiki-sky.a(rpl-icmp6.o)
 .data          0x00000000000011f6        0x4 /usr/lib/gcc/msp430/4.6.3/../../../../msp430/lib/mmpy-16/libc.a(rand.o)
                0x00000000000011fa                . = ALIGN (0x2)
                0x00000000000011fa                _edata = .
                0x000000000000fb2c                PROVIDE (__data_load_start, LOADADDR (.data))
                0x00000000000000fa                PROVIDE (__data_size, SIZEOF (.data))

.bss            0x00000000000011fa     0x1c16 load address 0x000000000000fc26
                0x00000000000011fa                PROVIDE (__bss_start, .)
 *(.bss .bss.*)
 .bss           0x00000000000011fa      0x124 border-router.co
 .bss           0x000000000000131e       0x12 obj_sky/slip-bridge.o
 .bss           0x0000000000001330       0xae obj_sky/httpd-simple.o
 .bss           0x00000000000013de        0xc obj_sky/contiki-sky-main.o
 .bss           0x00000000000013ea        0x8 contiki-sky.a(button-sensor.o)
 .bss           0x00000000000013f2        0x2 contiki-sky.a(node-id.o)
                0x00000000000013f2                node_id
 .bss           0x00000000000013f4        0x6 contiki-sky.a(sensors.o)
 .bss           0x00000000000013fa        0x8 contiki-sky.a(cc2420.o)
 .bss           0x0000000000001402       0x9a contiki-sky.a(uart1.o)
 .bss           0x000000000000149c      0x10a contiki-sky.a(slip.o)
 .bss           0x00000000000015a6        0xa contiki-sky.a(clock.o)
 .bss           0x00000000000015b0        0x1 contiki-sky.a(leds.o)
 *fill*         0x00000000000015b1        0x1 00
 .bss           0x00000000000015b2        0x2 contiki-sky.a(watchdog.o)
 .bss           0x00000000000015b4        0x4 contiki-sky.a(ctimer.o)
 .bss           0x00000000000015b8        0x6 contiki-sky.a(etimer.o)
 .bss           0x00000000000015be       0x42 contiki-sky.a(process.o)
                0x00000000000015be                process_current
                0x00000000000015c0                process_list
 .bss           0x0000000000001600        0x2 contiki-sky.a(rtimer.o)
 .bss           0x0000000000001602       0x18 contiki-sky.a(uip-ds6.o)
 .bss           0x000000000000161a      0x362 contiki-sky.a(uip-ds6-route.o)
 .bss           0x000000000000197c       0x12 contiki-sky.a(uip6.o)
                0x000000000000197c                uip_ext_opt_offset
                0x000000000000197e                uip_ext_len
                0x0000000000001980                uip_ext_bitmap
 .bss           0x000000000000198e      0x2f8 contiki-sky.a(uip-ds6-nbr.o)
 .bss           0x0000000000001c86      0x124 contiki-sky.a(sicslowpan.o)
 .bss           0x0000000000001daa       0x36 contiki-sky.a(tcpip.o)
 .bss           0x0000000000001de0       0xf0 contiki-sky.a(rpl-dag.o)
 .bss           0x0000000000001ed0       0x18 contiki-sky.a(rpl-timers.o)
 .bss           0x0000000000001ee8        0x2 contiki-sky.a(rpl.o)
 .bss           0x0000000000001eea        0x2 contiki-sky.a(framer-802154.o)
 .bss           0x0000000000001eec       0xc4 contiki-sky.a(csma.o)
 .bss           0x0000000000001fb0      0x5a0 contiki-sky.a(queuebuf.o)
 .bss           0x0000000000002550      0x118 contiki-sky.a(nbr-table.o)
 .bss           0x0000000000002668       0xb8 contiki-sky.a(packetbuf.o)
 .bss           0x0000000000002720       0x32 contiki-sky.a(contikimac.o)
 .bss           0x0000000000002752        0x8 contiki-sky.a(compower.o)
 .bss           0x000000000000275a       0x14 contiki-sky.a(uip-icmp6.o)
 .bss           0x000000000000276e       0xa0 contiki-sky.a(mac-sequence.o)
 .bss           0x000000000000280e        0x4 /usr/lib/gcc/msp430/4.6.3/../../../../msp430/lib/mmpy-16/libc.a(sprintf.o)
 *(COMMON)
 COMMON         0x0000000000002812        0x2 contiki-sky.a(contiki-sky-pla)
                0x0000000000002812                sensors_flags
 COMMON         0x0000000000002814        0x8 contiki-sky.a(ds2411.o)
                0x0000000000002814                ds2411_id
 COMMON         0x000000000000281c        0x1 contiki-sky.a(sensors.o)
                0x000000000000281c                sensors_event
 *fill*         0x000000000000281d        0x1 00
 COMMON         0x000000000000281e       0x10 contiki-sky.a(cc2420.o)
                0x000000000000281e                cc2420_last_rssi
                0x0000000000002820                cc2420_sfd_start_time
                0x0000000000002822                cc2420_time_of_departure
                0x0000000000002824                cc2420_time_of_arrival
                0x0000000000002826                cc2420_last_correlation
                0x0000000000002828                cc2420_authority_level_of_sender
                0x000000000000282a                cc2420_sfd_counter
                0x000000000000282c                cc2420_sfd_end_time
 COMMON         0x000000000000282e        0x1 contiki-sky.a(slip.o)
                0x000000000000282e                slip_active
 *fill*         0x000000000000282f        0x1 00
 COMMON         0x0000000000002830        0x2 contiki-sky.a(msp430.o)
                0x0000000000002830                msp430_dco_required
 COMMON         0x0000000000002832       0x56 contiki-sky.a(energest.o)
                0x0000000000002832                energest_total_time
                0x0000000000002862                energest_total_count
                0x0000000000002864                energest_current_mode
                0x0000000000002870                energest_current_time
 COMMON         0x0000000000002888        0x1 contiki-sky.a(process.o)
                0x0000000000002888                process_maxevents
 *fill*         0x0000000000002889        0x1 00
 COMMON         0x000000000000288a      0x15c contiki-sky.a(uip-ds6.o)
                0x000000000000288a                uip_ds6_timer_ra
                0x0000000000002892                uip_ds6_if
                0x000000000000297e                uip_ds6_netif_addr_list_offset
                0x000000000000297f                uip_ds6_addr_size
                0x0000000000002980                uip_ds6_prefix_list
                0x00000000000029da                uip_ds6_timer_periodic
 COMMON         0x00000000000029e6      0x304 contiki-sky.a(uip6.o)
                0x00000000000029e6                uip_len
                0x00000000000029e8                uip_sappdata
                0x00000000000029ea                uip_acc32
                0x00000000000029ee                uip_lladdr
                0x00000000000029f6                uip_aligned_buf
                0x0000000000002ae6                uip_flags
                0x0000000000002ae8                uip_next_hdr
                0x0000000000002aea                uip_udp_conn
                0x0000000000002aec                uip_appdata
                0x0000000000002aee                uip_conn
                0x0000000000002af0                uip_conns
                0x0000000000002ba0                uip_listenports
                0x0000000000002bb0                uip_slen
                0x0000000000002bb2                uip_udp_conns
 COMMON         0x0000000000002cea        0x8 contiki-sky.a(sicslowpan.o)
                0x0000000000002cea                frag_sender
 COMMON         0x0000000000002cf2        0x1 contiki-sky.a(tcpip.o)
                0x0000000000002cf2                tcpip_event
 *fill*         0x0000000000002cf3        0x1 00
 COMMON         0x0000000000002cf4       0xde contiki-sky.a(rpl-dag.o)
                0x0000000000002cf4                default_instance
                0x0000000000002cf6                instance_table
 COMMON         0x0000000000002dd2       0x2e contiki-sky.a(packetbuf.o)
                0x0000000000002dd2                packetbuf_addrs
                0x0000000000002de2                packetbuf_attrs
 COMMON         0x0000000000002e00        0x8 contiki-sky.a(linkaddr.o)
                0x0000000000002e00                linkaddr_node_addr
 COMMON         0x0000000000002e08        0x8 contiki-sky.a(compower.o)
                0x0000000000002e08                compower_idle_activity
                0x0000000000002e10                . = ALIGN (0x2)
                0x0000000000002e10                PROVIDE (__bss_end, .)
                0x0000000000001c16                PROVIDE (__bss_size, SIZEOF (.bss))

.noinit         0x0000000000002e10        0x2 load address 0x000000000000fc26
                0x0000000000002e10                PROVIDE (__noinit_start, .)
 *(.noinit .noinit.*)
 .noinit.crt0   0x0000000000002e10        0x2 /usr/lib/gcc/msp430/4.6.3/mmpy-16/libcrt0.a(__watchdog_support.o)
                0x0000000000002e10                __wdt_clear_value
                0x0000000000002e12                . = ALIGN (0x2)
                0x0000000000002e12                PROVIDE (__noinit_end, .)
                0x0000000000002e12                . = ALIGN (0x2)
                0x0000000000002e12                _end = .

.infomem        0x0000000000001000        0x0
 *(.infomem)
                0x0000000000001000                . = ALIGN (0x2)
 *(.infomem.*)

.infomemnobits  0x0000000000001000        0x0
 *(.infomemnobits)
                0x0000000000001000                . = ALIGN (0x2)
 *(.infomemnobits.*)

.infoa
 *(.infoa .infoa.*)

.infob
 *(.infob .infob.*)

.infoc
 *(.infoc .infoc.*)

.infod
 *(.infod .infod.*)

.vectors        0x000000000000ffe0       0x20
                0x000000000000ffe0                PROVIDE (__vectors_start, .)
 *(.vectors*)
 .vectors       0x000000000000ffe0       0x20 /usr/lib/gcc/msp430/4.6.3/mmpy-16/crt0ivtbl16.o
                0x000000000000ffe0                __ivtbl_16
                0x0000000000010000                _vectors_end = .

.fartext        0x0000000000000000        0x0
                0x0000000000000000                . = ALIGN (0x2)
 *(.fartext)
                0x0000000000000000                . = ALIGN (0x2)
 *(.fartext.*)
                0x0000000000000000                _efartext = .

.profiler
 *(.profiler)

.stab           0x0000000000000000    0x2a9b4
 *(.stab)
 .stab          0x0000000000000000     0x1f5c border-router.co
 .stab          0x0000000000001f5c      0x87c obj_sky/slip-bridge.o
                                       0x1194 (size before relaxing)
 .stab          0x00000000000027d8      0xa98 obj_sky/httpd-simple.o
                                       0x1bb4 (size before relaxing)
 .stab          0x0000000000003270     0x10d4 obj_sky/contiki-sky-main.o
                                       0x1b0c (size before relaxing)
 .stab          0x0000000000004344      0x258 contiki-sky.a(contiki-sky-pla)
                                        0x5b8 (size before relaxing)
 .stab          0x000000000000459c      0x468 contiki-sky.a(button-sensor.o)
                                        0x7d4 (size before relaxing)
 .stab          0x0000000000004a04      0x624 contiki-sky.a(ds2411.o)
                                        0xb40 (size before relaxing)
 .stab          0x0000000000005028      0xbac contiki-sky.a(xmem.o)
                                        0xf60 (size before relaxing)